Nov  2 03:44:55 tim rsyslogd: [origin software="rsyslogd" swVersion="8.16.0" x-pid="848" x-info="http://www.rsyslog.com"] start
Nov  2 03:44:55 tim rsyslogd-2222: command 'KLogPermitNonKernelFacility' is currently not permitted - did you already set it via a RainerScript command (v6+ config)? [v8.16.0 try http://www.rsyslog.com/e/2222 ]
Nov  2 03:44:55 tim rsyslogd: rsyslogd's groupid changed to 108
Nov  2 03:44:55 tim rsyslogd: rsyslogd's userid changed to 104
Nov  2 03:44:55 tim rsyslogd-2039: Could not open output pipe '/dev/xconsole':: No such file or directory [v8.16.0 try http://www.rsyslog.com/e/2039 ]
Nov  2 03:44:55 tim rsyslogd-2007: action 'action 10' suspended, next retry is Sat Nov  2 03:45:25 2019 [v8.16.0 try http://www.rsyslog.com/e/2007 ]
Nov  2 03:44:55 tim kernel: [    0.000000] Initializing cgroup subsys cpuset
Nov  2 03:44:55 tim kernel: [    0.000000] Initializing cgroup subsys cpu
Nov  2 03:44:55 tim kernel: [    0.000000] Initializing cgroup subsys cpuacct
Nov  2 03:44:55 tim kernel: [    0.000000] Linux version 4.4.0-142-generic (buildd@lgw01-amd64-033) (gcc version 5.4.0 20160609 (Ubuntu 5.4.0-6ubuntu1~16.04.10) ) #168-Ubuntu SMP Wed Jan 16 21:00:45 UTC 2019 (Ubuntu 4.4.0-142.168-generic 4.4.167)
Nov  2 03:44:55 tim kernel: [    0.000000] Command line: BOOT_IMAGE=/boot/vmlinuz-4.4.0-142-generic root=UUID=2636fba8-b03b-4ff0-a14e-b6fb78f4ed24 ro
Nov  2 03:44:55 tim kernel: [    0.000000] KERNEL supported cpus:
Nov  2 03:44:55 tim kernel: [    0.000000]   Intel GenuineIntel
Nov  2 03:44:55 tim kernel: [    0.000000]   AMD AuthenticAMD
Nov  2 03:44:55 tim kernel: [    0.000000]   Centaur CentaurHauls
Nov  2 03:44:55 tim kernel: [    0.000000] x86/fpu: xstate_offset[2]:  576, xstate_sizes[2]:  256
Nov  2 03:44:55 tim kernel: [    0.000000] x86/fpu: Supporting XSAVE feature 0x01: 'x87 floating point registers'
Nov  2 03:44:55 tim kernel: [    0.000000] x86/fpu: Supporting XSAVE feature 0x02: 'SSE registers'
Nov  2 03:44:55 tim kernel: [    0.000000] x86/fpu: Supporting XSAVE feature 0x04: 'AVX registers'
Nov  2 03:44:55 tim kernel: [    0.000000] x86/fpu: Enabled xstate features 0x7, context size is 832 bytes, using 'standard' format.
Nov  2 03:44:55 tim kernel: [    0.000000] e820: BIOS-provided physical RAM map:
Nov  2 03:44:55 tim kernel: [    0.000000] BIOS-e820: [mem 0x0000000000000000-0x000000000009fbff] usable
Nov  2 03:44:55 tim kernel: [    0.000000] BIOS-e820: [mem 0x000000000009fc00-0x000000000009ffff] reserved
Nov  2 03:44:55 tim kernel: [    0.000000] BIOS-e820: [mem 0x00000000000f0000-0x00000000000fffff] reserved
Nov  2 03:44:55 tim kernel: [    0.000000] BIOS-e820: [mem 0x0000000000100000-0x000000003ffeffff] usable
Nov  2 03:44:55 tim kernel: [    0.000000] BIOS-e820: [mem 0x000000003fff0000-0x000000003fffffff] ACPI data
Nov  2 03:44:55 tim kernel: [    0.000000] BIOS-e820: [mem 0x00000000fec00000-0x00000000fec00fff] reserved
Nov  2 03:44:55 tim kernel: [    0.000000] BIOS-e820: [mem 0x00000000fee00000-0x00000000fee00fff] reserved
Nov  2 03:44:55 tim kernel: [    0.000000] BIOS-e820: [mem 0x00000000fffc0000-0x00000000ffffffff] reserved
Nov  2 03:44:55 tim kernel: [    0.000000] NX (Execute Disable) protection: active
Nov  2 03:44:55 tim kernel: [    0.000000] SMBIOS 2.5 present.
Nov  2 03:44:55 tim kernel: [    0.000000] DMI: innotek GmbH VirtualBox/VirtualBox, BIOS VirtualBox 12/01/2006
Nov  2 03:44:55 tim kernel: [    0.000000] Hypervisor detected: KVM
Nov  2 03:44:55 tim kernel: [    0.000000] e820: update [mem 0x00000000-0x00000fff] usable ==> reserved
Nov  2 03:44:55 tim kernel: [    0.000000] e820: remove [mem 0x000a0000-0x000fffff] usable
Nov  2 03:44:55 tim kernel: [    0.000000] e820: last_pfn = 0x3fff0 max_arch_pfn = 0x400000000
Nov  2 03:44:55 tim kernel: [    0.000000] MTRR default type: uncachable
Nov  2 03:44:55 tim kernel: [    0.000000] MTRR variable ranges disabled:
Nov  2 03:44:55 tim kernel: [    0.000000] MTRR: Disabled
Nov  2 03:44:55 tim kernel: [    0.000000] x86/PAT: MTRRs disabled, skipping PAT initialization too.
Nov  2 03:44:55 tim kernel: [    0.000000] CPU MTRRs all blank - virtualized system.
Nov  2 03:44:55 tim kernel: [    0.000000] x86/PAT: Configuration [0-7]: WB  WT  UC- UC  WB  WT  UC- UC  
Nov  2 03:44:55 tim kernel: [    0.000000] found SMP MP-table at [mem 0x0009fff0-0x0009ffff] mapped at [ffff88000009fff0]
Nov  2 03:44:55 tim kernel: [    0.000000] Scanning 1 areas for low memory corruption
Nov  2 03:44:55 tim kernel: [    0.000000] Base memory trampoline at [ffff880000098000] 98000 size 28672
Nov  2 03:44:55 tim kernel: [    0.000000] BRK [0x02215000, 0x02215fff] PGTABLE
Nov  2 03:44:55 tim kernel: [    0.000000] BRK [0x02216000, 0x02216fff] PGTABLE
Nov  2 03:44:55 tim kernel: [    0.000000] BRK [0x02217000, 0x02217fff] PGTABLE
Nov  2 03:44:55 tim kernel: [    0.000000] BRK [0x02218000, 0x02218fff] PGTABLE
Nov  2 03:44:55 tim kernel: [    0.000000] RAMDISK: [mem 0x333ec000-0x359edfff]
Nov  2 03:44:55 tim kernel: [    0.000000] ACPI: Early table checksum verification disabled
Nov  2 03:44:55 tim kernel: [    0.000000] ACPI: RSDP 0x00000000000E0000 000024 (v02 VBOX  )
Nov  2 03:44:55 tim kernel: [    0.000000] ACPI: XSDT 0x000000003FFF0030 00003C (v01 VBOX   VBOXXSDT 00000001 ASL  00000061)
Nov  2 03:44:55 tim kernel: [    0.000000] ACPI: FACP 0x000000003FFF00F0 0000F4 (v04 VBOX   VBOXFACP 00000001 ASL  00000061)
Nov  2 03:44:55 tim kernel: [    0.000000] ACPI: DSDT 0x000000003FFF0470 0022EA (v02 VBOX   VBOXBIOS 00000002 INTL 20100528)
Nov  2 03:44:55 tim kernel: [    0.000000] ACPI: FACS 0x000000003FFF0200 000040
Nov  2 03:44:55 tim kernel: [    0.000000] ACPI: FACS 0x000000003FFF0200 000040
Nov  2 03:44:55 tim kernel: [    0.000000] ACPI: APIC 0x000000003FFF0240 000054 (v02 VBOX   VBOXAPIC 00000001 ASL  00000061)
Nov  2 03:44:55 tim kernel: [    0.000000] ACPI: SSDT 0x000000003FFF02A0 0001CC (v01 VBOX   VBOXCPUT 00000002 INTL 20100528)
Nov  2 03:44:55 tim kernel: [    0.000000] ACPI: Local APIC address 0xfee00000
Nov  2 03:44:55 tim kernel: [    0.000000] No NUMA configuration found
Nov  2 03:44:55 tim kernel: [    0.000000] Faking a node at [mem 0x0000000000000000-0x000000003ffeffff]
Nov  2 03:44:55 tim kernel: [    0.000000] NODE_DATA(0) allocated [mem 0x3ffeb000-0x3ffeffff]
Nov  2 03:44:55 tim kernel: [    0.000000] kvm-clock: Using msrs 4b564d01 and 4b564d00
Nov  2 03:44:55 tim kernel: [    0.000000] kvm-clock: cpu 0, msr 0:3ffe3001, primary cpu clock
Nov  2 03:44:55 tim kernel: [    0.000000] kvm-clock: using sched offset of 4916409799 cycles
Nov  2 03:44:55 tim kernel: [    0.000000] clocksource: kvm-clock: mask: 0xffffffffffffffff max_cycles: 0x1cd42e4dffb, max_idle_ns: 881590591483 ns
Nov  2 03:44:55 tim kernel: [    0.000000] Zone ranges:
Nov  2 03:44:55 tim kernel: [    0.000000]   DMA      [mem 0x0000000000001000-0x0000000000ffffff]
Nov  2 03:44:55 tim kernel: [    0.000000]   DMA32    [mem 0x0000000001000000-0x000000003ffeffff]
Nov  2 03:44:55 tim kernel: [    0.000000]   Normal   empty
Nov  2 03:44:55 tim kernel: [    0.000000]   Device   empty
Nov  2 03:44:55 tim kernel: [    0.000000] Movable zone start for each node
Nov  2 03:44:55 tim kernel: [    0.000000] Early memory node ranges
Nov  2 03:44:55 tim kernel: [    0.000000]   node   0: [mem 0x0000000000001000-0x000000000009efff]
Nov  2 03:44:55 tim kernel: [    0.000000]   node   0: [mem 0x0000000000100000-0x000000003ffeffff]
Nov  2 03:44:55 tim kernel: [    0.000000] Initmem setup node 0 [mem 0x0000000000001000-0x000000003ffeffff]
Nov  2 03:44:55 tim kernel: [    0.000000] On node 0 totalpages: 262030
Nov  2 03:44:55 tim kernel: [    0.000000]   DMA zone: 64 pages used for memmap
Nov  2 03:44:55 tim kernel: [    0.000000]   DMA zone: 22 pages reserved
Nov  2 03:44:55 tim kernel: [    0.000000]   DMA zone: 3998 pages, LIFO batch:0
Nov  2 03:44:55 tim kernel: [    0.000000]   DMA32 zone: 4032 pages used for memmap
Nov  2 03:44:55 tim kernel: [    0.000000]   DMA32 zone: 258032 pages, LIFO batch:31
Nov  2 03:44:55 tim kernel: [    0.000000] ACPI: PM-Timer IO Port: 0x4008
Nov  2 03:44:55 tim kernel: [    0.000000] ACPI: Local APIC address 0xfee00000
Nov  2 03:44:55 tim kernel: [    0.000000] IOAPIC[0]: apic_id 1, version 32, address 0xfec00000, GSI 0-23
Nov  2 03:44:55 tim kernel: [    0.000000] ACPI: INT_SRC_OVR (bus 0 bus_irq 0 global_irq 2 dfl dfl)
Nov  2 03:44:55 tim kernel: [    0.000000] ACPI: INT_SRC_OVR (bus 0 bus_irq 9 global_irq 9 low level)
Nov  2 03:44:55 tim kernel: [    0.000000] ACPI: IRQ0 used by override.
Nov  2 03:44:55 tim kernel: [    0.000000] ACPI: IRQ9 used by override.
Nov  2 03:44:55 tim kernel: [    0.000000] Using ACPI (MADT) for SMP configuration information
Nov  2 03:44:55 tim kernel: [    0.000000] smpboot: Allowing 1 CPUs, 0 hotplug CPUs
Nov  2 03:44:55 tim kernel: [    0.000000] PM: Registered nosave memory: [mem 0x00000000-0x00000fff]
Nov  2 03:44:55 tim kernel: [    0.000000] PM: Registered nosave memory: [mem 0x0009f000-0x0009ffff]
Nov  2 03:44:55 tim kernel: [    0.000000] PM: Registered nosave memory: [mem 0x000a0000-0x000effff]
Nov  2 03:44:55 tim kernel: [    0.000000] PM: Registered nosave memory: [mem 0x000f0000-0x000fffff]
Nov  2 03:44:55 tim kernel: [    0.000000] e820: [mem 0x40000000-0xfebfffff] available for PCI devices
Nov  2 03:44:55 tim kernel: [    0.000000] Booting paravirtualized kernel on KVM
Nov  2 03:44:55 tim kernel: [    0.000000] clocksource: refined-jiffies: mask: 0xffffffff max_cycles: 0xffffffff, max_idle_ns: 7645519600211568 ns
Nov  2 03:44:55 tim kernel: [    0.000000] setup_percpu: NR_CPUS:512 nr_cpumask_bits:512 nr_cpu_ids:1 nr_node_ids:1
Nov  2 03:44:55 tim kernel: [    0.000000] PERCPU: Embedded 34 pages/cpu @ffff88003fc00000 s99480 r8192 d31592 u2097152
Nov  2 03:44:55 tim kernel: [    0.000000] pcpu-alloc: s99480 r8192 d31592 u2097152 alloc=1*2097152
Nov  2 03:44:55 tim kernel: [    0.000000] pcpu-alloc: [0] 0 
Nov  2 03:44:55 tim kernel: [    0.000000] Built 1 zonelists in Node order, mobility grouping on.  Total pages: 257912
Nov  2 03:44:55 tim kernel: [    0.000000] Policy zone: DMA32
Nov  2 03:44:55 tim kernel: [    0.000000] Kernel command line: BOOT_IMAGE=/boot/vmlinuz-4.4.0-142-generic root=UUID=2636fba8-b03b-4ff0-a14e-b6fb78f4ed24 ro
Nov  2 03:44:55 tim kernel: [    0.000000] PID hash table entries: 4096 (order: 3, 32768 bytes)
Nov  2 03:44:55 tim kernel: [    0.000000] Calgary: detecting Calgary via BIOS EBDA area
Nov  2 03:44:55 tim kernel: [    0.000000] Calgary: Unable to locate Rio Grande table in EBDA - bailing!
Nov  2 03:44:55 tim kernel: [    0.000000] Memory: 973748K/1048120K available (8603K kernel code, 1332K rwdata, 4004K rodata, 1484K init, 1316K bss, 74372K reserved, 0K cma-reserved)
Nov  2 03:44:55 tim kernel: [    0.000000] SLUB: HWalign=64, Order=0-3, MinObjects=0, CPUs=1, Nodes=1
Nov  2 03:44:55 tim kernel: [    0.000000] Kernel/User page tables isolation: enabled
Nov  2 03:44:55 tim kernel: [    0.000000] Hierarchical RCU implementation.
Nov  2 03:44:55 tim kernel: [    0.000000] 	Build-time adjustment of leaf fanout to 64.
Nov  2 03:44:55 tim kernel: [    0.000000] 	RCU restricting CPUs from NR_CPUS=512 to nr_cpu_ids=1.
Nov  2 03:44:55 tim kernel: [    0.000000] RCU: Adjusting geometry for rcu_fanout_leaf=64, nr_cpu_ids=1
Nov  2 03:44:55 tim kernel: [    0.000000] NR_IRQS:33024 nr_irqs:256 16
Nov  2 03:44:55 tim kernel: [    0.000000] Console: colour VGA+ 80x25
Nov  2 03:44:55 tim kernel: [    0.000000] console [tty0] enabled
Nov  2 03:44:55 tim kernel: [    0.000000] tsc: Detected 1991.999 MHz processor
Nov  2 03:44:55 tim kernel: [    0.066688] Calibrating delay loop (skipped) preset value.. 3983.99 BogoMIPS (lpj=7967996)
Nov  2 03:44:55 tim systemd-modules-load[361]: Inserted module 'iscsi_tcp'
Nov  2 03:44:55 tim systemd[1]: Starting Flush Journal to Persistent Storage...
Nov  2 03:44:55 tim systemd-modules-load[361]: Inserted module 'ib_iser'
Nov  2 03:44:55 tim systemd[1]: Started Flush Journal to Persistent Storage.
Nov  2 03:44:55 tim systemd[1]: Started Load Kernel Modules.
Nov  2 03:44:55 tim systemd[1]: Mounting FUSE Control File System...
Nov  2 03:44:55 tim systemd[1]: Starting Apply Kernel Variables...
Nov  2 03:44:55 tim systemd[1]: Mounted FUSE Control File System.
Nov  2 03:44:55 tim systemd[1]: Started udev Kernel Device Manager.
Nov  2 03:44:55 tim systemd[1]: Started Apply Kernel Variables.
Nov  2 03:44:55 tim systemd[1]: Started Monitoring of LVM2 mirrors, snapshots etc. using dmeventd or progress polling.
Nov  2 03:44:55 tim systemd[1]: Started udev Coldplug all Devices.
Nov  2 03:44:55 tim loadkeys[354]: Loading /etc/console-setup/cached.kmap.gz
Nov  2 03:44:55 tim systemd[1]: Started Set console keymap.
Nov  2 03:44:55 tim systemd[1]: Started Dispatch Password Requests to Console Directory Watch.
Nov  2 03:44:55 tim systemd[1]: Reached target Local File Systems (Pre).
Nov  2 03:44:55 tim systemd[1]: Reached target Local File Systems.
Nov  2 03:44:55 tim systemd[1]: Starting LSB: AppArmor initialization...
Nov  2 03:44:55 tim systemd[1]: Starting Create Volatile Files and Directories...
Nov  2 03:44:55 tim systemd-tmpfiles[456]: [/usr/lib/tmpfiles.d/var.conf:14] Duplicate line for path "/var/log", ignoring.
Nov  2 03:44:55 tim systemd[1]: Starting Tell Plymouth To Write Out Runtime Data...
Nov  2 03:44:55 tim systemd[1]: Starting Set console font and keymap...
Nov  2 03:44:55 tim systemd[1]: Started Create Volatile Files and Directories.
Nov  2 03:44:55 tim systemd[1]: Started Tell Plymouth To Write Out Runtime Data.
Nov  2 03:44:55 tim systemd[1]: Starting Network Time Synchronization...
Nov  2 03:44:55 tim systemd[1]: Starting Update UTMP about System Boot/Shutdown...
Nov  2 03:44:55 tim systemd[1]: Started Update UTMP about System Boot/Shutdown.
Nov  2 03:44:55 tim apparmor[455]:  * Starting AppArmor profiles
Nov  2 03:44:55 tim systemd[1]: Started Network Time Synchronization.
Nov  2 03:44:55 tim systemd[1]: Reached target System Time Synchronized.
Nov  2 03:44:55 tim systemd[1]: Started Set console font and keymap.
Nov  2 03:44:55 tim systemd[1]: Created slice system-getty.slice.
Nov  2 03:44:55 tim systemd[1]: Found device 82540EM Gigabit Ethernet Controller (PRO/1000 MT Desktop Adapter).
Nov  2 03:44:55 tim systemd[1]: Listening on Load/Save RF Kill Switch Status /dev/rfkill Watch.
Nov  2 03:44:55 tim apparmor[455]: Skipping profile in /etc/apparmor.d/disable: usr.sbin.rsyslogd
Nov  2 03:44:55 tim apparmor[455]:    ...done.
Nov  2 03:44:55 tim systemd[1]: Started LSB: AppArmor initialization.
Nov  2 03:44:55 tim systemd[1]: Starting Raise network interfaces...
Nov  2 03:44:55 tim systemd[1]: Started ifup for enp0s3.
Nov  2 03:44:55 tim dhclient[698]: Internet Systems Consortium DHCP Client 4.3.3
Nov  2 03:44:55 tim sh[682]: Internet Systems Consortium DHCP Client 4.3.3
Nov  2 03:44:55 tim dhclient[698]: Copyright 2004-2015 Internet Systems Consortium.
Nov  2 03:44:55 tim sh[682]: Copyright 2004-2015 Internet Systems Consortium.
Nov  2 03:44:55 tim dhclient[698]: All rights reserved.
Nov  2 03:44:55 tim sh[682]: All rights reserved.
Nov  2 03:44:55 tim dhclient[698]: For info, please visit https://www.isc.org/software/dhcp/
Nov  2 03:44:55 tim sh[682]: For info, please visit https://www.isc.org/software/dhcp/
Nov  2 03:44:55 tim kernel: [    0.067817] pid_max: default: 32768 minimum: 301
Nov  2 03:44:55 tim kernel: [    0.068290] ACPI: Core revision 20150930
Nov  2 03:44:55 tim kernel: [    0.070419] ACPI: 2 ACPI AML tables successfully acquired and loaded
Nov  2 03:44:55 tim kernel: [    0.070874] Security Framework initialized
Nov  2 03:44:55 tim kernel: [    0.071217] Yama: becoming mindful.
Nov  2 03:44:55 tim kernel: [    0.071509] AppArmor: AppArmor initialized
Nov  2 03:44:55 tim kernel: [    0.071880] Dentry cache hash table entries: 131072 (order: 8, 1048576 bytes)
Nov  2 03:44:55 tim kernel: [    0.072384] Inode-cache hash table entries: 65536 (order: 7, 524288 bytes)
Nov  2 03:44:55 tim kernel: [    0.072878] Mount-cache hash table entries: 2048 (order: 2, 16384 bytes)
Nov  2 03:44:55 tim kernel: [    0.073320] Mountpoint-cache hash table entries: 2048 (order: 2, 16384 bytes)
Nov  2 03:44:55 tim kernel: [    0.073804] Initializing cgroup subsys io
Nov  2 03:44:55 tim kernel: [    0.074119] Initializing cgroup subsys memory
Nov  2 03:44:55 tim kernel: [    0.074427] Initializing cgroup subsys devices
Nov  2 03:44:55 tim kernel: [    0.074735] Initializing cgroup subsys freezer
Nov  2 03:44:55 tim kernel: [    0.075130] Initializing cgroup subsys net_cls
Nov  2 03:44:55 tim kernel: [    0.075438] Initializing cgroup subsys perf_event
Nov  2 03:44:55 tim kernel: [    0.075789] Initializing cgroup subsys net_prio
Nov  2 03:44:55 tim kernel: [    0.076111] Initializing cgroup subsys hugetlb
Nov  2 03:44:55 tim kernel: [    0.076538] Initializing cgroup subsys pids
Nov  2 03:44:55 tim kernel: [    0.079044] mce: CPU supports 0 MCE banks
Nov  2 03:44:55 tim kernel: [    0.079401] process: using mwait in idle threads
Nov  2 03:44:55 tim kernel: [    0.079718] Last level iTLB entries: 4KB 64, 2MB 8, 4MB 8
Nov  2 03:44:55 tim kernel: [    0.080130] Last level dTLB entries: 4KB 64, 2MB 0, 4MB 0, 1GB 4
Nov  2 03:44:55 tim kernel: [    0.080474] Spectre V2 : Mitigation: Full generic retpoline
Nov  2 03:44:55 tim kernel: [    0.080808] Spectre V2 : Spectre v2 / SpectreRSB mitigation: Filling RSB on context switch
Nov  2 03:44:55 tim kernel: [    0.081368] Speculative Store Bypass: Vulnerable
Nov  2 03:44:55 tim kernel: [    0.107505] Freeing SMP alternatives memory: 32K
Nov  2 03:44:55 tim kernel: [    0.113814] ftrace: allocating 32277 entries in 127 pages
Nov  2 03:44:55 tim kernel: [    0.178321] smpboot: APIC(0) Converting physical 0 to logical package 0
Nov  2 03:44:55 tim kernel: [    0.178782] smpboot: Max logical packages: 1
Nov  2 03:44:55 tim kernel: [    0.179296] x2apic enabled
Nov  2 03:44:55 tim kernel: [    0.179783] Switched APIC routing to physical x2apic.
Nov  2 03:44:55 tim kernel: [    0.181202] ..TIMER: vector=0x30 apic1=0 pin1=2 apic2=-1 pin2=-1
Nov  2 03:44:55 tim kernel: [    0.286540] smpboot: CPU0: Intel(R) Core(TM) i7-8550U CPU @ 1.80GHz (family: 0x6, model: 0x8e, stepping: 0xa)
Nov  2 03:44:55 tim kernel: [    0.287565] Performance Events: unsupported p6 CPU model 142 no PMU driver, software events only.
Nov  2 03:44:55 tim kernel: [    0.297175] KVM setup paravirtual spinlock
Nov  2 03:44:55 tim kernel: [    0.298036] x86: Booted up 1 node, 1 CPUs
Nov  2 03:44:55 tim kernel: [    0.298382] smpboot: Total of 1 processors activated (3983.99 BogoMIPS)
Nov  2 03:44:55 tim kernel: [    0.299167] devtmpfs: initialized
Nov  2 03:44:55 tim kernel: [    0.301269] evm: security.selinux
Nov  2 03:44:55 tim kernel: [    0.301551] evm: security.SMACK64
Nov  2 03:44:55 tim kernel: [    0.301830] evm: security.SMACK64EXEC
Nov  2 03:44:55 tim kernel: [    0.302193] evm: security.SMACK64TRANSMUTE
Nov  2 03:44:55 tim kernel: [    0.302507] evm: security.SMACK64MMAP
Nov  2 03:44:55 tim kernel: [    0.302794] evm: security.ima
Nov  2 03:44:55 tim kernel: [    0.303189] evm: security.capability
Nov  2 03:44:55 tim kernel: [    0.303552] clocksource: jiffies: mask: 0xffffffff max_cycles: 0xffffffff, max_idle_ns: 7645041785100000 ns
Nov  2 03:44:55 tim kernel: [    0.304228] futex hash table entries: 256 (order: 2, 16384 bytes)
Nov  2 03:44:55 tim kernel: [    0.304771] pinctrl core: initialized pinctrl subsystem
Nov  2 03:44:55 tim kernel: [    0.305190] RTC time: 10:44:50, date: 11/02/19
Nov  2 03:44:55 tim kernel: [    0.305595] NET: Registered protocol family 16
Nov  2 03:44:55 tim kernel: [    0.306089] cpuidle: using governor ladder
Nov  2 03:44:55 tim kernel: [    0.306467] cpuidle: using governor menu
Nov  2 03:44:55 tim kernel: [    0.306797] PCCT header not found.
Nov  2 03:44:55 tim kernel: [    0.307826] ACPI: bus type PCI registered
Nov  2 03:44:55 tim kernel: [    0.308150] acpiphp: ACPI Hot Plug PCI Controller Driver version: 0.5
Nov  2 03:44:55 tim kernel: [    0.308956] PCI: Using configuration type 1 for base access
Nov  2 03:44:55 tim kernel: [    0.310446] ACPI: Added _OSI(Module Device)
Nov  2 03:44:55 tim kernel: [    0.310750] ACPI: Added _OSI(Processor Device)
Nov  2 03:44:55 tim kernel: [    0.311056] ACPI: Added _OSI(3.0 _SCP Extensions)
Nov  2 03:44:55 tim kernel: [    0.311369] ACPI: Added _OSI(Processor Aggregator Device)
Nov  2 03:44:55 tim kernel: [    0.312246] ACPI: Executed 1 blocks of module-level executable AML code
Nov  2 03:44:55 tim kernel: [    0.314835] ACPI: Interpreter enabled
Nov  2 03:44:55 tim kernel: [    0.315131] ACPI: (supports S0 S5)
Nov  2 03:44:55 tim kernel: [    0.315414] ACPI: Using IOAPIC for interrupt routing
Nov  2 03:44:55 tim kernel: [    0.316052] PCI: Using host bridge windows from ACPI; if necessary, use "pci=nocrs" and report a bug
Nov  2 03:44:55 tim kernel: [    0.320816] ACPI: PCI Root Bridge [PCI0] (domain 0000 [bus 00-ff])
Nov  2 03:44:55 tim kernel: [    0.321172] acpi PNP0A03:00: _OSC: OS supports [ASPM ClockPM Segments MSI]
Nov  2 03:44:55 tim kernel: [    0.321887] acpi PNP0A03:00: _OSC: not requesting OS control; OS requires [ExtendedConfig ASPM ClockPM MSI]
Nov  2 03:44:55 tim kernel: [    0.322499] acpi PNP0A03:00: fail to add MMCONFIG information, can't access extended PCI configuration space under this bridge.
Nov  2 03:44:55 tim kernel: [    0.323389] PCI host bridge to bus 0000:00
Nov  2 03:44:55 tim kernel: [    0.323691] pci_bus 0000:00: root bus resource [io  0x0000-0x0cf7 window]
Nov  2 03:44:55 tim kernel: [    0.324147] pci_bus 0000:00: root bus resource [io  0x0d00-0xffff window]
Nov  2 03:44:55 tim kernel: [    0.324573] pci_bus 0000:00: root bus resource [mem 0x000a0000-0x000bffff window]
Nov  2 03:44:55 tim kernel: [    0.325164] pci_bus 0000:00: root bus resource [mem 0x40000000-0xfdffffff window]
Nov  2 03:44:55 tim kernel: [    0.325706] pci_bus 0000:00: root bus resource [bus 00-ff]
Nov  2 03:44:55 tim kernel: [    0.326081] pci 0000:00:00.0: [8086:1237] type 00 class 0x060000
Nov  2 03:44:55 tim kernel: [    0.326630] pci 0000:00:01.0: [8086:7000] type 00 class 0x060100
Nov  2 03:44:55 tim kernel: [    0.327396] pci 0000:00:01.1: [8086:7111] type 00 class 0x01018a
Nov  2 03:44:55 tim kernel: [    0.327874] pci 0000:00:01.1: reg 0x20: [io  0xd000-0xd00f]
Nov  2 03:44:55 tim kernel: [    0.328029] pci 0000:00:01.1: legacy IDE quirk: reg 0x10: [io  0x01f0-0x01f7]
Nov  2 03:44:55 tim kernel: [    0.328672] pci 0000:00:01.1: legacy IDE quirk: reg 0x14: [io  0x03f6]
Nov  2 03:44:55 tim kernel: [    0.329087] pci 0000:00:01.1: legacy IDE quirk: reg 0x18: [io  0x0170-0x0177]
Nov  2 03:44:55 tim kernel: [    0.329469] pci 0000:00:01.1: legacy IDE quirk: reg 0x1c: [io  0x0376]
Nov  2 03:44:55 tim kernel: [    0.330001] pci 0000:00:02.0: [15ad:0405] type 00 class 0x030000
Nov  2 03:44:55 tim kernel: [    0.332145] pci 0000:00:02.0: reg 0x10: [io  0xd010-0xd01f]
Nov  2 03:44:55 tim kernel: [    0.333997] pci 0000:00:02.0: reg 0x14: [mem 0xf0000000-0xf0ffffff]
Nov  2 03:44:55 tim kernel: [    0.335110] pci 0000:00:02.0: reg 0x18: [mem 0xf1000000-0xf11fffff]
Nov  2 03:44:55 tim kernel: [    0.337673] pci 0000:00:03.0: [8086:100e] type 00 class 0x020000
Nov  2 03:44:55 tim kernel: [    0.338049] pci 0000:00:03.0: reg 0x10: [mem 0xf1200000-0xf121ffff]
Nov  2 03:44:55 tim kernel: [    0.338619] pci 0000:00:03.0: reg 0x18: [io  0xd020-0xd027]
Nov  2 03:44:55 tim kernel: [    0.339897] pci 0000:00:04.0: [80ee:cafe] type 00 class 0x088000
Nov  2 03:44:55 tim kernel: [    0.340177] pci 0000:00:04.0: reg 0x10: [io  0xd040-0xd05f]
Nov  2 03:44:55 tim kernel: [    0.340438] pci 0000:00:04.0: reg 0x14: [mem 0xf1400000-0xf17fffff]
Nov  2 03:44:55 tim kernel: [    0.340661] pci 0000:00:04.0: reg 0x18: [mem 0xf1800000-0xf1803fff pref]
Nov  2 03:44:55 tim kernel: [    0.341895] pci 0000:00:05.0: [8086:2415] type 00 class 0x040100
Nov  2 03:44:55 tim kernel: [    0.342010] pci 0000:00:05.0: reg 0x10: [io  0xd100-0xd1ff]
Nov  2 03:44:55 tim kernel: [    0.342092] pci 0000:00:05.0: reg 0x14: [io  0xd200-0xd23f]
Nov  2 03:44:55 tim kernel: [    0.342707] pci 0000:00:06.0: [106b:003f] type 00 class 0x0c0310
Nov  2 03:44:55 tim kernel: [    0.343015] pci 0000:00:06.0: reg 0x10: [mem 0xf1804000-0xf1804fff]
Nov  2 03:44:55 tim kernel: [    0.344577] pci 0000:00:07.0: [8086:7113] type 00 class 0x068000
Nov  2 03:44:55 tim kernel: [    0.345045] pci 0000:00:07.0: quirk: [io  0x4000-0x403f] claimed by PIIX4 ACPI
Nov  2 03:44:55 tim kernel: [    0.345636] pci 0000:00:07.0: quirk: [io  0x4100-0x410f] claimed by PIIX4 SMB
Nov  2 03:44:55 tim kernel: [    0.346439] pci 0000:00:0b.0: [8086:265c] type 00 class 0x0c0320
Nov  2 03:44:55 tim kernel: [    0.346887] pci 0000:00:0b.0: reg 0x10: [mem 0xf1805000-0xf1805fff]
Nov  2 03:44:55 tim kernel: [    0.349323] pci 0000:00:0d.0: [8086:2829] type 00 class 0x010601
Nov  2 03:44:55 tim kernel: [    0.350103] pci 0000:00:0d.0: reg 0x10: [io  0xd240-0xd247]
Nov  2 03:44:55 tim kernel: [    0.351212] pci 0000:00:0d.0: reg 0x14: [io  0xd248-0xd24b]
Nov  2 03:44:55 tim kernel: [    0.351733] pci 0000:00:0d.0: reg 0x18: [io  0xd250-0xd257]
Nov  2 03:44:55 tim kernel: [    0.351975] pci 0000:00:0d.0: reg 0x1c: [io  0xd258-0xd25b]
Nov  2 03:44:55 tim kernel: [    0.352194] pci 0000:00:0d.0: reg 0x20: [io  0xd260-0xd26f]
Nov  2 03:44:55 tim kernel: [    0.352517] pci 0000:00:0d.0: reg 0x24: [mem 0xf1806000-0xf1807fff]
Nov  2 03:44:55 tim kernel: [    0.354012] ACPI: PCI Interrupt Link [LNKA] (IRQs 5 9 10 *11)
Nov  2 03:44:55 tim kernel: [    0.354818] ACPI: PCI Interrupt Link [LNKB] (IRQs 5 9 *10 11)
Nov  2 03:44:55 tim kernel: [    0.364120] ACPI: PCI Interrupt Link [LNKC] (IRQs 5 *9 10 11)
Nov  2 03:44:55 tim kernel: [    0.364793] ACPI: PCI Interrupt Link [LNKD] (IRQs 5 9 10 *11)
Nov  2 03:44:55 tim kernel: [    0.365533] ACPI: Enabled 2 GPEs in block 00 to 07
Nov  2 03:44:55 tim kernel: [    0.366623] vgaarb: setting as boot device: PCI:0000:00:02.0
Nov  2 03:44:55 tim kernel: [    0.367243] vgaarb: device added: PCI:0000:00:02.0,decodes=io+mem,owns=io+mem,locks=none
Nov  2 03:44:55 tim kernel: [    0.368025] vgaarb: loaded
Nov  2 03:44:55 tim kernel: [    0.368402] vgaarb: bridge control possible 0000:00:02.0
Nov  2 03:44:55 tim kernel: [    0.368995] SCSI subsystem initialized
Nov  2 03:44:55 tim kernel: [    0.369321] libata version 3.00 loaded.
Nov  2 03:44:55 tim kernel: [    0.369337] ACPI: bus type USB registered
Nov  2 03:44:55 tim kernel: [    0.369678] usbcore: registered new interface driver usbfs
Nov  2 03:44:55 tim kernel: [    0.370014] usbcore: registered new interface driver hub
Nov  2 03:44:55 tim kernel: [    0.370349] usbcore: registered new device driver usb
Nov  2 03:44:55 tim kernel: [    0.371199] PCI: Using ACPI for IRQ routing
Nov  2 03:44:55 tim kernel: [    0.371521] PCI: pci_cache_line_size set to 64 bytes
Nov  2 03:44:55 tim kernel: [    0.371766] e820: reserve RAM buffer [mem 0x0009fc00-0x0009ffff]
Nov  2 03:44:55 tim kernel: [    0.371768] e820: reserve RAM buffer [mem 0x3fff0000-0x3fffffff]
Nov  2 03:44:55 tim kernel: [    0.371850] NetLabel: Initializing
Nov  2 03:44:55 tim kernel: [    0.372132] NetLabel:  domain hash size = 128
Nov  2 03:44:55 tim kernel: [    0.372513] NetLabel:  protocols = UNLABELED CIPSOv4
Nov  2 03:44:55 tim kernel: [    0.372840] NetLabel:  unlabeled traffic allowed by default
Nov  2 03:44:55 tim kernel: [    0.373221] amd_nb: Cannot enumerate AMD northbridges
Nov  2 03:44:55 tim kernel: [    0.373568] clocksource: Switched to clocksource kvm-clock
Nov  2 03:44:55 tim kernel: [    0.380612] AppArmor: AppArmor Filesystem Enabled
Nov  2 03:44:55 tim kernel: [    0.381018] pnp: PnP ACPI init
Nov  2 03:44:55 tim kernel: [    0.381382] pnp 00:00: Plug and Play ACPI device, IDs PNP0303 (active)
Nov  2 03:44:55 tim kernel: [    0.381440] pnp 00:01: Plug and Play ACPI device, IDs PNP0f03 (active)
Nov  2 03:44:55 tim kernel: [    0.382032] pnp: PnP ACPI: found 2 devices
Nov  2 03:44:55 tim kernel: [    0.389936] clocksource: acpi_pm: mask: 0xffffff max_cycles: 0xffffff, max_idle_ns: 2085701024 ns
Nov  2 03:44:55 tim kernel: [    0.390644] pci_bus 0000:00: resource 4 [io  0x0000-0x0cf7 window]
Nov  2 03:44:55 tim kernel: [    0.390646] pci_bus 0000:00: resource 5 [io  0x0d00-0xffff window]
Nov  2 03:44:55 tim kernel: [    0.390648] pci_bus 0000:00: resource 6 [mem 0x000a0000-0x000bffff window]
Nov  2 03:44:55 tim kernel: [    0.390649] pci_bus 0000:00: resource 7 [mem 0x40000000-0xfdffffff window]
Nov  2 03:44:55 tim kernel: [    0.390673] NET: Registered protocol family 2
Nov  2 03:44:55 tim kernel: [    0.391081] TCP established hash table entries: 8192 (order: 4, 65536 bytes)
Nov  2 03:44:55 tim kernel: [    0.391476] TCP bind hash table entries: 8192 (order: 5, 131072 bytes)
Nov  2 03:44:55 tim kernel: [    0.391842] TCP: Hash tables configured (established 8192 bind 8192)
Nov  2 03:44:55 tim kernel: [    0.392205] UDP hash table entries: 512 (order: 2, 16384 bytes)
Nov  2 03:44:55 tim kernel: [    0.392885] UDP-Lite hash table entries: 512 (order: 2, 16384 bytes)
Nov  2 03:44:55 tim kernel: [    0.393257] NET: Registered protocol family 1
Nov  2 03:44:55 tim kernel: [    0.393867] pci 0000:00:00.0: Limiting direct PCI/PCI transfers
Nov  2 03:44:55 tim kernel: [    0.394268] pci 0000:00:01.0: Activating ISA DMA hang workarounds
Nov  2 03:44:55 tim kernel: [    0.394731] pci 0000:00:02.0: Video device with shadowed ROM
Nov  2 03:44:55 tim kernel: [    0.396625] PCI: CLS 0 bytes, default 64
Nov  2 03:44:55 tim kernel: [    0.396674] Unpacking initramfs...
Nov  2 03:44:55 tim kernel: [    0.921214] Freeing initrd memory: 38920K
Nov  2 03:44:55 tim kernel: [    0.921687] platform rtc_cmos: registered platform RTC device (no PNP device found)
Nov  2 03:44:55 tim kernel: [    0.922363] Scanning for low memory corruption every 60 seconds
Nov  2 03:44:55 tim kernel: [    0.922937] audit: initializing netlink subsys (disabled)
Nov  2 03:44:55 tim kernel: [    0.923291] audit: type=2000 audit(1572691497.206:1): initialized
Nov  2 03:44:55 tim kernel: [    0.923839] Initialise system trusted keyring
Nov  2 03:44:55 tim kernel: [    0.924202] HugeTLB registered 2 MB page size, pre-allocated 0 pages
Nov  2 03:44:55 tim kernel: [    0.925577] zbud: loaded
Nov  2 03:44:55 tim kernel: [    0.926221] VFS: Disk quotas dquot_6.6.0
Nov  2 03:44:55 tim kernel: [    0.926674] VFS: Dquot-cache hash table entries: 512 (order 0, 4096 bytes)
Nov  2 03:44:55 tim kernel: [    0.927448] squashfs: version 4.0 (2009/01/31) Phillip Lougher
Nov  2 03:44:55 tim kernel: [    0.928036] fuse init (API version 7.23)
Nov  2 03:44:55 tim kernel: [    0.928491] Key type big_key registered
Nov  2 03:44:55 tim kernel: [    0.928883] Allocating IMA MOK and blacklist keyrings.
Nov  2 03:44:55 tim kernel: [    0.931967] Key type asymmetric registered
Nov  2 03:44:55 tim kernel: [    0.932372] Asymmetric key parser 'x509' registered
Nov  2 03:44:55 tim kernel: [    0.932782] Block layer SCSI generic (bsg) driver version 0.4 loaded (major 249)
Nov  2 03:44:55 tim kernel: [    0.933350] io scheduler noop registered
Nov  2 03:44:55 tim kernel: [    0.933648] io scheduler deadline registered (default)
Nov  2 03:44:55 tim kernel: [    0.933991] io scheduler cfq registered
Nov  2 03:44:55 tim kernel: [    0.934447] pci_hotplug: PCI Hot Plug PCI Core version: 0.5
Nov  2 03:44:55 tim kernel: [    0.935048] pciehp: PCI Express Hot Plug Controller Driver version: 0.4
Nov  2 03:44:55 tim kernel: [    0.935527] ACPI: AC Adapter [AC] (on-line)
Nov  2 03:44:55 tim kernel: [    0.935882] input: Power Button as /devices/LNXSYSTM:00/LNXPWRBN:00/input/input0
Nov  2 03:44:55 tim kernel: [    0.936519] ACPI: Power Button [PWRF]
Nov  2 03:44:55 tim kernel: [    0.936863] input: Sleep Button as /devices/LNXSYSTM:00/LNXSLPBN:00/input/input1
Nov  2 03:44:55 tim kernel: [    0.937404] ACPI: Sleep Button [SLPF]
Nov  2 03:44:55 tim kernel: [    0.938527] ACPI: Battery Slot [BAT0] (battery present)
Nov  2 03:44:55 tim kernel: [    0.938873] GHES: HEST is not enabled!
Nov  2 03:44:55 tim kernel: [    0.939243] Serial: 8250/16550 driver, 32 ports, IRQ sharing enabled
Nov  2 03:44:55 tim kernel: [    0.940420] Linux agpgart interface v0.103
Nov  2 03:44:55 tim kernel: [    0.941530] loop: module loaded
Nov  2 03:44:55 tim kernel: [    0.941952] ata_piix 0000:00:01.1: version 2.13
Nov  2 03:44:55 tim kernel: [    0.942291] scsi host0: ata_piix
Nov  2 03:44:55 tim kernel: [    0.942693] scsi host1: ata_piix
Nov  2 03:44:55 tim kernel: [    0.942994] ata1: PATA max UDMA/33 cmd 0x1f0 ctl 0x3f6 bmdma 0xd000 irq 14
Nov  2 03:44:55 tim kernel: [    0.943404] ata2: PATA max UDMA/33 cmd 0x170 ctl 0x376 bmdma 0xd008 irq 15
Nov  2 03:44:55 tim kernel: [    0.944086] libphy: Fixed MDIO Bus: probed
Nov  2 03:44:55 tim kernel: [    0.944431] tun: Universal TUN/TAP device driver, 1.6
Nov  2 03:44:55 tim kernel: [    0.944750] tun: (C) 1999-2004 Max Krasnyansky <maxk@qualcomm.com>
Nov  2 03:44:55 tim kernel: [    0.945121] PPP generic driver version 2.4.2
Nov  2 03:44:55 tim kernel: [    0.945518] ehci_hcd: USB 2.0 'Enhanced' Host Controller (EHCI) Driver
Nov  2 03:44:55 tim kernel: [    0.945876] ehci-pci: EHCI PCI platform driver
Nov  2 03:44:55 tim kernel: [    0.946828] ehci-pci 0000:00:0b.0: EHCI Host Controller
Nov  2 03:44:55 tim kernel: [    0.947311] ehci-pci 0000:00:0b.0: new USB bus registered, assigned bus number 1
Nov  2 03:44:55 tim kernel: [    0.948102] ehci-pci 0000:00:0b.0: irq 19, io mem 0xf1805000
Nov  2 03:44:55 tim kernel: [    0.958944] ehci-pci 0000:00:0b.0: USB 2.0 started, EHCI 1.00
Nov  2 03:44:55 tim kernel: [    0.959557] usb usb1: New USB device found, idVendor=1d6b, idProduct=0002
Nov  2 03:44:55 tim kernel: [    0.959989] usb usb1: New USB device strings: Mfr=3, Product=2, SerialNumber=1
Nov  2 03:44:55 tim kernel: [    0.960558] usb usb1: Product: EHCI Host Controller
Nov  2 03:44:55 tim kernel: [    0.960911] usb usb1: Manufacturer: Linux 4.4.0-142-generic ehci_hcd
Nov  2 03:44:55 tim kernel: [    0.961294] usb usb1: SerialNumber: 0000:00:0b.0
Nov  2 03:44:55 tim kernel: [    0.961815] hub 1-0:1.0: USB hub found
Nov  2 03:44:55 tim kernel: [    0.962109] hub 1-0:1.0: 12 ports detected
Nov  2 03:44:55 tim kernel: [    0.962660] ehci-platform: EHCI generic platform driver
Nov  2 03:44:55 tim kernel: [    0.962994] ohci_hcd: USB 1.1 'Open' Host Controller (OHCI) Driver
Nov  2 03:44:55 tim kernel: [    0.963380] ohci-pci: OHCI PCI platform driver
Nov  2 03:44:55 tim kernel: [    0.964110] ohci-pci 0000:00:06.0: OHCI PCI host controller
Nov  2 03:44:55 tim kernel: [    0.964517] ohci-pci 0000:00:06.0: new USB bus registered, assigned bus number 2
Nov  2 03:44:55 tim kernel: [    0.965098] ohci-pci 0000:00:06.0: irq 22, io mem 0xf1804000
Nov  2 03:44:55 tim kernel: [    1.022604] usb usb2: New USB device found, idVendor=1d6b, idProduct=0001
Nov  2 03:44:55 tim kernel: [    1.022972] usb usb2: New USB device strings: Mfr=3, Product=2, SerialNumber=1
Nov  2 03:44:55 tim kernel: [    1.023507] usb usb2: Product: OHCI PCI host controller
Nov  2 03:44:55 tim kernel: [    1.023830] usb usb2: Manufacturer: Linux 4.4.0-142-generic ohci_hcd
Nov  2 03:44:55 tim kernel: [    1.024217] usb usb2: SerialNumber: 0000:00:06.0
Nov  2 03:44:55 tim kernel: [    1.024707] hub 2-0:1.0: USB hub found
Nov  2 03:44:55 tim kernel: [    1.025007] hub 2-0:1.0: 12 ports detected
Nov  2 03:44:55 tim kernel: [    1.025577] ohci-platform: OHCI generic platform driver
Nov  2 03:44:55 tim kernel: [    1.025997] uhci_hcd: USB Universal Host Controller Interface driver
Nov  2 03:44:55 tim kernel: [    1.026439] i8042: PNP: PS/2 Controller [PNP0303:PS2K,PNP0f03:PS2M] at 0x60,0x64 irq 1,12
Nov  2 03:44:55 tim kernel: [    1.027880] serio: i8042 KBD port at 0x60,0x64 irq 1
Nov  2 03:44:55 tim kernel: [    1.028238] serio: i8042 AUX port at 0x60,0x64 irq 12
Nov  2 03:44:55 tim kernel: [    1.028701] mousedev: PS/2 mouse device common for all mice
Nov  2 03:44:55 tim kernel: [    1.029600] input: AT Translated Set 2 keyboard as /devices/platform/i8042/serio0/input/input2
Nov  2 03:44:55 tim kernel: [    1.030636] rtc_cmos rtc_cmos: rtc core: registered rtc_cmos as rtc0
Nov  2 03:44:55 tim kernel: [    1.031072] rtc_cmos rtc_cmos: alarms up to one day, 114 bytes nvram
Nov  2 03:44:55 tim kernel: [    1.031426] i2c /dev entries driver
Nov  2 03:44:55 tim kernel: [    1.031823] device-mapper: uevent: version 1.0.3
Nov  2 03:44:55 tim kernel: [    1.032264] device-mapper: ioctl: 4.34.0-ioctl (2015-10-28) initialised: dm-devel@redhat.com
Nov  2 03:44:55 tim kernel: [    1.033247] ledtrig-cpu: registered to indicate activity on CPUs
Nov  2 03:44:55 tim kernel: [    1.033960] NET: Registered protocol family 10
Nov  2 03:44:55 tim kernel: [    1.034371] NET: Registered protocol family 17
Nov  2 03:44:55 tim kernel: [    1.034688] Key type dns_resolver registered
Nov  2 03:44:55 tim kernel: [    1.035145] registered taskstats version 1
Nov  2 03:44:55 tim kernel: [    1.035454] Loading compiled-in X.509 certificates
Nov  2 03:44:55 tim kernel: [    1.036260] Loaded X.509 cert 'Build time autogenerated kernel key: bff73e56bc0efa7435b2a24f5427674623f1be80'
Nov  2 03:44:55 tim kernel: [    1.036949] zswap: loaded using pool lzo/zbud
Nov  2 03:44:55 tim kernel: [    1.038566] Key type trusted registered
Nov  2 03:44:55 tim kernel: [    1.040940] Key type encrypted registered
Nov  2 03:44:55 tim kernel: [    1.041242] AppArmor: AppArmor sha1 policy hashing enabled
Nov  2 03:44:55 tim kernel: [    1.041718] ima: No TPM chip found, activating TPM-bypass!
Nov  2 03:44:55 tim kernel: [    1.042051] ima: Allocated hash algorithm: sha1
Nov  2 03:44:55 tim kernel: [    1.042366] evm: HMAC attrs: 0x1
Nov  2 03:44:55 tim kernel: [    1.042956]   Magic number: 11:922:728
Nov  2 03:44:55 tim kernel: [    1.043305] rtc_cmos rtc_cmos: setting system clock to 2019-11-02 10:44:50 UTC (1572691490)
Nov  2 03:44:55 tim kernel: [    1.044003] BIOS EDD facility v0.16 2004-Jun-25, 0 devices found
Nov  2 03:44:55 tim kernel: [    1.044346] EDD information not available.
Nov  2 03:44:55 tim kernel: [    1.044676] PM: Hibernation image not present or could not be loaded.
Nov  2 03:44:55 tim kernel: [    1.101980] ata2.00: ATAPI: VBOX CD-ROM, 1.0, max UDMA/133
Nov  2 03:44:55 tim kernel: [    1.102863] ata2.00: configured for UDMA/33
Nov  2 03:44:55 tim kernel: [    1.103659] scsi 1:0:0:0: CD-ROM            VBOX     CD-ROM           1.0  PQ: 0 ANSI: 5
Nov  2 03:44:55 tim kernel: [    1.111077] sr 1:0:0:0: [sr0] scsi3-mmc drive: 32x/32x xa/form2 tray
Nov  2 03:44:55 tim kernel: [    1.111388] cdrom: Uniform CD-ROM driver Revision: 3.20
Nov  2 03:44:55 tim kernel: [    1.111866] sr 1:0:0:0: Attached scsi CD-ROM sr0
Nov  2 03:44:55 tim kernel: [    1.111952] sr 1:0:0:0: Attached scsi generic sg0 type 5
Nov  2 03:44:55 tim kernel: [    1.112893] Freeing unused kernel memory: 1484K
Nov  2 03:44:55 tim kernel: [    1.122509] Write protecting the kernel read-only data: 14336k
Nov  2 03:44:55 tim kernel: [    1.123095] Freeing unused kernel memory: 1624K
Nov  2 03:44:55 tim kernel: [    1.123581] Freeing unused kernel memory: 92K
Nov  2 03:44:55 tim kernel: [    1.134445] random: systemd-udevd: uninitialized urandom read (16 bytes read, 3 bits of entropy available)
Nov  2 03:44:55 tim kernel: [    1.135116] random: systemd-udevd: uninitialized urandom read (16 bytes read, 3 bits of entropy available)
Nov  2 03:44:55 tim kernel: [    1.135772] random: systemd-udevd: uninitialized urandom read (16 bytes read, 3 bits of entropy available)
Nov  2 03:44:55 tim kernel: [    1.136491] random: systemd-udevd: uninitialized urandom read (16 bytes read, 3 bits of entropy available)
Nov  2 03:44:55 tim kernel: [    1.137761] random: udevadm: uninitialized urandom read (16 bytes read, 3 bits of entropy available)
Nov  2 03:44:55 tim kernel: [    1.138502] random: udevadm: uninitialized urandom read (16 bytes read, 3 bits of entropy available)
Nov  2 03:44:55 tim kernel: [    1.144139] random: systemd-udevd: uninitialized urandom read (16 bytes read, 3 bits of entropy available)
Nov  2 03:44:55 tim kernel: [    1.144801] random: systemd-udevd: uninitialized urandom read (16 bytes read, 3 bits of entropy available)
Nov  2 03:44:55 tim kernel: [    1.145495] random: systemd-udevd: uninitialized urandom read (16 bytes read, 3 bits of entropy available)
Nov  2 03:44:55 tim kernel: [    1.148473] random: systemd-udevd: uninitialized urandom read (16 bytes read, 3 bits of entropy available)
Nov  2 03:44:55 tim kernel: [    1.199698] ACPI: Video Device [GFX0] (multi-head: yes  rom: no  post: no)
Nov  2 03:44:55 tim kernel: [    1.200179] input: Video Bus as /devices/LNXSYSTM:00/LNXSYBUS:00/PNP0A03:00/LNXVIDEO:00/input/input4
Nov  2 03:44:55 tim kernel: [    1.225098] e1000: Intel(R) PRO/1000 Network Driver - version 7.3.21-k8-NAPI
Nov  2 03:44:55 tim kernel: [    1.225530] e1000: Copyright (c) 1999-2006 Intel Corporation.
Nov  2 03:44:55 tim kernel: [    1.236685] [drm] Initialized drm 1.1.0 20060810
Nov  2 03:44:55 tim kernel: [    1.282823] AVX2 version of gcm_enc/dec engaged.
Nov  2 03:44:55 tim kernel: [    1.283142] AES CTR mode by8 optimization enabled
Nov  2 03:44:55 tim kernel: [    1.437733] usb 2-1: new full-speed USB device number 2 using ohci-pci
Nov  2 03:44:55 tim kernel: [    1.439450] input: ImExPS/2 Generic Explorer Mouse as /devices/platform/i8042/serio1/input/input5
Nov  2 03:44:55 tim kernel: [    1.662590] e1000 0000:00:03.0 eth0: (PCI:33MHz:32-bit) 08:00:27:f4:05:5e
Nov  2 03:44:55 tim kernel: [    1.662963] e1000 0000:00:03.0 eth0: Intel(R) PRO/1000 Network Connection
Nov  2 03:44:55 tim kernel: [    1.663343] ahci 0000:00:0d.0: version 3.0
Nov  2 03:44:55 tim kernel: [    1.663788] ahci 0000:00:0d.0: SSS flag set, parallel bus scan disabled
Nov  2 03:44:55 tim kernel: [    1.664313] ahci 0000:00:0d.0: AHCI 0001.0100 32 slots 1 ports 3 Gbps 0x1 impl SATA mode
Nov  2 03:44:55 tim kernel: [    1.664879] ahci 0000:00:0d.0: flags: 64bit ncq stag only ccc 
Nov  2 03:44:55 tim kernel: [    1.667205] e1000 0000:00:03.0 enp0s3: renamed from eth0
Nov  2 03:44:55 tim kernel: [    1.669181] scsi host2: ahci
Nov  2 03:44:55 tim kernel: [    1.669577] ata3: SATA max UDMA/133 abar m8192@0xf1806000 port 0xf1806100 irq 21
Nov  2 03:44:55 tim kernel: [    1.670930] [drm] DMA map mode: Using physical TTM page addresses.
Nov  2 03:44:55 tim kernel: [    1.671318] [drm] Capabilities:
Nov  2 03:44:55 tim kernel: [    1.671594] [drm]   Cursor.
Nov  2 03:44:55 tim kernel: [    1.672180] [drm]   Cursor bypass 2.
Nov  2 03:44:55 tim kernel: [    1.672479] [drm]   Alpha cursor.
Nov  2 03:44:55 tim kernel: [    1.672885] [drm]   3D.
Nov  2 03:44:55 tim kernel: [    1.673280] [drm]   Extended Fifo.
Nov  2 03:44:55 tim kernel: [    1.673689] [drm]   Pitchlock.
Nov  2 03:44:55 tim kernel: [    1.673977] [drm]   Irq mask.
Nov  2 03:44:55 tim kernel: [    1.674248] [drm]   GMR.
Nov  2 03:44:55 tim kernel: [    1.674508] [drm]   Traces.
Nov  2 03:44:55 tim kernel: [    1.674783] [drm]   GMR2.
Nov  2 03:44:55 tim kernel: [    1.675046] [drm]   Screen Object 2.
Nov  2 03:44:55 tim kernel: [    1.675331] [drm] Max GMR ids is 8192
Nov  2 03:44:55 tim kernel: [    1.675665] [drm] Max number of GMR pages is 1048576
Nov  2 03:44:55 tim kernel: [    1.675982] [drm] Max dedicated hypervisor surface memory is 507904 kiB
Nov  2 03:44:55 tim kernel: [    1.676426] [drm] Maximum display memory size is 16384 kiB
Nov  2 03:44:55 tim kernel: [    1.676833] [drm] VRAM at 0xf0000000 size is 16384 kiB
Nov  2 03:44:55 tim kernel: [    1.677154] [drm] MMIO at 0xf1000000 size is 2048 kiB
Nov  2 03:44:55 tim kernel: [    1.677699] [drm] global init.
Nov  2 03:44:55 tim kernel: [    1.678000] [TTM] Zone  kernel: Available graphics memory: 507950 kiB
Nov  2 03:44:55 tim kernel: [    1.678388] [TTM] Initializing pool allocator
Nov  2 03:44:55 tim kernel: [    1.678729] [TTM] Initializing DMA pool allocator
Nov  2 03:44:55 tim kernel: [    1.679098] [drm] Supports vblank timestamp caching Rev 2 (21.10.2013).
Nov  2 03:44:55 tim kernel: [    1.679517] [drm] No driver support for vblank timestamp query.
Nov  2 03:44:55 tim kernel: [    1.680847] [drm] Screen Objects Display Unit initialized
Nov  2 03:44:55 tim kernel: [    1.681224] [drm] width 720
Nov  2 03:44:55 tim kernel: [    1.681515] [drm] height 400
Nov  2 03:44:55 tim kernel: [    1.681889] [drm] bpp 32
Nov  2 03:44:55 tim kernel: [    1.682909] [drm] Fifo max 0x00200000 min 0x00001000 cap 0x00000355
Nov  2 03:44:55 tim kernel: [    1.684599] [drm] DX: no.
Nov  2 03:44:55 tim kernel: [    1.687048] fbcon: svgadrmfb (fb0) is primary device
Nov  2 03:44:55 tim kernel: [    1.708467] Console: switching to colour frame buffer device 100x37
Nov  2 03:44:55 tim kernel: [    1.709493] [drm] Initialized vmwgfx 2.9.0 20150810 for 0000:00:02.0 on minor 0
Nov  2 03:44:55 tim kernel: [    1.754090] usb 2-1: New USB device found, idVendor=80ee, idProduct=0021
Nov  2 03:44:55 tim kernel: [    1.754128] usb 2-1: New USB device strings: Mfr=1, Product=3, SerialNumber=0
Nov  2 03:44:55 tim kernel: [    1.754144] usb 2-1: Product: USB Tablet
Nov  2 03:44:55 tim kernel: [    1.754154] usb 2-1: Manufacturer: VirtualBox
Nov  2 03:44:55 tim kernel: [    1.764202] hidraw: raw HID events driver (C) Jiri Kosina
Nov  2 03:44:55 tim kernel: [    1.780824] usbcore: registered new interface driver usbhid
Nov  2 03:44:55 tim kernel: [    1.780841] usbhid: USB HID core driver
Nov  2 03:44:55 tim kernel: [    1.787390] input: VirtualBox USB Tablet as /devices/pci0000:00/0000:00:06.0/usb2/2-1/2-1:1.0/0003:80EE:0021.0001/input/input6
Nov  2 03:44:55 tim kernel: [    1.787691] hid-generic 0003:80EE:0021.0001: input,hidraw0: USB HID v1.10 Mouse [VirtualBox USB Tablet] on usb-0000:00:06.0-1/input0
Nov  2 03:44:55 tim kernel: [    1.921755] tsc: Refined TSC clocksource calibration: 1989.861 MHz
Nov  2 03:44:55 tim kernel: [    1.922081] clocksource: tsc: mask: 0xffffffffffffffff max_cycles: 0x395d88e6f33, max_idle_ns: 881590510094 ns
Nov  2 03:44:55 tim kernel: [    1.989770] ata3: SATA link up 3.0 Gbps (SStatus 123 SControl 300)
Nov  2 03:44:55 tim kernel: [    1.990286] ata3.00: ATA-6: VBOX HARDDISK, 1.0, max UDMA/133
Nov  2 03:44:55 tim kernel: [    1.990714] ata3.00: 8388608 sectors, multi 128: LBA48 NCQ (depth 31/32)
Nov  2 03:44:55 tim kernel: [    1.991316] ata3.00: configured for UDMA/133
Nov  2 03:44:55 tim kernel: [    1.991756] scsi 2:0:0:0: Direct-Access     ATA      VBOX HARDDISK    1.0  PQ: 0 ANSI: 5
Nov  2 03:44:55 tim kernel: [    1.992215] sd 2:0:0:0: [sda] 8388608 512-byte logical blocks: (4.29 GB/4.00 GiB)
Nov  2 03:44:55 tim kernel: [    1.992650] sd 2:0:0:0: [sda] Write Protect is off
Nov  2 03:44:55 tim kernel: [    1.992986] sd 2:0:0:0: [sda] Mode Sense: 00 3a 00 00
Nov  2 03:44:55 tim kernel: [    1.992997] sd 2:0:0:0: Attached scsi generic sg1 type 0
Nov  2 03:44:55 tim kernel: [    1.993406] sd 2:0:0:0: [sda] Write cache: enabled, read cache: enabled, doesn't support DPO or FUA
Nov  2 03:44:55 tim kernel: [    2.004514]  sda: sda1 sda2 < sda5 >
Nov  2 03:44:55 tim kernel: [    2.005238] sd 2:0:0:0: [sda] Attached SCSI disk
Nov  2 03:44:55 tim kernel: [    2.122507] md: linear personality registered for level -1
Nov  2 03:44:55 tim kernel: [    2.124928] md: multipath personality registered for level -4
Nov  2 03:44:55 tim kernel: [    2.127996] md: raid0 personality registered for level 0
Nov  2 03:44:55 tim kernel: [    2.132053] md: raid1 personality registered for level 1
Nov  2 03:44:55 tim kernel: [    2.201611] raid6: sse2x1   gen() 12167 MB/s
Nov  2 03:44:55 tim kernel: [    2.269913] raid6: sse2x1   xor()  9167 MB/s
Nov  2 03:44:55 tim kernel: [    2.337798] raid6: sse2x2   gen() 14730 MB/s
Nov  2 03:44:55 tim kernel: [    2.406068] raid6: sse2x2   xor()  9693 MB/s
Nov  2 03:44:55 tim kernel: [    2.473886] raid6: sse2x4   gen() 16069 MB/s
Nov  2 03:44:55 tim kernel: [    2.542397] raid6: sse2x4   xor() 10804 MB/s
Nov  2 03:44:55 tim kernel: [    2.610514] raid6: avx2x1   gen() 22155 MB/s
Nov  2 03:44:55 tim kernel: [    2.677583] raid6: avx2x2   gen() 24734 MB/s
Nov  2 03:44:55 tim kernel: [    2.745902] raid6: avx2x4   gen() 30607 MB/s
Nov  2 03:44:55 tim kernel: [    2.746274] raid6: using algorithm avx2x4 gen() 30607 MB/s
Nov  2 03:44:55 tim kernel: [    2.746820] raid6: using avx2x2 recovery algorithm
Nov  2 03:44:55 tim kernel: [    2.750503] xor: automatically using best checksumming function:
Nov  2 03:44:55 tim kernel: [    2.789861]    avx       : 26635.000 MB/sec
Nov  2 03:44:55 tim kernel: [    2.792272] async_tx: api initialized (async)
Nov  2 03:44:55 tim kernel: [    2.802764] md: raid6 personality registered for level 6
Nov  2 03:44:55 tim kernel: [    2.803076] md: raid5 personality registered for level 5
Nov  2 03:44:55 tim kernel: [    2.803374] md: raid4 personality registered for level 4
Nov  2 03:44:55 tim kernel: [    2.808457] md: raid10 personality registered for level 10
Nov  2 03:44:55 tim kernel: [    2.838854] Btrfs loaded
Nov  2 03:44:55 tim kernel: [    2.981528] EXT4-fs (sda1): mounted filesystem with ordered data mode. Opts: (null)
Nov  2 03:44:55 tim kernel: [    3.239137] EXT4-fs (sda1): re-mounted. Opts: errors=remount-ro
Nov  2 03:44:55 tim kernel: [    3.260005] Loading iSCSI transport class v2.0-870.
Nov  2 03:44:55 tim kernel: [    3.320474] iscsi: registered transport (tcp)
Nov  2 03:44:55 tim kernel: [    3.493732] iscsi: registered transport (iser)
Nov  2 03:44:55 tim kernel: [    3.910462] random: nonblocking pool is initialized
Nov  2 03:44:55 tim kernel: [    3.910974] audit: type=1400 audit(1572691493.364:2): apparmor="STATUS" operation="profile_load" profile="unconfined" name="lxc-container-default" pid=567 comm="apparmor_parser"
Nov  2 03:44:55 tim kernel: [    3.910979] audit: type=1400 audit(1572691493.364:3): apparmor="STATUS" operation="profile_load" profile="unconfined" name="lxc-container-default-cgns" pid=567 comm="apparmor_parser"
Nov  2 03:44:55 tim kernel: [    3.910982] audit: type=1400 audit(1572691493.364:4): apparmor="STATUS" operation="profile_load" profile="unconfined" name="lxc-container-default-with-mounting" pid=567 comm="apparmor_parser"
Nov  2 03:44:55 tim kernel: [    3.910986] audit: type=1400 audit(1572691493.364:5): apparmor="STATUS" operation="profile_load" profile="unconfined" name="lxc-container-default-with-nesting" pid=567 comm="apparmor_parser"
Nov  2 03:44:55 tim kernel: [    3.919166] audit: type=1400 audit(1572691493.372:6): apparmor="STATUS" operation="profile_load" profile="unconfined" name="/sbin/dhclient" pid=568 comm="apparmor_parser"
Nov  2 03:44:55 tim kernel: [    3.919171] audit: type=1400 audit(1572691493.372:7): apparmor="STATUS" operation="profile_load" profile="unconfined" name="/usr/lib/NetworkManager/nm-dhcp-client.action" pid=568 comm="apparmor_parser"
Nov  2 03:44:55 tim kernel: [    3.919174] audit: type=1400 audit(1572691493.372:8): apparmor="STATUS" operation="profile_load" profile="unconfined" name="/usr/lib/NetworkManager/nm-dhcp-helper" pid=568 comm="apparmor_parser"
Nov  2 03:44:55 tim kernel: [    3.919177] audit: type=1400 audit(1572691493.372:9): apparmor="STATUS" operation="profile_load" profile="unconfined" name="/usr/lib/connman/scripts/dhclient-script" pid=568 comm="apparmor_parser"
Nov  2 03:44:55 tim kernel: [    3.920272] audit: type=1400 audit(1572691493.372:10): apparmor="STATUS" operation="profile_load" profile="unconfined" name="/usr/bin/lxc-start" pid=569 comm="apparmor_parser"
Nov  2 03:44:55 tim kernel: [    4.050543] piix4_smbus 0000:00:07.0: SMBus Host Controller at 0x4100, revision 0
Nov  2 03:44:55 tim kernel: [    4.191323] vgdrvHeartbeatInit: Setting up heartbeat to trigger every 2000 milliseconds
Nov  2 03:44:55 tim kernel: [    4.191431] input: Unspecified device as /devices/pci0000:00/0000:00:04.0/input/input7
Nov  2 03:44:55 tim kernel: [    4.191550] vboxguest: misc device minor 55, IRQ 20, I/O port d040, MMIO at 00000000f1400000 (size 0x400000)
Nov  2 03:44:55 tim kernel: [    4.191551] vboxguest: Successfully loaded version 5.0.18_Ubuntu (interface 0x00010004)
Nov  2 03:44:55 tim kernel: [    4.247041] intel_rapl: no valid rapl domains found in package 0
Nov  2 03:44:55 tim kernel: [    4.299582] snd_intel8x0 0000:00:05.0: disable (unknown or VT-d) VM optimization
Nov  2 03:44:55 tim kernel: [    5.875611] snd_intel8x0 0000:00:05.0: white list rate for 1028:0177 is 48000
Nov  2 03:44:55 tim kernel: [    5.920148] IPv6: ADDRCONF(NETDEV_UP): enp0s3: link is not ready
Nov  2 03:44:55 tim kernel: [    5.922650] e1000: enp0s3 NIC Link is Up 1000 Mbps Full Duplex, Flow Control: RX
Nov  2 03:44:55 tim kernel: [    5.923384] IPv6: ADDRCONF(NETDEV_CHANGE): enp0s3: link becomes ready
Nov  2 03:44:55 tim kernel: [    6.045755] Adding 998396k swap on /dev/sda5.  Priority:-1 extents:1 across:998396k FS
Nov  2 03:44:55 tim kernel: [    6.111614] cgroup: new mount options do not match the existing superblock, will be ignored
Nov  2 03:44:55 tim dhclient[698]: 
Nov  2 03:44:55 tim systemd[1]: Reached target Sound Card.
Nov  2 03:44:55 tim dhclient[698]: Listening on LPF/enp0s3/08:00:27:f4:05:5e
Nov  2 03:44:55 tim sh[682]: Listening on LPF/enp0s3/08:00:27:f4:05:5e
Nov  2 03:44:55 tim sh[682]: Sending on   LPF/enp0s3/08:00:27:f4:05:5e
Nov  2 03:44:55 tim sh[682]: Sending on   Socket/fallback
Nov  2 03:44:55 tim sh[682]: DHCPREQUEST of 10.0.2.15 on enp0s3 to 255.255.255.255 port 67 (xid=0x65e295f)
Nov  2 03:44:55 tim dhclient[698]: Sending on   LPF/enp0s3/08:00:27:f4:05:5e
Nov  2 03:44:55 tim dhclient[698]: Sending on   Socket/fallback
Nov  2 03:44:55 tim dhclient[698]: DHCPREQUEST of 10.0.2.15 on enp0s3 to 255.255.255.255 port 67 (xid=0x65e295f)
Nov  2 03:44:55 tim dhclient[698]: DHCPACK of 10.0.2.15 from 10.0.2.2
Nov  2 03:44:55 tim sh[682]: DHCPACK of 10.0.2.15 from 10.0.2.2
Nov  2 03:44:55 tim dhclient[698]: bound to 10.0.2.15 -- renewal in 38744 seconds.
Nov  2 03:44:55 tim sh[682]: bound to 10.0.2.15 -- renewal in 38744 seconds.
Nov  2 03:44:55 tim systemd[1]: Found device VBOX_HARDDISK 5.
Nov  2 03:44:55 tim systemd[1]: Activating swap /dev/disk/by-uuid/43ede936-2350-4876-839d-768d41e65775...
Nov  2 03:44:55 tim systemd[1]: Activated swap /dev/disk/by-uuid/43ede936-2350-4876-839d-768d41e65775.
Nov  2 03:44:55 tim systemd[1]: Reached target Swap.
Nov  2 03:44:55 tim systemd[1]: Reached target System Initialization.
Nov  2 03:44:55 tim systemd[1]: Listening on D-Bus System Message Bus Socket.
Nov  2 03:44:55 tim systemd[1]: Started Daily Cleanup of Temporary Directories.
Nov  2 03:44:55 tim systemd[1]: Listening on UUID daemon activation socket.
Nov  2 03:44:55 tim systemd[1]: Listening on ACPID Listen Socket.
Nov  2 03:44:55 tim systemd[1]: Started Daily apt download activities.
Nov  2 03:44:55 tim systemd[1]: Started Daily apt upgrade and clean activities.
Nov  2 03:44:55 tim systemd[1]: Reached target Timers.
Nov  2 03:44:55 tim systemd[1]: Started ACPI Events Check.
Nov  2 03:44:55 tim systemd[1]: Reached target Paths.
Nov  2 03:44:55 tim systemd[1]: Starting Socket activation for snappy daemon.
Nov  2 03:44:55 tim systemd[1]: Starting LXD - unix socket.
Nov  2 03:44:55 tim systemd[1]: Listening on Socket activation for snappy daemon.
Nov  2 03:44:55 tim systemd[1]: Listening on LXD - unix socket.
Nov  2 03:44:55 tim systemd[1]: Reached target Sockets.
Nov  2 03:44:55 tim systemd[1]: Reached target Basic System.
Nov  2 03:44:55 tim systemd[1]: Started FUSE filesystem for LXC.
Nov  2 03:44:55 tim systemd[1]: Starting LXD - container startup/shutdown...
Nov  2 03:44:55 tim systemd[1]: Started Regular background program processing daemon.
Nov  2 03:44:55 tim systemd[1]: Started ACPI event daemon.
Nov  2 03:44:55 tim cron[837]: (CRON) INFO (pidfile fd = 3)
Nov  2 03:44:55 tim systemd[1]: Starting Login Service...
Nov  2 03:44:55 tim lxcfs[833]: hierarchies:
Nov  2 03:44:55 tim lxcfs[833]:   0: fd:   5: freezer
Nov  2 03:44:55 tim lxcfs[833]:   1: fd:   6: blkio
Nov  2 03:44:55 tim lxcfs[833]:   2: fd:   7: memory
Nov  2 03:44:55 tim lxcfs[833]:   3: fd:   8: perf_event
Nov  2 03:44:55 tim lxcfs[833]:   4: fd:   9: cpuset
Nov  2 03:44:55 tim lxcfs[833]:   5: fd:  10: pids
Nov  2 03:44:55 tim lxcfs[833]:   6: fd:  11: cpu,cpuacct
Nov  2 03:44:55 tim lxcfs[833]:   7: fd:  12: devices
Nov  2 03:44:55 tim lxcfs[833]:   8: fd:  13: hugetlb
Nov  2 03:44:55 tim lxcfs[833]:   9: fd:  14: net_cls,net_prio
Nov  2 03:44:55 tim lxcfs[833]:  10: fd:  15: name=systemd
Nov  2 03:44:55 tim systemd[1]: Starting Accounts Service...
Nov  2 03:44:55 tim cron[837]: (CRON) INFO (Running @reboot jobs)
Nov  2 03:44:55 tim systemd[1]: Starting System Logging Service...
Nov  2 03:44:55 tim systemd[1]: Started D-Bus System Message Bus.
Nov  2 03:44:55 tim dbus[852]: [system] AppArmor D-Bus mediation is enabled
Nov  2 03:44:55 tim systemd[1]: Starting LSB: MD monitoring daemon...
Nov  2 03:44:55 tim systemd[1]: Starting LSB: Record successful boot for GRUB...
Nov  2 03:44:55 tim systemd[1]: Started Deferred execution scheduler.
Nov  2 03:44:55 tim systemd[1]: Starting Snappy daemon...
Nov  2 03:44:55 tim systemd[1]: Started System Logging Service.
Nov  2 03:44:55 tim acpid: starting up with netlink and the input layer
Nov  2 03:44:55 tim acpid: 1 rule loaded
Nov  2 03:44:55 tim acpid: waiting for events: event logging is off
Nov  2 03:44:55 tim dbus[852]: [system] Activating via systemd: service name='org.freedesktop.PolicyKit1' unit='polkitd.service'
Nov  2 03:44:55 tim systemd[1]: Starting Authenticate and Authorize Users to Run Privileged Tasks...
Nov  2 03:44:55 tim systemd[1]: Started Login Service.
Nov  2 03:44:55 tim mdadm[868]:  * Starting MD monitoring service mdadm --monitor
Nov  2 03:44:55 tim systemd[1]: Started LSB: Record successful boot for GRUB.
Nov  2 03:44:55 tim mdadm[868]:    ...done.
Nov  2 03:44:55 tim systemd[1]: Started LSB: MD monitoring daemon.
Nov  2 03:44:55 tim systemd[1]: Started LXD - container startup/shutdown.
Nov  2 03:44:55 tim polkitd[903]: started daemon version 0.105 using authority implementation `local' version `0.105'
Nov  2 03:44:55 tim dbus[852]: [system] Successfully activated service 'org.freedesktop.PolicyKit1'
Nov  2 03:44:55 tim systemd[1]: Started Authenticate and Authorize Users to Run Privileged Tasks.
Nov  2 03:44:55 tim accounts-daemon[847]: started daemon version 0.6.40
Nov  2 03:44:55 tim systemd[1]: Started Accounts Service.
Nov  2 03:44:55 tim systemd[1]: Started Raise network interfaces.
Nov  2 03:44:55 tim systemd[1]: Reached target Network.
Nov  2 03:44:55 tim systemd[1]: Started Unattended Upgrades Shutdown.
Nov  2 03:44:55 tim systemd[1]: Reached target Network is Online.
Nov  2 03:44:55 tim systemd[1]: Starting /etc/rc.local Compatibility...
Nov  2 03:44:55 tim systemd[1]: Starting iSCSI initiator daemon (iscsid)...
Nov  2 03:44:55 tim systemd[1]: Started /etc/rc.local Compatibility.
Nov  2 03:44:55 tim iscsid: iSCSI logger with pid=966 started!
Nov  2 03:44:55 tim iscsid: iSCSI daemon with pid=967 started!
Nov  2 03:44:55 tim systemd[1]: Started iSCSI initiator daemon (iscsid).
Nov  2 03:44:55 tim systemd[1]: Starting Login to default iSCSI targets...
Nov  2 03:44:55 tim snapd[874]: AppArmor status: apparmor is enabled and all features are available
Nov  2 03:44:55 tim iscsiadm[975]: iscsiadm: No records found
Nov  2 03:44:55 tim systemd[1]: Started Login to default iSCSI targets.
Nov  2 03:44:55 tim systemd[1]: Reached target Remote File Systems (Pre).
Nov  2 03:44:55 tim systemd[1]: Reached target Remote File Systems.
Nov  2 03:44:55 tim systemd[1]: Starting Permit User Sessions...
Nov  2 03:44:55 tim systemd[1]: Starting LSB: automatic crash report generation...
Nov  2 03:44:56 tim systemd[1]: Starting LSB: daemon to balance interrupts for SMP systems...
Nov  2 03:44:56 tim systemd[1]: Starting LSB: Set the CPU Frequency Scaling governor to "ondemand"...
Nov  2 03:44:56 tim systemd[1]: Started Permit User Sessions.
Nov  2 03:44:56 tim systemd[1]: Started LSB: Set the CPU Frequency Scaling governor to "ondemand".
Nov  2 03:44:56 tim systemd[1]: Starting Hold until boot process finishes up...
Nov  2 03:44:56 tim systemd[1]: Starting Terminate Plymouth Boot Screen...
Nov  2 03:44:56 tim apport[986]:  * Starting automatic crash report generation: apport
Nov  2 03:44:56 tim systemd[1]: Started Hold until boot process finishes up.
Nov  2 03:44:56 tim irqbalance[991]:  * Starting SMP IRQ Balancer: irqbalance
Nov  2 03:44:56 tim systemd[1]: Starting Set console scheme...
Nov  2 03:44:56 tim systemd[1]: Started Getty on tty1.
Nov  2 03:44:56 tim irqbalance[991]:    ...done.
Nov  2 03:44:56 tim systemd[1]: Reached target Login Prompts.
Nov  2 03:44:56 tim snapd[874]: 2019/11/02 03:44:56.119140 daemon.go:343: started snapd/2.34.2ubuntu0.1 (series 16; classic) ubuntu/16.04 (amd64) linux/4.4.0-142-generic.
Nov  2 03:44:56 tim /usr/sbin/irqbalance: Balancing is ineffective on systems with a single cpu.  Shutting down
Nov  2 03:44:56 tim apport[986]:    ...done.
Nov  2 03:44:56 tim systemd[1]: Started Terminate Plymouth Boot Screen.
Nov  2 03:44:56 tim systemd[1]: Started Set console scheme.
Nov  2 03:44:56 tim systemd[1]: Started Snappy daemon.
Nov  2 03:44:56 tim systemd[1]: Started LSB: automatic crash report generation.
Nov  2 03:44:56 tim systemd[1]: Started LSB: daemon to balance interrupts for SMP systems.
Nov  2 03:44:56 tim systemd[1]: Starting Wait until snapd is fully seeded...
Nov  2 03:44:56 tim systemd[1]: Started Wait until snapd is fully seeded.
Nov  2 03:44:56 tim systemd[1]: Reached target Multi-User System.
Nov  2 03:44:56 tim systemd[1]: Reached target Graphical Interface.
Nov  2 03:44:56 tim systemd[1]: Starting Update UTMP about System Runlevel Changes...
Nov  2 03:44:56 tim systemd[1]: Started Update UTMP about System Runlevel Changes.
Nov  2 03:44:56 tim systemd[1]: Startup finished in 2.848s (kernel) + 3.680s (userspace) = 6.528s.
Nov  2 03:45:10 tim systemd[1]: Created slice User Slice of tim.
Nov  2 03:45:10 tim systemd[1]: Starting User Manager for UID 1000...
Nov  2 03:45:10 tim systemd[1]: Started Session 1 of user tim.
Nov  2 03:45:10 tim systemd[1112]: Reached target Paths.
Nov  2 03:45:10 tim systemd[1112]: Reached target Sockets.
Nov  2 03:45:10 tim systemd[1112]: Reached target Timers.
Nov  2 03:45:10 tim systemd[1112]: Reached target Basic System.
Nov  2 03:45:10 tim systemd[1112]: Reached target Default.
Nov  2 03:45:10 tim systemd[1112]: Startup finished in 36ms.
Nov  2 03:45:10 tim systemd[1]: Started User Manager for UID 1000.
Nov  2 03:45:25 tim systemd[1112]: Time has been changed
Nov  2 03:45:25 tim systemd[1]: Time has been changed
Nov  2 03:45:25 tim systemd-timesyncd[480]: Synchronized to time server 91.189.94.4:123 (ntp.ubuntu.com).
Nov  2 04:11:14 tim rsyslogd: [origin software="rsyslogd" swVersion="8.16.0" x-pid="905" x-info="http://www.rsyslog.com"] start
Nov  2 04:11:14 tim rsyslogd-2222: command 'KLogPermitNonKernelFacility' is currently not permitted - did you already set it via a RainerScript command (v6+ config)? [v8.16.0 try http://www.rsyslog.com/e/2222 ]
Nov  2 04:11:14 tim rsyslogd: rsyslogd's groupid changed to 108
Nov  2 04:11:14 tim rsyslogd: rsyslogd's userid changed to 104
Nov  2 04:11:14 tim rsyslogd-2039: Could not open output pipe '/dev/xconsole':: No such file or directory [v8.16.0 try http://www.rsyslog.com/e/2039 ]
Nov  2 04:11:14 tim rsyslogd-2007: action 'action 10' suspended, next retry is Sat Nov  2 04:11:44 2019 [v8.16.0 try http://www.rsyslog.com/e/2007 ]
Nov  2 04:11:14 tim kernel: [    0.000000] Initializing cgroup subsys cpuset
Nov  2 04:11:14 tim kernel: [    0.000000] Initializing cgroup subsys cpu
Nov  2 04:11:14 tim kernel: [    0.000000] Initializing cgroup subsys cpuacct
Nov  2 04:11:14 tim kernel: [    0.000000] Linux version 4.4.0-142-generic (buildd@lgw01-amd64-033) (gcc version 5.4.0 20160609 (Ubuntu 5.4.0-6ubuntu1~16.04.10) ) #168-Ubuntu SMP Wed Jan 16 21:00:45 UTC 2019 (Ubuntu 4.4.0-142.168-generic 4.4.167)
Nov  2 04:11:14 tim kernel: [    0.000000] Command line: BOOT_IMAGE=/boot/vmlinuz-4.4.0-142-generic root=UUID=2636fba8-b03b-4ff0-a14e-b6fb78f4ed24 ro
Nov  2 04:11:14 tim kernel: [    0.000000] KERNEL supported cpus:
Nov  2 04:11:14 tim kernel: [    0.000000]   Intel GenuineIntel
Nov  2 04:11:14 tim kernel: [    0.000000]   AMD AuthenticAMD
Nov  2 04:11:14 tim kernel: [    0.000000]   Centaur CentaurHauls
Nov  2 04:11:14 tim kernel: [    0.000000] x86/fpu: xstate_offset[2]:  576, xstate_sizes[2]:  256
Nov  2 04:11:14 tim kernel: [    0.000000] x86/fpu: Supporting XSAVE feature 0x01: 'x87 floating point registers'
Nov  2 04:11:14 tim kernel: [    0.000000] x86/fpu: Supporting XSAVE feature 0x02: 'SSE registers'
Nov  2 04:11:14 tim kernel: [    0.000000] x86/fpu: Supporting XSAVE feature 0x04: 'AVX registers'
Nov  2 04:11:14 tim kernel: [    0.000000] x86/fpu: Enabled xstate features 0x7, context size is 832 bytes, using 'standard' format.
Nov  2 04:11:14 tim kernel: [    0.000000] e820: BIOS-provided physical RAM map:
Nov  2 04:11:14 tim kernel: [    0.000000] BIOS-e820: [mem 0x0000000000000000-0x000000000009fbff] usable
Nov  2 04:11:14 tim kernel: [    0.000000] BIOS-e820: [mem 0x000000000009fc00-0x000000000009ffff] reserved
Nov  2 04:11:14 tim kernel: [    0.000000] BIOS-e820: [mem 0x00000000000f0000-0x00000000000fffff] reserved
Nov  2 04:11:14 tim kernel: [    0.000000] BIOS-e820: [mem 0x0000000000100000-0x000000003ffeffff] usable
Nov  2 04:11:14 tim kernel: [    0.000000] BIOS-e820: [mem 0x000000003fff0000-0x000000003fffffff] ACPI data
Nov  2 04:11:14 tim kernel: [    0.000000] BIOS-e820: [mem 0x00000000fec00000-0x00000000fec00fff] reserved
Nov  2 04:11:14 tim kernel: [    0.000000] BIOS-e820: [mem 0x00000000fee00000-0x00000000fee00fff] reserved
Nov  2 04:11:14 tim kernel: [    0.000000] BIOS-e820: [mem 0x00000000fffc0000-0x00000000ffffffff] reserved
Nov  2 04:11:14 tim kernel: [    0.000000] NX (Execute Disable) protection: active
Nov  2 04:11:14 tim kernel: [    0.000000] SMBIOS 2.5 present.
Nov  2 04:11:14 tim kernel: [    0.000000] DMI: innotek GmbH VirtualBox/VirtualBox, BIOS VirtualBox 12/01/2006
Nov  2 04:11:14 tim kernel: [    0.000000] Hypervisor detected: KVM
Nov  2 04:11:14 tim kernel: [    0.000000] e820: update [mem 0x00000000-0x00000fff] usable ==> reserved
Nov  2 04:11:14 tim kernel: [    0.000000] e820: remove [mem 0x000a0000-0x000fffff] usable
Nov  2 04:11:14 tim kernel: [    0.000000] e820: last_pfn = 0x3fff0 max_arch_pfn = 0x400000000
Nov  2 04:11:14 tim kernel: [    0.000000] MTRR default type: uncachable
Nov  2 04:11:14 tim kernel: [    0.000000] MTRR variable ranges disabled:
Nov  2 04:11:14 tim kernel: [    0.000000] MTRR: Disabled
Nov  2 04:11:14 tim kernel: [    0.000000] x86/PAT: MTRRs disabled, skipping PAT initialization too.
Nov  2 04:11:14 tim kernel: [    0.000000] CPU MTRRs all blank - virtualized system.
Nov  2 04:11:14 tim kernel: [    0.000000] x86/PAT: Configuration [0-7]: WB  WT  UC- UC  WB  WT  UC- UC  
Nov  2 04:11:14 tim kernel: [    0.000000] found SMP MP-table at [mem 0x0009fff0-0x0009ffff] mapped at [ffff88000009fff0]
Nov  2 04:11:14 tim kernel: [    0.000000] Scanning 1 areas for low memory corruption
Nov  2 04:11:14 tim kernel: [    0.000000] Base memory trampoline at [ffff880000098000] 98000 size 28672
Nov  2 04:11:14 tim kernel: [    0.000000] BRK [0x02215000, 0x02215fff] PGTABLE
Nov  2 04:11:14 tim kernel: [    0.000000] BRK [0x02216000, 0x02216fff] PGTABLE
Nov  2 04:11:14 tim kernel: [    0.000000] BRK [0x02217000, 0x02217fff] PGTABLE
Nov  2 04:11:14 tim kernel: [    0.000000] BRK [0x02218000, 0x02218fff] PGTABLE
Nov  2 04:11:14 tim kernel: [    0.000000] RAMDISK: [mem 0x333ec000-0x359edfff]
Nov  2 04:11:14 tim kernel: [    0.000000] ACPI: Early table checksum verification disabled
Nov  2 04:11:14 tim kernel: [    0.000000] ACPI: RSDP 0x00000000000E0000 000024 (v02 VBOX  )
Nov  2 04:11:14 tim kernel: [    0.000000] ACPI: XSDT 0x000000003FFF0030 00003C (v01 VBOX   VBOXXSDT 00000001 ASL  00000061)
Nov  2 04:11:14 tim kernel: [    0.000000] ACPI: FACP 0x000000003FFF00F0 0000F4 (v04 VBOX   VBOXFACP 00000001 ASL  00000061)
Nov  2 04:11:14 tim kernel: [    0.000000] ACPI: DSDT 0x000000003FFF0470 0022EA (v02 VBOX   VBOXBIOS 00000002 INTL 20180105)
Nov  2 04:11:14 tim kernel: [    0.000000] ACPI: FACS 0x000000003FFF0200 000040
Nov  2 04:11:14 tim kernel: [    0.000000] ACPI: FACS 0x000000003FFF0200 000040
Nov  2 04:11:14 tim kernel: [    0.000000] ACPI: APIC 0x000000003FFF0240 000054 (v02 VBOX   VBOXAPIC 00000001 ASL  00000061)
Nov  2 04:11:14 tim kernel: [    0.000000] ACPI: SSDT 0x000000003FFF02A0 0001CC (v01 VBOX   VBOXCPUT 00000002 INTL 20180105)
Nov  2 04:11:14 tim kernel: [    0.000000] ACPI: Local APIC address 0xfee00000
Nov  2 04:11:14 tim kernel: [    0.000000] No NUMA configuration found
Nov  2 04:11:14 tim kernel: [    0.000000] Faking a node at [mem 0x0000000000000000-0x000000003ffeffff]
Nov  2 04:11:14 tim kernel: [    0.000000] NODE_DATA(0) allocated [mem 0x3ffeb000-0x3ffeffff]
Nov  2 04:11:14 tim kernel: [    0.000000] kvm-clock: Using msrs 4b564d01 and 4b564d00
Nov  2 04:11:14 tim kernel: [    0.000000] kvm-clock: cpu 0, msr 0:3ffe3001, primary cpu clock
Nov  2 04:11:14 tim kernel: [    0.000000] kvm-clock: using sched offset of 22391261645 cycles
Nov  2 04:11:14 tim kernel: [    0.000000] clocksource: kvm-clock: mask: 0xffffffffffffffff max_cycles: 0x1cd42e4dffb, max_idle_ns: 881590591483 ns
Nov  2 04:11:14 tim kernel: [    0.000000] Zone ranges:
Nov  2 04:11:14 tim kernel: [    0.000000]   DMA      [mem 0x0000000000001000-0x0000000000ffffff]
Nov  2 04:11:14 tim kernel: [    0.000000]   DMA32    [mem 0x0000000001000000-0x000000003ffeffff]
Nov  2 04:11:14 tim kernel: [    0.000000]   Normal   empty
Nov  2 04:11:14 tim kernel: [    0.000000]   Device   empty
Nov  2 04:11:14 tim kernel: [    0.000000] Movable zone start for each node
Nov  2 04:11:14 tim kernel: [    0.000000] Early memory node ranges
Nov  2 04:11:14 tim kernel: [    0.000000]   node   0: [mem 0x0000000000001000-0x000000000009efff]
Nov  2 04:11:14 tim kernel: [    0.000000]   node   0: [mem 0x0000000000100000-0x000000003ffeffff]
Nov  2 04:11:14 tim kernel: [    0.000000] Initmem setup node 0 [mem 0x0000000000001000-0x000000003ffeffff]
Nov  2 04:11:14 tim kernel: [    0.000000] On node 0 totalpages: 262030
Nov  2 04:11:14 tim kernel: [    0.000000]   DMA zone: 64 pages used for memmap
Nov  2 04:11:14 tim kernel: [    0.000000]   DMA zone: 22 pages reserved
Nov  2 04:11:14 tim kernel: [    0.000000]   DMA zone: 3998 pages, LIFO batch:0
Nov  2 04:11:14 tim kernel: [    0.000000]   DMA32 zone: 4032 pages used for memmap
Nov  2 04:11:14 tim kernel: [    0.000000]   DMA32 zone: 258032 pages, LIFO batch:31
Nov  2 04:11:14 tim kernel: [    0.000000] ACPI: PM-Timer IO Port: 0x4008
Nov  2 04:11:14 tim kernel: [    0.000000] ACPI: Local APIC address 0xfee00000
Nov  2 04:11:14 tim kernel: [    0.000000] IOAPIC[0]: apic_id 1, version 32, address 0xfec00000, GSI 0-23
Nov  2 04:11:14 tim kernel: [    0.000000] ACPI: INT_SRC_OVR (bus 0 bus_irq 0 global_irq 2 dfl dfl)
Nov  2 04:11:14 tim kernel: [    0.000000] ACPI: INT_SRC_OVR (bus 0 bus_irq 9 global_irq 9 low level)
Nov  2 04:11:14 tim kernel: [    0.000000] ACPI: IRQ0 used by override.
Nov  2 04:11:14 tim kernel: [    0.000000] ACPI: IRQ9 used by override.
Nov  2 04:11:14 tim kernel: [    0.000000] Using ACPI (MADT) for SMP configuration information
Nov  2 04:11:14 tim kernel: [    0.000000] smpboot: Allowing 1 CPUs, 0 hotplug CPUs
Nov  2 04:11:14 tim kernel: [    0.000000] PM: Registered nosave memory: [mem 0x00000000-0x00000fff]
Nov  2 04:11:14 tim kernel: [    0.000000] PM: Registered nosave memory: [mem 0x0009f000-0x0009ffff]
Nov  2 04:11:14 tim kernel: [    0.000000] PM: Registered nosave memory: [mem 0x000a0000-0x000effff]
Nov  2 04:11:14 tim kernel: [    0.000000] PM: Registered nosave memory: [mem 0x000f0000-0x000fffff]
Nov  2 04:11:14 tim kernel: [    0.000000] e820: [mem 0x40000000-0xfebfffff] available for PCI devices
Nov  2 04:11:14 tim kernel: [    0.000000] Booting paravirtualized kernel on KVM
Nov  2 04:11:14 tim kernel: [    0.000000] clocksource: refined-jiffies: mask: 0xffffffff max_cycles: 0xffffffff, max_idle_ns: 7645519600211568 ns
Nov  2 04:11:14 tim kernel: [    0.000000] setup_percpu: NR_CPUS:512 nr_cpumask_bits:512 nr_cpu_ids:1 nr_node_ids:1
Nov  2 04:11:14 tim kernel: [    0.000000] PERCPU: Embedded 34 pages/cpu @ffff88003fc00000 s99480 r8192 d31592 u2097152
Nov  2 04:11:14 tim kernel: [    0.000000] pcpu-alloc: s99480 r8192 d31592 u2097152 alloc=1*2097152
Nov  2 04:11:14 tim kernel: [    0.000000] pcpu-alloc: [0] 0 
Nov  2 04:11:14 tim kernel: [    0.000000] Built 1 zonelists in Node order, mobility grouping on.  Total pages: 257912
Nov  2 04:11:14 tim kernel: [    0.000000] Policy zone: DMA32
Nov  2 04:11:14 tim kernel: [    0.000000] Kernel command line: BOOT_IMAGE=/boot/vmlinuz-4.4.0-142-generic root=UUID=2636fba8-b03b-4ff0-a14e-b6fb78f4ed24 ro
Nov  2 04:11:14 tim kernel: [    0.000000] PID hash table entries: 4096 (order: 3, 32768 bytes)
Nov  2 04:11:14 tim kernel: [    0.000000] Calgary: detecting Calgary via BIOS EBDA area
Nov  2 04:11:14 tim kernel: [    0.000000] Calgary: Unable to locate Rio Grande table in EBDA - bailing!
Nov  2 04:11:14 tim kernel: [    0.000000] Memory: 973748K/1048120K available (8603K kernel code, 1332K rwdata, 4004K rodata, 1484K init, 1316K bss, 74372K reserved, 0K cma-reserved)
Nov  2 04:11:14 tim kernel: [    0.000000] SLUB: HWalign=64, Order=0-3, MinObjects=0, CPUs=1, Nodes=1
Nov  2 04:11:14 tim kernel: [    0.000000] Kernel/User page tables isolation: enabled
Nov  2 04:11:14 tim kernel: [    0.000000] Hierarchical RCU implementation.
Nov  2 04:11:14 tim kernel: [    0.000000] 	Build-time adjustment of leaf fanout to 64.
Nov  2 04:11:14 tim kernel: [    0.000000] 	RCU restricting CPUs from NR_CPUS=512 to nr_cpu_ids=1.
Nov  2 04:11:14 tim kernel: [    0.000000] RCU: Adjusting geometry for rcu_fanout_leaf=64, nr_cpu_ids=1
Nov  2 04:11:14 tim kernel: [    0.000000] NR_IRQS:33024 nr_irqs:256 16
Nov  2 04:11:14 tim kernel: [    0.000000] Console: colour VGA+ 80x25
Nov  2 04:11:14 tim kernel: [    0.000000] console [tty0] enabled
Nov  2 04:11:14 tim kernel: [    0.000000] tsc: Detected 2593.992 MHz processor
Nov  2 04:11:14 tim kernel: [    0.053923] Calibrating delay loop (skipped) preset value.. 5187.98 BogoMIPS (lpj=10375968)
Nov  2 04:11:14 tim kernel: [    0.054470] pid_max: default: 32768 minimum: 301
Nov  2 04:11:14 tim kernel: [    0.054815] ACPI: Core revision 20150930
Nov  2 04:11:14 tim kernel: [    0.056024] ACPI: 2 ACPI AML tables successfully acquired and loaded
Nov  2 04:11:14 tim kernel: [    0.056427] Security Framework initialized
Nov  2 04:11:14 tim kernel: [    0.056713] Yama: becoming mindful.
Nov  2 04:11:14 tim kernel: [    0.056974] AppArmor: AppArmor initialized
Nov  2 04:11:14 tim kernel: [    0.057300] Dentry cache hash table entries: 131072 (order: 8, 1048576 bytes)
Nov  2 04:11:14 tim kernel: [    0.057760] Inode-cache hash table entries: 65536 (order: 7, 524288 bytes)
Nov  2 04:11:14 tim kernel: [    0.058138] Mount-cache hash table entries: 2048 (order: 2, 16384 bytes)
Nov  2 04:11:14 tim kernel: [    0.058490] Mountpoint-cache hash table entries: 2048 (order: 2, 16384 bytes)
Nov  2 04:11:14 tim kernel: [    0.058956] Initializing cgroup subsys io
Nov  2 04:11:14 tim kernel: [    0.059220] Initializing cgroup subsys memory
Nov  2 04:11:14 tim kernel: [    0.059491] Initializing cgroup subsys devices
Nov  2 04:11:14 tim kernel: [    0.059761] Initializing cgroup subsys freezer
Nov  2 04:11:14 tim kernel: [    0.060043] Initializing cgroup subsys net_cls
Nov  2 04:11:14 tim kernel: [    0.060320] Initializing cgroup subsys perf_event
Nov  2 04:11:14 tim kernel: [    0.060604] Initializing cgroup subsys net_prio
Nov  2 04:11:14 tim kernel: [    0.060884] Initializing cgroup subsys hugetlb
Nov  2 04:11:14 tim kernel: [    0.061162] Initializing cgroup subsys pids
Nov  2 04:11:14 tim kernel: [    0.062224] mce: CPU supports 0 MCE banks
Nov  2 04:11:14 tim kernel: [    0.062499] process: using mwait in idle threads
Nov  2 04:11:14 tim kernel: [    0.062781] Last level iTLB entries: 4KB 1024, 2MB 1024, 4MB 1024
Nov  2 04:11:14 tim kernel: [    0.063129] Last level dTLB entries: 4KB 1024, 2MB 1024, 4MB 1024, 1GB 4
Nov  2 04:11:14 tim kernel: [    0.063468] Spectre V2 : Mitigation: Full generic retpoline
Nov  2 04:11:14 tim kernel: [    0.063752] Spectre V2 : Spectre v2 / SpectreRSB mitigation: Filling RSB on context switch
Nov  2 04:11:14 tim kernel: [    0.064531] Speculative Store Bypass: Vulnerable
Nov  2 04:11:14 tim kernel: [    0.081142] Freeing SMP alternatives memory: 32K
Nov  2 04:11:14 tim kernel: [    0.086379] ftrace: allocating 32277 entries in 127 pages
Nov  2 04:11:14 tim kernel: [    0.139015] smpboot: APIC(0) Converting physical 0 to logical package 0
Nov  2 04:11:14 tim kernel: [    0.139342] smpboot: Max logical packages: 1
Nov  2 04:11:14 tim kernel: [    0.139798] x2apic enabled
Nov  2 04:11:14 tim kernel: [    0.140242] Switched APIC routing to physical x2apic.
Nov  2 04:11:14 tim kernel: [    0.141443] ..TIMER: vector=0x30 apic1=0 pin1=2 apic2=-1 pin2=-1
Nov  2 04:11:14 tim kernel: [    0.233168] APIC calibration not consistent with PM-Timer: 94ms instead of 100ms
Nov  2 04:11:14 tim kernel: [    0.233659] APIC delta adjusted to PM-Timer: 6338921 (6009910)
Nov  2 04:11:14 tim kernel: [    0.234015] smpboot: CPU0: Intel(R) Core(TM) i7-4720HQ CPU @ 2.60GHz (family: 0x6, model: 0x3c, stepping: 0x3)
Nov  2 04:11:14 tim kernel: [    0.234682] Performance Events: unsupported p6 CPU model 60 no PMU driver, software events only.
Nov  2 04:11:14 tim kernel: [    0.242790] KVM setup paravirtual spinlock
Nov  2 04:11:14 tim kernel: [    0.243645] x86: Booted up 1 node, 1 CPUs
Nov  2 04:11:14 tim kernel: [    0.243928] smpboot: Total of 1 processors activated (5187.98 BogoMIPS)
Nov  2 04:11:14 tim kernel: [    0.244895] devtmpfs: initialized
Nov  2 04:11:14 tim kernel: [    0.246220] evm: security.selinux
Nov  2 04:11:14 tim kernel: [    0.246480] evm: security.SMACK64
Nov  2 04:11:14 tim kernel: [    0.246733] evm: security.SMACK64EXEC
Nov  2 04:11:14 tim kernel: [    0.247037] evm: security.SMACK64TRANSMUTE
Nov  2 04:11:14 tim kernel: [    0.247307] evm: security.SMACK64MMAP
Nov  2 04:11:14 tim kernel: [    0.247569] evm: security.ima
Nov  2 04:11:14 tim kernel: [    0.247808] evm: security.capability
Nov  2 04:11:14 tim kernel: [    0.248199] clocksource: jiffies: mask: 0xffffffff max_cycles: 0xffffffff, max_idle_ns: 7645041785100000 ns
Nov  2 04:11:14 tim kernel: [    0.248986] futex hash table entries: 256 (order: 2, 16384 bytes)
Nov  2 04:11:14 tim kernel: [    0.249534] pinctrl core: initialized pinctrl subsystem
Nov  2 04:11:14 tim kernel: [    0.250126] RTC time: 11:10:20, date: 11/02/19
Nov  2 04:11:14 tim kernel: [    0.250668] NET: Registered protocol family 16
Nov  2 04:11:14 tim kernel: [    0.251271] cpuidle: using governor ladder
Nov  2 04:11:14 tim kernel: [    0.251710] cpuidle: using governor menu
Nov  2 04:11:14 tim kernel: [    0.252114] PCCT header not found.
Nov  2 04:11:14 tim kernel: [    0.252535] ACPI: bus type PCI registered
Nov  2 04:11:14 tim kernel: [    0.252950] acpiphp: ACPI Hot Plug PCI Controller Driver version: 0.5
Nov  2 04:11:14 tim kernel: [    0.253536] PCI: Using configuration type 1 for base access
Nov  2 04:11:14 tim kernel: [    0.255773] ACPI: Added _OSI(Module Device)
Nov  2 04:11:14 tim kernel: [    0.256186] ACPI: Added _OSI(Processor Device)
Nov  2 04:11:14 tim kernel: [    0.256593] ACPI: Added _OSI(3.0 _SCP Extensions)
Nov  2 04:11:14 tim kernel: [    0.257015] ACPI: Added _OSI(Processor Aggregator Device)
Nov  2 04:11:14 tim kernel: [    0.258159] ACPI: Executed 1 blocks of module-level executable AML code
Nov  2 04:11:14 tim kernel: [    0.261287] ACPI: Interpreter enabled
Nov  2 04:11:14 tim kernel: [    0.261699] ACPI: (supports S0 S5)
Nov  2 04:11:14 tim kernel: [    0.262083] ACPI: Using IOAPIC for interrupt routing
Nov  2 04:11:14 tim kernel: [    0.262708] PCI: Using host bridge windows from ACPI; if necessary, use "pci=nocrs" and report a bug
Nov  2 04:11:14 tim kernel: [    0.268382] ACPI: PCI Root Bridge [PCI0] (domain 0000 [bus 00-ff])
Nov  2 04:11:14 tim kernel: [    0.268806] acpi PNP0A03:00: _OSC: OS supports [ASPM ClockPM Segments MSI]
Nov  2 04:11:14 tim kernel: [    0.269356] acpi PNP0A03:00: _OSC: not requesting OS control; OS requires [ExtendedConfig ASPM ClockPM MSI]
Nov  2 04:11:14 tim kernel: [    0.269908] acpi PNP0A03:00: fail to add MMCONFIG information, can't access extended PCI configuration space under this bridge.
Nov  2 04:11:14 tim kernel: [    0.270699] PCI host bridge to bus 0000:00
Nov  2 04:11:14 tim kernel: [    0.270993] pci_bus 0000:00: root bus resource [io  0x0000-0x0cf7 window]
Nov  2 04:11:14 tim kernel: [    0.271312] pci_bus 0000:00: root bus resource [io  0x0d00-0xffff window]
Nov  2 04:11:14 tim kernel: [    0.271703] pci_bus 0000:00: root bus resource [mem 0x000a0000-0x000bffff window]
Nov  2 04:11:14 tim kernel: [    0.272291] pci_bus 0000:00: root bus resource [mem 0x40000000-0xfdffffff window]
Nov  2 04:11:14 tim kernel: [    0.272771] pci_bus 0000:00: root bus resource [bus 00-ff]
Nov  2 04:11:14 tim kernel: [    0.273092] pci 0000:00:00.0: [8086:1237] type 00 class 0x060000
Nov  2 04:11:14 tim kernel: [    0.273463] pci 0000:00:01.0: [8086:7000] type 00 class 0x060100
Nov  2 04:11:14 tim kernel: [    0.273993] pci 0000:00:01.1: [8086:7111] type 00 class 0x01018a
Nov  2 04:11:14 tim kernel: [    0.274336] pci 0000:00:01.1: reg 0x20: [io  0xd000-0xd00f]
Nov  2 04:11:14 tim kernel: [    0.274454] pci 0000:00:01.1: legacy IDE quirk: reg 0x10: [io  0x01f0-0x01f7]
Nov  2 04:11:14 tim kernel: [    0.274781] pci 0000:00:01.1: legacy IDE quirk: reg 0x14: [io  0x03f6]
Nov  2 04:11:14 tim kernel: [    0.275140] pci 0000:00:01.1: legacy IDE quirk: reg 0x18: [io  0x0170-0x0177]
Nov  2 04:11:14 tim kernel: [    0.275465] pci 0000:00:01.1: legacy IDE quirk: reg 0x1c: [io  0x0376]
Nov  2 04:11:14 tim kernel: [    0.275930] pci 0000:00:02.0: [15ad:0405] type 00 class 0x030000
Nov  2 04:11:14 tim kernel: [    0.276728] pci 0000:00:02.0: reg 0x10: [io  0xd010-0xd01f]
Nov  2 04:11:14 tim kernel: [    0.277349] pci 0000:00:02.0: reg 0x14: [mem 0xf0000000-0xf0ffffff]
Nov  2 04:11:14 tim kernel: [    0.277918] pci 0000:00:02.0: reg 0x18: [mem 0xf1000000-0xf11fffff]
Nov  2 04:11:14 tim kernel: [    0.280321] pci 0000:00:03.0: [8086:100e] type 00 class 0x020000
Nov  2 04:11:14 tim kernel: [    0.280755] pci 0000:00:03.0: reg 0x10: [mem 0xf1200000-0xf121ffff]
Nov  2 04:11:14 tim kernel: [    0.281360] pci 0000:00:03.0: reg 0x18: [io  0xd020-0xd027]
Nov  2 04:11:14 tim kernel: [    0.282736] pci 0000:00:04.0: [80ee:cafe] type 00 class 0x088000
Nov  2 04:11:14 tim kernel: [    0.283066] pci 0000:00:04.0: reg 0x10: [io  0xd040-0xd05f]
Nov  2 04:11:14 tim kernel: [    0.283369] pci 0000:00:04.0: reg 0x14: [mem 0xf1400000-0xf17fffff]
Nov  2 04:11:14 tim kernel: [    0.283648] pci 0000:00:04.0: reg 0x18: [mem 0xf1800000-0xf1803fff pref]
Nov  2 04:11:14 tim kernel: [    0.285470] pci 0000:00:05.0: [8086:2415] type 00 class 0x040100
Nov  2 04:11:14 tim kernel: [    0.285555] pci 0000:00:05.0: reg 0x10: [io  0xd100-0xd1ff]
Nov  2 04:11:14 tim kernel: [    0.285606] pci 0000:00:05.0: reg 0x14: [io  0xd200-0xd23f]
Nov  2 04:11:14 tim kernel: [    0.285984] pci 0000:00:06.0: [106b:003f] type 00 class 0x0c0310
Nov  2 04:11:14 tim kernel: [    0.286325] pci 0000:00:06.0: reg 0x10: [mem 0xf1804000-0xf1804fff]
Nov  2 04:11:14 tim kernel: [    0.288232] pci 0000:00:07.0: [8086:7113] type 00 class 0x068000
Nov  2 04:11:14 tim kernel: [    0.288624] pci 0000:00:07.0: quirk: [io  0x4000-0x403f] claimed by PIIX4 ACPI
Nov  2 04:11:14 tim kernel: [    0.296504] pci 0000:00:07.0: quirk: [io  0x4100-0x410f] claimed by PIIX4 SMB
Nov  2 04:11:14 tim kernel: [    0.297050] pci 0000:00:08.0: [8086:100e] type 00 class 0x020000
Nov  2 04:11:14 tim kernel: [    0.297550] pci 0000:00:08.0: reg 0x10: [mem 0xf1820000-0xf183ffff]
Nov  2 04:11:14 tim kernel: [    0.298198] pci 0000:00:08.0: reg 0x18: [io  0xd240-0xd247]
Nov  2 04:11:14 tim kernel: [    0.299535] pci 0000:00:0b.0: [8086:265c] type 00 class 0x0c0320
Nov  2 04:11:14 tim kernel: [    0.299832] pci 0000:00:0b.0: reg 0x10: [mem 0xf1840000-0xf1840fff]
Nov  2 04:11:14 tim kernel: [    0.301716] pci 0000:00:0d.0: [8086:2829] type 00 class 0x010601
Nov  2 04:11:14 tim kernel: [    0.302085] pci 0000:00:0d.0: reg 0x10: [io  0xd248-0xd24f]
Nov  2 04:11:14 tim kernel: [    0.302353] pci 0000:00:0d.0: reg 0x14: [io  0xd250-0xd253]
Nov  2 04:11:14 tim kernel: [    0.302609] pci 0000:00:0d.0: reg 0x18: [io  0xd258-0xd25f]
Nov  2 04:11:14 tim kernel: [    0.302915] pci 0000:00:0d.0: reg 0x1c: [io  0xd260-0xd263]
Nov  2 04:11:14 tim kernel: [    0.303193] pci 0000:00:0d.0: reg 0x20: [io  0xd270-0xd27f]
Nov  2 04:11:14 tim kernel: [    0.303472] pci 0000:00:0d.0: reg 0x24: [mem 0xf1842000-0xf1843fff]
Nov  2 04:11:14 tim kernel: [    0.305036] ACPI: PCI Interrupt Link [LNKA] (IRQs 5 9 10 *11)
Nov  2 04:11:14 tim kernel: [    0.305908] ACPI: PCI Interrupt Link [LNKB] (IRQs 5 9 *10 11)
Nov  2 04:11:14 tim kernel: [    0.306574] ACPI: PCI Interrupt Link [LNKC] (IRQs 5 *9 10 11)
Nov  2 04:11:14 tim kernel: [    0.307282] ACPI: PCI Interrupt Link [LNKD] (IRQs 5 9 10 *11)
Nov  2 04:11:14 tim kernel: [    0.307934] ACPI: Enabled 2 GPEs in block 00 to 07
Nov  2 04:11:14 tim kernel: [    0.308402] vgaarb: setting as boot device: PCI:0000:00:02.0
Nov  2 04:11:14 tim kernel: [    0.308712] vgaarb: device added: PCI:0000:00:02.0,decodes=io+mem,owns=io+mem,locks=none
Nov  2 04:11:14 tim kernel: [    0.309188] vgaarb: loaded
Nov  2 04:11:14 tim kernel: [    0.309416] vgaarb: bridge control possible 0000:00:02.0
Nov  2 04:11:14 tim kernel: [    0.309842] SCSI subsystem initialized
Nov  2 04:11:14 tim kernel: [    0.310119] libata version 3.00 loaded.
Nov  2 04:11:14 tim kernel: [    0.310133] ACPI: bus type USB registered
Nov  2 04:11:14 tim kernel: [    0.310399] usbcore: registered new interface driver usbfs
Nov  2 04:11:14 tim kernel: [    0.310687] usbcore: registered new interface driver hub
Nov  2 04:11:14 tim kernel: [    0.311036] usbcore: registered new device driver usb
Nov  2 04:11:14 tim kernel: [    0.311395] PCI: Using ACPI for IRQ routing
Nov  2 04:11:14 tim kernel: [    0.311654] PCI: pci_cache_line_size set to 64 bytes
Nov  2 04:11:14 tim kernel: [    0.311811] e820: reserve RAM buffer [mem 0x0009fc00-0x0009ffff]
Nov  2 04:11:14 tim kernel: [    0.311812] e820: reserve RAM buffer [mem 0x3fff0000-0x3fffffff]
Nov  2 04:11:14 tim kernel: [    0.311891] NetLabel: Initializing
Nov  2 04:11:14 tim kernel: [    0.312190] NetLabel:  domain hash size = 128
Nov  2 04:11:14 tim kernel: [    0.312604] NetLabel:  protocols = UNLABELED CIPSOv4
Nov  2 04:11:14 tim kernel: [    0.312936] NetLabel:  unlabeled traffic allowed by default
Nov  2 04:11:14 tim kernel: [    0.313267] amd_nb: Cannot enumerate AMD northbridges
Nov  2 04:11:14 tim kernel: [    0.313577] clocksource: Switched to clocksource kvm-clock
Nov  2 04:11:14 tim kernel: [    0.320378] AppArmor: AppArmor Filesystem Enabled
Nov  2 04:11:14 tim kernel: [    0.320806] pnp: PnP ACPI init
Nov  2 04:11:14 tim kernel: [    0.321142] pnp 00:00: Plug and Play ACPI device, IDs PNP0303 (active)
Nov  2 04:11:14 tim kernel: [    0.321200] pnp 00:01: Plug and Play ACPI device, IDs PNP0f03 (active)
Nov  2 04:11:14 tim kernel: [    0.321907] pnp: PnP ACPI: found 2 devices
Nov  2 04:11:14 tim kernel: [    0.330563] clocksource: acpi_pm: mask: 0xffffff max_cycles: 0xffffff, max_idle_ns: 2085701024 ns
Nov  2 04:11:14 tim kernel: [    0.331132] pci_bus 0000:00: resource 4 [io  0x0000-0x0cf7 window]
Nov  2 04:11:14 tim kernel: [    0.331134] pci_bus 0000:00: resource 5 [io  0x0d00-0xffff window]
Nov  2 04:11:14 tim kernel: [    0.331136] pci_bus 0000:00: resource 6 [mem 0x000a0000-0x000bffff window]
Nov  2 04:11:14 tim kernel: [    0.331137] pci_bus 0000:00: resource 7 [mem 0x40000000-0xfdffffff window]
Nov  2 04:11:14 tim kernel: [    0.331163] NET: Registered protocol family 2
Nov  2 04:11:14 tim kernel: [    0.331554] TCP established hash table entries: 8192 (order: 4, 65536 bytes)
Nov  2 04:11:14 tim kernel: [    0.331908] TCP bind hash table entries: 8192 (order: 5, 131072 bytes)
Nov  2 04:11:14 tim kernel: [    0.332276] TCP: Hash tables configured (established 8192 bind 8192)
Nov  2 04:11:14 tim kernel: [    0.332612] UDP hash table entries: 512 (order: 2, 16384 bytes)
Nov  2 04:11:14 tim kernel: [    0.332959] UDP-Lite hash table entries: 512 (order: 2, 16384 bytes)
Nov  2 04:11:14 tim kernel: [    0.333413] NET: Registered protocol family 1
Nov  2 04:11:14 tim kernel: [    0.333767] pci 0000:00:00.0: Limiting direct PCI/PCI transfers
Nov  2 04:11:14 tim kernel: [    0.334184] pci 0000:00:01.0: Activating ISA DMA hang workarounds
Nov  2 04:11:14 tim kernel: [    0.334559] pci 0000:00:02.0: Video device with shadowed ROM
Nov  2 04:11:14 tim kernel: [    0.336198] PCI: CLS 0 bytes, default 64
Nov  2 04:11:14 tim kernel: [    0.336238] Unpacking initramfs...
Nov  2 04:11:14 tim kernel: [    0.817167] Freeing initrd memory: 38920K
Nov  2 04:11:14 tim kernel: [    0.817481] RAPL PMU detected, API unit is 2^-32 Joules, 4 fixed counters 10737418240 ms ovfl timer
Nov  2 04:11:14 tim kernel: [    0.818005] hw unit of domain pp0-core 2^-0 Joules
Nov  2 04:11:14 tim kernel: [    0.818290] hw unit of domain package 2^-0 Joules
Nov  2 04:11:14 tim kernel: [    0.818573] hw unit of domain dram 2^-0 Joules
Nov  2 04:11:14 tim kernel: [    0.818873] hw unit of domain pp1-gpu 2^-0 Joules
Nov  2 04:11:14 tim kernel: [    0.819217] platform rtc_cmos: registered platform RTC device (no PNP device found)
Nov  2 04:11:14 tim kernel: [    0.819708] Scanning for low memory corruption every 60 seconds
Nov  2 04:11:14 tim kernel: [    0.820213] audit: initializing netlink subsys (disabled)
Nov  2 04:11:14 tim kernel: [    0.820508] audit: type=2000 audit(1572693044.597:1): initialized
Nov  2 04:11:14 tim kernel: [    0.821026] Initialise system trusted keyring
Nov  2 04:11:14 tim kernel: [    0.821353] HugeTLB registered 2 MB page size, pre-allocated 0 pages
Nov  2 04:11:14 tim kernel: [    0.822958] zbud: loaded
Nov  2 04:11:14 tim kernel: [    0.823466] VFS: Disk quotas dquot_6.6.0
Nov  2 04:11:14 tim kernel: [    0.823756] VFS: Dquot-cache hash table entries: 512 (order 0, 4096 bytes)
Nov  2 04:11:14 tim kernel: [    0.824297] squashfs: version 4.0 (2009/01/31) Phillip Lougher
Nov  2 04:11:14 tim kernel: [    0.824774] fuse init (API version 7.23)
Nov  2 04:11:14 tim kernel: [    0.825141] Key type big_key registered
Nov  2 04:11:14 tim kernel: [    0.825407] Allocating IMA MOK and blacklist keyrings.
Nov  2 04:11:14 tim kernel: [    0.826111] Key type asymmetric registered
Nov  2 04:11:14 tim kernel: [    0.826433] Asymmetric key parser 'x509' registered
Nov  2 04:11:14 tim kernel: [    0.826729] Block layer SCSI generic (bsg) driver version 0.4 loaded (major 249)
Nov  2 04:11:14 tim kernel: [    0.827270] io scheduler noop registered
Nov  2 04:11:14 tim kernel: [    0.827566] io scheduler deadline registered (default)
Nov  2 04:11:14 tim kernel: [    0.827930] io scheduler cfq registered
Nov  2 04:11:14 tim kernel: [    0.828342] pci_hotplug: PCI Hot Plug PCI Core version: 0.5
Nov  2 04:11:14 tim kernel: [    0.828640] pciehp: PCI Express Hot Plug Controller Driver version: 0.4
Nov  2 04:11:14 tim kernel: [    0.829104] ACPI: AC Adapter [AC] (on-line)
Nov  2 04:11:14 tim kernel: [    0.829421] input: Power Button as /devices/LNXSYSTM:00/LNXPWRBN:00/input/input0
Nov  2 04:11:14 tim kernel: [    0.829933] ACPI: Power Button [PWRF]
Nov  2 04:11:14 tim kernel: [    0.830255] input: Sleep Button as /devices/LNXSYSTM:00/LNXSLPBN:00/input/input1
Nov  2 04:11:14 tim kernel: [    0.830730] ACPI: Sleep Button [SLPF]
Nov  2 04:11:14 tim kernel: [    0.831555] ACPI: Battery Slot [BAT0] (battery present)
Nov  2 04:11:14 tim kernel: [    0.831856] GHES: HEST is not enabled!
Nov  2 04:11:14 tim kernel: [    0.832166] Serial: 8250/16550 driver, 32 ports, IRQ sharing enabled
Nov  2 04:11:14 tim kernel: [    0.833211] Linux agpgart interface v0.103
Nov  2 04:11:14 tim kernel: [    0.834693] loop: module loaded
Nov  2 04:11:14 tim kernel: [    0.835117] ata_piix 0000:00:01.1: version 2.13
Nov  2 04:11:14 tim kernel: [    0.835381] scsi host0: ata_piix
Nov  2 04:11:14 tim kernel: [    0.835686] scsi host1: ata_piix
Nov  2 04:11:14 tim kernel: [    0.836030] ata1: PATA max UDMA/33 cmd 0x1f0 ctl 0x3f6 bmdma 0xd000 irq 14
Nov  2 04:11:14 tim kernel: [    0.836432] ata2: PATA max UDMA/33 cmd 0x170 ctl 0x376 bmdma 0xd008 irq 15
Nov  2 04:11:14 tim kernel: [    0.837052] libphy: Fixed MDIO Bus: probed
Nov  2 04:11:14 tim kernel: [    0.837313] tun: Universal TUN/TAP device driver, 1.6
Nov  2 04:11:14 tim kernel: [    0.837587] tun: (C) 1999-2004 Max Krasnyansky <maxk@qualcomm.com>
Nov  2 04:11:14 tim kernel: [    0.837929] PPP generic driver version 2.4.2
Nov  2 04:11:14 tim kernel: [    0.838242] ehci_hcd: USB 2.0 'Enhanced' Host Controller (EHCI) Driver
Nov  2 04:11:14 tim kernel: [    0.838608] ehci-pci: EHCI PCI platform driver
Nov  2 04:11:14 tim kernel: [    0.839463] ehci-pci 0000:00:0b.0: EHCI Host Controller
Nov  2 04:11:14 tim kernel: [    0.839796] ehci-pci 0000:00:0b.0: new USB bus registered, assigned bus number 1
Nov  2 04:11:14 tim kernel: [    0.840456] ehci-pci 0000:00:0b.0: irq 19, io mem 0xf1840000
Nov  2 04:11:14 tim kernel: [    0.849826] ehci-pci 0000:00:0b.0: USB 2.0 started, EHCI 1.00
Nov  2 04:11:14 tim kernel: [    0.850390] usb usb1: New USB device found, idVendor=1d6b, idProduct=0002
Nov  2 04:11:14 tim kernel: [    0.850966] usb usb1: New USB device strings: Mfr=3, Product=2, SerialNumber=1
Nov  2 04:11:14 tim kernel: [    0.851752] usb usb1: Product: EHCI Host Controller
Nov  2 04:11:14 tim kernel: [    0.852216] usb usb1: Manufacturer: Linux 4.4.0-142-generic ehci_hcd
Nov  2 04:11:14 tim kernel: [    0.852731] usb usb1: SerialNumber: 0000:00:0b.0
Nov  2 04:11:14 tim kernel: [    0.853310] hub 1-0:1.0: USB hub found
Nov  2 04:11:14 tim kernel: [    0.853744] hub 1-0:1.0: 12 ports detected
Nov  2 04:11:14 tim kernel: [    0.855010] ehci-platform: EHCI generic platform driver
Nov  2 04:11:14 tim kernel: [    0.855511] ohci_hcd: USB 1.1 'Open' Host Controller (OHCI) Driver
Nov  2 04:11:14 tim kernel: [    0.856033] ohci-pci: OHCI PCI platform driver
Nov  2 04:11:14 tim kernel: [    0.857088] ohci-pci 0000:00:06.0: OHCI PCI host controller
Nov  2 04:11:14 tim kernel: [    0.857587] ohci-pci 0000:00:06.0: new USB bus registered, assigned bus number 2
Nov  2 04:11:14 tim kernel: [    0.858447] ohci-pci 0000:00:06.0: irq 22, io mem 0xf1804000
Nov  2 04:11:14 tim kernel: [    0.914731] usb usb2: New USB device found, idVendor=1d6b, idProduct=0001
Nov  2 04:11:14 tim kernel: [    0.915288] usb usb2: New USB device strings: Mfr=3, Product=2, SerialNumber=1
Nov  2 04:11:14 tim kernel: [    0.916010] usb usb2: Product: OHCI PCI host controller
Nov  2 04:11:14 tim kernel: [    0.916436] usb usb2: Manufacturer: Linux 4.4.0-142-generic ohci_hcd
Nov  2 04:11:14 tim kernel: [    0.917069] usb usb2: SerialNumber: 0000:00:06.0
Nov  2 04:11:14 tim kernel: [    0.917746] hub 2-0:1.0: USB hub found
Nov  2 04:11:14 tim kernel: [    0.918174] hub 2-0:1.0: 12 ports detected
Nov  2 04:11:14 tim kernel: [    0.919076] ohci-platform: OHCI generic platform driver
Nov  2 04:11:14 tim kernel: [    0.919506] uhci_hcd: USB Universal Host Controller Interface driver
Nov  2 04:11:14 tim kernel: [    0.920056] i8042: PNP: PS/2 Controller [PNP0303:PS2K,PNP0f03:PS2M] at 0x60,0x64 irq 1,12
Nov  2 04:11:14 tim kernel: [    0.921220] serio: i8042 KBD port at 0x60,0x64 irq 1
Nov  2 04:11:14 tim kernel: [    0.921497] serio: i8042 AUX port at 0x60,0x64 irq 12
Nov  2 04:11:14 tim kernel: [    0.921865] mousedev: PS/2 mouse device common for all mice
Nov  2 04:11:14 tim kernel: [    0.922391] input: AT Translated Set 2 keyboard as /devices/platform/i8042/serio0/input/input2
Nov  2 04:11:14 tim kernel: [    0.923263] rtc_cmos rtc_cmos: rtc core: registered rtc_cmos as rtc0
Nov  2 04:11:14 tim kernel: [    0.923649] rtc_cmos rtc_cmos: alarms up to one day, 114 bytes nvram
Nov  2 04:11:14 tim kernel: [    0.923975] i2c /dev entries driver
Nov  2 04:11:14 tim kernel: [    0.924274] device-mapper: uevent: version 1.0.3
Nov  2 04:11:14 tim kernel: [    0.924578] device-mapper: ioctl: 4.34.0-ioctl (2015-10-28) initialised: dm-devel@redhat.com
Nov  2 04:11:14 tim kernel: [    0.925116] ledtrig-cpu: registered to indicate activity on CPUs
Nov  2 04:11:14 tim kernel: [    0.925619] NET: Registered protocol family 10
Nov  2 04:11:14 tim kernel: [    0.925986] NET: Registered protocol family 17
Nov  2 04:11:14 tim kernel: [    0.926287] Key type dns_resolver registered
Nov  2 04:11:14 tim kernel: [    0.926697] registered taskstats version 1
Nov  2 04:11:14 tim kernel: [    0.927013] Loading compiled-in X.509 certificates
Nov  2 04:11:14 tim kernel: [    0.927821] Loaded X.509 cert 'Build time autogenerated kernel key: bff73e56bc0efa7435b2a24f5427674623f1be80'
Nov  2 04:11:14 tim kernel: [    0.928365] zswap: loaded using pool lzo/zbud
Nov  2 04:11:14 tim kernel: [    0.929715] Key type trusted registered
Nov  2 04:11:14 tim kernel: [    0.931690] Key type encrypted registered
Nov  2 04:11:14 tim kernel: [    0.931960] AppArmor: AppArmor sha1 policy hashing enabled
Nov  2 04:11:14 tim kernel: [    0.932253] ima: No TPM chip found, activating TPM-bypass!
Nov  2 04:11:14 tim kernel: [    0.932634] ima: Allocated hash algorithm: sha1
Nov  2 04:11:14 tim kernel: [    0.932974] evm: HMAC attrs: 0x1
Nov  2 04:11:14 tim kernel: [    0.933538]   Magic number: 11:960:174
Nov  2 04:11:14 tim kernel: [    0.933873] rtc_cmos rtc_cmos: setting system clock to 2019-11-02 11:10:21 UTC (1572693021)
Nov  2 04:11:14 tim kernel: [    0.934809] BIOS EDD facility v0.16 2004-Jun-25, 0 devices found
Nov  2 04:11:14 tim kernel: [    0.935197] EDD information not available.
Nov  2 04:11:14 tim kernel: [    0.935499] PM: Hibernation image not present or could not be loaded.
Nov  2 04:11:14 tim kernel: [    0.994097] ata2.00: ATAPI: VBOX CD-ROM, 1.0, max UDMA/133
Nov  2 04:11:14 tim kernel: [    0.995220] ata2.00: configured for UDMA/33
Nov  2 04:11:14 tim kernel: [    0.996011] scsi 1:0:0:0: CD-ROM            VBOX     CD-ROM           1.0  PQ: 0 ANSI: 5
Nov  2 04:11:14 tim kernel: [    1.002114] sr 1:0:0:0: [sr0] scsi3-mmc drive: 32x/32x xa/form2 tray
Nov  2 04:11:14 tim kernel: [    1.002596] cdrom: Uniform CD-ROM driver Revision: 3.20
Nov  2 04:11:14 tim kernel: [    1.003334] sr 1:0:0:0: Attached scsi CD-ROM sr0
Nov  2 04:11:14 tim kernel: [    1.003394] sr 1:0:0:0: Attached scsi generic sg0 type 5
Nov  2 04:11:14 tim kernel: [    1.005236] Freeing unused kernel memory: 1484K
Nov  2 04:11:14 tim kernel: [    1.013738] Write protecting the kernel read-only data: 14336k
Nov  2 04:11:14 tim kernel: [    1.014620] Freeing unused kernel memory: 1624K
Nov  2 04:11:14 tim kernel: [    1.015346] Freeing unused kernel memory: 92K
Nov  2 04:11:14 tim kernel: [    1.029744] random: udevadm: uninitialized urandom read (16 bytes read, 1 bits of entropy available)
Nov  2 04:11:14 tim kernel: [    1.030261] random: udevadm: uninitialized urandom read (16 bytes read, 1 bits of entropy available)
Nov  2 04:11:14 tim kernel: [    1.034320] random: systemd-udevd: uninitialized urandom read (16 bytes read, 1 bits of entropy available)
