Nov  2 03:08:24 matty rsyslogd: [origin software="rsyslogd" swVersion="8.16.0" x-pid="791" x-info="http://www.rsyslog.com"] start
Nov  2 03:08:24 matty rsyslogd-2222: command 'KLogPermitNonKernelFacility' is currently not permitted - did you already set it via a RainerScript command (v6+ config)? [v8.16.0 try http://www.rsyslog.com/e/2222 ]
Nov  2 03:08:24 matty rsyslogd: rsyslogd's groupid changed to 108
Nov  2 03:08:24 matty rsyslogd: rsyslogd's userid changed to 104
Nov  2 03:08:24 matty rsyslogd-2039: Could not open output pipe '/dev/xconsole':: No such file or directory [v8.16.0 try http://www.rsyslog.com/e/2039 ]
Nov  2 03:08:24 matty rsyslogd-2007: action 'action 10' suspended, next retry is Sat Nov  2 03:08:54 2019 [v8.16.0 try http://www.rsyslog.com/e/2007 ]
Nov  2 03:08:24 matty kernel: [    0.000000] Initializing cgroup subsys cpuset
Nov  2 03:08:24 matty kernel: [    0.000000] Initializing cgroup subsys cpu
Nov  2 03:08:24 matty kernel: [    0.000000] Initializing cgroup subsys cpuacct
Nov  2 03:08:24 matty kernel: [    0.000000] Linux version 4.4.0-142-generic (buildd@lgw01-amd64-033) (gcc version 5.4.0 20160609 (Ubuntu 5.4.0-6ubuntu1~16.04.10) ) #168-Ubuntu SMP Wed Jan 16 21:00:45 UTC 2019 (Ubuntu 4.4.0-142.168-generic 4.4.167)
Nov  2 03:08:24 matty kernel: [    0.000000] Command line: BOOT_IMAGE=/boot/vmlinuz-4.4.0-142-generic root=UUID=b497925b-ae19-4cb4-9f22-ec6dd244699f ro
Nov  2 03:08:24 matty kernel: [    0.000000] KERNEL supported cpus:
Nov  2 03:08:24 matty kernel: [    0.000000]   Intel GenuineIntel
Nov  2 03:08:24 matty kernel: [    0.000000]   AMD AuthenticAMD
Nov  2 03:08:24 matty kernel: [    0.000000]   Centaur CentaurHauls
Nov  2 03:08:24 matty kernel: [    0.000000] x86/fpu: xstate_offset[2]:  576, xstate_sizes[2]:  256
Nov  2 03:08:24 matty kernel: [    0.000000] x86/fpu: Supporting XSAVE feature 0x01: 'x87 floating point registers'
Nov  2 03:08:24 matty kernel: [    0.000000] x86/fpu: Supporting XSAVE feature 0x02: 'SSE registers'
Nov  2 03:08:24 matty kernel: [    0.000000] x86/fpu: Supporting XSAVE feature 0x04: 'AVX registers'
Nov  2 03:08:24 matty kernel: [    0.000000] x86/fpu: Enabled xstate features 0x7, context size is 832 bytes, using 'standard' format.
Nov  2 03:08:24 matty kernel: [    0.000000] e820: BIOS-provided physical RAM map:
Nov  2 03:08:24 matty kernel: [    0.000000] BIOS-e820: [mem 0x0000000000000000-0x000000000009fbff] usable
Nov  2 03:08:24 matty kernel: [    0.000000] BIOS-e820: [mem 0x000000000009fc00-0x000000000009ffff] reserved
Nov  2 03:08:24 matty kernel: [    0.000000] BIOS-e820: [mem 0x00000000000f0000-0x00000000000fffff] reserved
Nov  2 03:08:24 matty kernel: [    0.000000] BIOS-e820: [mem 0x0000000000100000-0x000000003ffeffff] usable
Nov  2 03:08:24 matty kernel: [    0.000000] BIOS-e820: [mem 0x000000003fff0000-0x000000003fffffff] ACPI data
Nov  2 03:08:24 matty kernel: [    0.000000] BIOS-e820: [mem 0x00000000fec00000-0x00000000fec00fff] reserved
Nov  2 03:08:24 matty kernel: [    0.000000] BIOS-e820: [mem 0x00000000fee00000-0x00000000fee00fff] reserved
Nov  2 03:08:24 matty kernel: [    0.000000] BIOS-e820: [mem 0x00000000fffc0000-0x00000000ffffffff] reserved
Nov  2 03:08:24 matty kernel: [    0.000000] NX (Execute Disable) protection: active
Nov  2 03:08:24 matty kernel: [    0.000000] SMBIOS 2.5 present.
Nov  2 03:08:24 matty kernel: [    0.000000] DMI: innotek GmbH VirtualBox/VirtualBox, BIOS VirtualBox 12/01/2006
Nov  2 03:08:24 matty kernel: [    0.000000] Hypervisor detected: KVM
Nov  2 03:08:24 matty kernel: [    0.000000] e820: update [mem 0x00000000-0x00000fff] usable ==> reserved
Nov  2 03:08:24 matty kernel: [    0.000000] e820: remove [mem 0x000a0000-0x000fffff] usable
Nov  2 03:08:24 matty kernel: [    0.000000] e820: last_pfn = 0x3fff0 max_arch_pfn = 0x400000000
Nov  2 03:08:24 matty kernel: [    0.000000] MTRR default type: uncachable
Nov  2 03:08:24 matty kernel: [    0.000000] MTRR variable ranges disabled:
Nov  2 03:08:24 matty kernel: [    0.000000] MTRR: Disabled
Nov  2 03:08:24 matty kernel: [    0.000000] x86/PAT: MTRRs disabled, skipping PAT initialization too.
Nov  2 03:08:24 matty kernel: [    0.000000] CPU MTRRs all blank - virtualized system.
Nov  2 03:08:24 matty kernel: [    0.000000] x86/PAT: Configuration [0-7]: WB  WT  UC- UC  WB  WT  UC- UC  
Nov  2 03:08:24 matty kernel: [    0.000000] Scanning 1 areas for low memory corruption
Nov  2 03:08:24 matty kernel: [    0.000000] Base memory trampoline at [ffff880000098000] 98000 size 28672
Nov  2 03:08:24 matty kernel: [    0.000000] BRK [0x02215000, 0x02215fff] PGTABLE
Nov  2 03:08:24 matty kernel: [    0.000000] BRK [0x02216000, 0x02216fff] PGTABLE
Nov  2 03:08:24 matty kernel: [    0.000000] BRK [0x02217000, 0x02217fff] PGTABLE
Nov  2 03:08:24 matty kernel: [    0.000000] BRK [0x02218000, 0x02218fff] PGTABLE
Nov  2 03:08:24 matty kernel: [    0.000000] RAMDISK: [mem 0x333e8000-0x359ebfff]
Nov  2 03:08:24 matty kernel: [    0.000000] ACPI: Early table checksum verification disabled
Nov  2 03:08:24 matty kernel: [    0.000000] ACPI: RSDP 0x00000000000E0000 000024 (v02 VBOX  )
Nov  2 03:08:24 matty kernel: [    0.000000] ACPI: XSDT 0x000000003FFF0030 00003C (v01 VBOX   VBOXXSDT 00000001 ASL  00000061)
Nov  2 03:08:24 matty kernel: [    0.000000] ACPI: FACP 0x000000003FFF00F0 0000F4 (v04 VBOX   VBOXFACP 00000001 ASL  00000061)
Nov  2 03:08:24 matty kernel: [    0.000000] ACPI: DSDT 0x000000003FFF0470 0022EA (v02 VBOX   VBOXBIOS 00000002 INTL 20100528)
Nov  2 03:08:24 matty kernel: [    0.000000] ACPI: FACS 0x000000003FFF0200 000040
Nov  2 03:08:24 matty kernel: [    0.000000] ACPI: FACS 0x000000003FFF0200 000040
Nov  2 03:08:24 matty kernel: [    0.000000] ACPI: APIC 0x000000003FFF0240 000054 (v02 VBOX   VBOXAPIC 00000001 ASL  00000061)
Nov  2 03:08:24 matty kernel: [    0.000000] ACPI: SSDT 0x000000003FFF02A0 0001CC (v01 VBOX   VBOXCPUT 00000002 INTL 20100528)
Nov  2 03:08:24 matty kernel: [    0.000000] ACPI: Local APIC address 0xfee00000
Nov  2 03:08:24 matty kernel: [    0.000000] No NUMA configuration found
Nov  2 03:08:24 matty kernel: [    0.000000] Faking a node at [mem 0x0000000000000000-0x000000003ffeffff]
Nov  2 03:08:24 matty kernel: [    0.000000] NODE_DATA(0) allocated [mem 0x3ffeb000-0x3ffeffff]
Nov  2 03:08:24 matty kernel: [    0.000000] kvm-clock: Using msrs 4b564d01 and 4b564d00
Nov  2 03:08:24 matty kernel: [    0.000000] kvm-clock: cpu 0, msr 0:3ffe3001, primary cpu clock
Nov  2 03:08:24 matty kernel: [    0.000000] kvm-clock: using sched offset of 594563049747 cycles
Nov  2 03:08:24 matty kernel: [    0.000000] clocksource: kvm-clock: mask: 0xffffffffffffffff max_cycles: 0x1cd42e4dffb, max_idle_ns: 881590591483 ns
Nov  2 03:08:24 matty kernel: [    0.000000] Zone ranges:
Nov  2 03:08:24 matty kernel: [    0.000000]   DMA      [mem 0x0000000000001000-0x0000000000ffffff]
Nov  2 03:08:24 matty kernel: [    0.000000]   DMA32    [mem 0x0000000001000000-0x000000003ffeffff]
Nov  2 03:08:24 matty kernel: [    0.000000]   Normal   empty
Nov  2 03:08:24 matty kernel: [    0.000000]   Device   empty
Nov  2 03:08:24 matty kernel: [    0.000000] Movable zone start for each node
Nov  2 03:08:24 matty kernel: [    0.000000] Early memory node ranges
Nov  2 03:08:24 matty kernel: [    0.000000]   node   0: [mem 0x0000000000001000-0x000000000009efff]
Nov  2 03:08:24 matty kernel: [    0.000000]   node   0: [mem 0x0000000000100000-0x000000003ffeffff]
Nov  2 03:08:24 matty kernel: [    0.000000] Initmem setup node 0 [mem 0x0000000000001000-0x000000003ffeffff]
Nov  2 03:08:24 matty kernel: [    0.000000] On node 0 totalpages: 262030
Nov  2 03:08:24 matty kernel: [    0.000000]   DMA zone: 64 pages used for memmap
Nov  2 03:08:24 matty kernel: [    0.000000]   DMA zone: 22 pages reserved
Nov  2 03:08:24 matty kernel: [    0.000000]   DMA zone: 3998 pages, LIFO batch:0
Nov  2 03:08:24 matty kernel: [    0.000000]   DMA32 zone: 4032 pages used for memmap
Nov  2 03:08:24 matty kernel: [    0.000000]   DMA32 zone: 258032 pages, LIFO batch:31
Nov  2 03:08:24 matty kernel: [    0.000000] ACPI: PM-Timer IO Port: 0x4008
Nov  2 03:08:24 matty kernel: [    0.000000] ACPI: Local APIC address 0xfee00000
Nov  2 03:08:24 matty kernel: [    0.000000] IOAPIC[0]: apic_id 1, version 32, address 0xfec00000, GSI 0-23
Nov  2 03:08:24 matty kernel: [    0.000000] ACPI: INT_SRC_OVR (bus 0 bus_irq 0 global_irq 2 dfl dfl)
Nov  2 03:08:24 matty kernel: [    0.000000] ACPI: INT_SRC_OVR (bus 0 bus_irq 9 global_irq 9 low level)
Nov  2 03:08:24 matty kernel: [    0.000000] ACPI: IRQ0 used by override.
Nov  2 03:08:24 matty kernel: [    0.000000] ACPI: IRQ9 used by override.
Nov  2 03:08:24 matty kernel: [    0.000000] Using ACPI (MADT) for SMP configuration information
Nov  2 03:08:24 matty kernel: [    0.000000] smpboot: Allowing 1 CPUs, 0 hotplug CPUs
Nov  2 03:08:24 matty kernel: [    0.000000] PM: Registered nosave memory: [mem 0x00000000-0x00000fff]
Nov  2 03:08:24 matty kernel: [    0.000000] PM: Registered nosave memory: [mem 0x0009f000-0x0009ffff]
Nov  2 03:08:24 matty kernel: [    0.000000] PM: Registered nosave memory: [mem 0x000a0000-0x000effff]
Nov  2 03:08:24 matty kernel: [    0.000000] PM: Registered nosave memory: [mem 0x000f0000-0x000fffff]
Nov  2 03:08:24 matty kernel: [    0.000000] e820: [mem 0x40000000-0xfebfffff] available for PCI devices
Nov  2 03:08:24 matty kernel: [    0.000000] Booting paravirtualized kernel on KVM
Nov  2 03:08:24 matty kernel: [    0.000000] clocksource: refined-jiffies: mask: 0xffffffff max_cycles: 0xffffffff, max_idle_ns: 7645519600211568 ns
Nov  2 03:08:24 matty kernel: [    0.000000] setup_percpu: NR_CPUS:512 nr_cpumask_bits:512 nr_cpu_ids:1 nr_node_ids:1
Nov  2 03:08:24 matty kernel: [    0.000000] PERCPU: Embedded 34 pages/cpu @ffff88003fc00000 s99480 r8192 d31592 u2097152
Nov  2 03:08:24 matty kernel: [    0.000000] pcpu-alloc: s99480 r8192 d31592 u2097152 alloc=1*2097152
Nov  2 03:08:24 matty kernel: [    0.000000] pcpu-alloc: [0] 0 
Nov  2 03:08:24 matty kernel: [    0.000000] Built 1 zonelists in Node order, mobility grouping on.  Total pages: 257912
Nov  2 03:08:24 matty kernel: [    0.000000] Policy zone: DMA32
Nov  2 03:08:24 matty kernel: [    0.000000] Kernel command line: BOOT_IMAGE=/boot/vmlinuz-4.4.0-142-generic root=UUID=b497925b-ae19-4cb4-9f22-ec6dd244699f ro
Nov  2 03:08:24 matty kernel: [    0.000000] PID hash table entries: 4096 (order: 3, 32768 bytes)
Nov  2 03:08:24 matty kernel: [    0.000000] Calgary: detecting Calgary via BIOS EBDA area
Nov  2 03:08:24 matty kernel: [    0.000000] Calgary: Unable to locate Rio Grande table in EBDA - bailing!
Nov  2 03:08:24 matty kernel: [    0.000000] Memory: 973740K/1048120K available (8603K kernel code, 1332K rwdata, 4004K rodata, 1484K init, 1316K bss, 74380K reserved, 0K cma-reserved)
Nov  2 03:08:24 matty kernel: [    0.000000] SLUB: HWalign=64, Order=0-3, MinObjects=0, CPUs=1, Nodes=1
Nov  2 03:08:24 matty kernel: [    0.000000] Kernel/User page tables isolation: enabled
Nov  2 03:08:24 matty kernel: [    0.000000] Hierarchical RCU implementation.
Nov  2 03:08:24 matty kernel: [    0.000000] 	Build-time adjustment of leaf fanout to 64.
Nov  2 03:08:24 matty kernel: [    0.000000] 	RCU restricting CPUs from NR_CPUS=512 to nr_cpu_ids=1.
Nov  2 03:08:24 matty kernel: [    0.000000] RCU: Adjusting geometry for rcu_fanout_leaf=64, nr_cpu_ids=1
Nov  2 03:08:24 matty kernel: [    0.000000] NR_IRQS:33024 nr_irqs:256 16
Nov  2 03:08:24 matty kernel: [    0.000000] Console: colour VGA+ 80x25
Nov  2 03:08:24 matty kernel: [    0.000000] console [tty0] enabled
Nov  2 03:08:24 matty kernel: [    0.000000] tsc: Detected 1991.999 MHz processor
Nov  2 03:08:24 matty kernel: [    0.087237] Calibrating delay loop (skipped) preset value.. 3983.99 BogoMIPS (lpj=7967996)
Nov  2 03:08:24 matty kernel: [    0.088120] pid_max: default: 32768 minimum: 301
Nov  2 03:08:24 matty kernel: [    0.088577] ACPI: Core revision 20150930
Nov  2 03:08:24 matty kernel: [    0.092013] ACPI: 2 ACPI AML tables successfully acquired and loaded
Nov  2 03:08:24 matty kernel: [    0.092693] Security Framework initialized
Nov  2 03:08:24 matty kernel: [    0.093128] Yama: becoming mindful.
Nov  2 03:08:24 matty kernel: [    0.093553] AppArmor: AppArmor initialized
Nov  2 03:08:24 matty kernel: [    0.094113] Dentry cache hash table entries: 131072 (order: 8, 1048576 bytes)
Nov  2 03:08:24 matty kernel: [    0.094843] Inode-cache hash table entries: 65536 (order: 7, 524288 bytes)
Nov  2 03:08:24 matty kernel: [    0.095447] Mount-cache hash table entries: 2048 (order: 2, 16384 bytes)
Nov  2 03:08:24 matty kernel: [    0.096020] Mountpoint-cache hash table entries: 2048 (order: 2, 16384 bytes)
Nov  2 03:08:24 matty kernel: [    0.096726] Initializing cgroup subsys io
Nov  2 03:08:24 matty kernel: [    0.097162] Initializing cgroup subsys memory
Nov  2 03:08:24 matty kernel: [    0.097641] Initializing cgroup subsys devices
Nov  2 03:08:24 matty kernel: [    0.098235] Initializing cgroup subsys freezer
Nov  2 03:08:24 matty kernel: [    0.098826] Initializing cgroup subsys net_cls
Nov  2 03:08:24 matty kernel: [    0.099514] Initializing cgroup subsys perf_event
Nov  2 03:08:24 matty kernel: [    0.100239] Initializing cgroup subsys net_prio
Nov  2 03:08:24 matty kernel: [    0.100961] Initializing cgroup subsys hugetlb
Nov  2 03:08:24 matty kernel: [    0.101562] Initializing cgroup subsys pids
Nov  2 03:08:24 matty kernel: [    0.103534] mce: CPU supports 0 MCE banks
Nov  2 03:08:24 matty kernel: [    0.104132] process: using mwait in idle threads
Nov  2 03:08:24 matty kernel: [    0.104594] Last level iTLB entries: 4KB 64, 2MB 8, 4MB 8
Nov  2 03:08:24 matty kernel: [    0.105074] Last level dTLB entries: 4KB 64, 2MB 0, 4MB 0, 1GB 4
Nov  2 03:08:24 matty kernel: [    0.105581] Spectre V2 : Mitigation: Full generic retpoline
Nov  2 03:08:24 matty kernel: [    0.106067] Spectre V2 : Spectre v2 / SpectreRSB mitigation: Filling RSB on context switch
Nov  2 03:08:24 matty kernel: [    0.106888] Speculative Store Bypass: Vulnerable
Nov  2 03:08:24 matty kernel: [    0.141887] Freeing SMP alternatives memory: 32K
Nov  2 03:08:24 matty kernel: [    0.154391] ftrace: allocating 32277 entries in 127 pages
Nov  2 03:08:24 matty kernel: [    0.256861] smpboot: APIC(0) Converting physical 0 to logical package 0
Nov  2 03:08:24 matty kernel: [    0.257380] smpboot: Max logical packages: 1
Nov  2 03:08:24 matty kernel: [    0.258102] x2apic enabled
Nov  2 03:08:24 matty kernel: [    0.258753] Switched APIC routing to physical x2apic.
Nov  2 03:08:24 matty kernel: [    0.260776] ..TIMER: vector=0x30 apic1=0 pin1=2 apic2=-1 pin2=-1
Nov  2 03:08:24 matty kernel: [    0.366829] smpboot: CPU0: Intel(R) Core(TM) i7-8550U CPU @ 1.80GHz (family: 0x6, model: 0x8e, stepping: 0xa)
Nov  2 03:08:24 matty kernel: [    0.368065] Performance Events: unsupported p6 CPU model 142 no PMU driver, software events only.
Nov  2 03:08:24 matty kernel: [    0.379903] KVM setup paravirtual spinlock
Nov  2 03:08:24 matty kernel: [    0.380998] x86: Booted up 1 node, 1 CPUs
Nov  2 03:08:24 matty kernel: [    0.381409] smpboot: Total of 1 processors activated (3983.99 BogoMIPS)
Nov  2 03:08:24 matty kernel: [    0.382271] devtmpfs: initialized
Nov  2 03:08:24 matty kernel: [    0.385271] evm: security.selinux
Nov  2 03:08:24 matty kernel: [    0.385752] evm: security.SMACK64
Nov  2 03:08:24 matty kernel: [    0.386213] evm: security.SMACK64EXEC
Nov  2 03:08:24 matty kernel: [    0.386758] evm: security.SMACK64TRANSMUTE
Nov  2 03:08:24 matty kernel: [    0.387176] evm: security.SMACK64MMAP
Nov  2 03:08:24 matty kernel: [    0.387583] evm: security.ima
Nov  2 03:08:24 matty kernel: [    0.387954] evm: security.capability
Nov  2 03:08:24 matty kernel: [    0.388762] clocksource: jiffies: mask: 0xffffffff max_cycles: 0xffffffff, max_idle_ns: 7645041785100000 ns
Nov  2 03:08:24 matty kernel: [    0.389651] futex hash table entries: 256 (order: 2, 16384 bytes)
Nov  2 03:08:24 matty kernel: [    0.390227] pinctrl core: initialized pinctrl subsystem
Nov  2 03:08:24 matty kernel: [    0.390811] RTC time: 10:08:16, date: 11/02/19
Nov  2 03:08:24 matty kernel: [    0.391403] NET: Registered protocol family 16
Nov  2 03:08:24 matty kernel: [    0.391982] cpuidle: using governor ladder
Nov  2 03:08:24 matty kernel: [    0.392454] cpuidle: using governor menu
Nov  2 03:08:24 matty kernel: [    0.392871] PCCT header not found.
Nov  2 03:08:24 matty kernel: [    0.393324] ACPI: bus type PCI registered
Nov  2 03:08:24 matty kernel: [    0.393743] acpiphp: ACPI Hot Plug PCI Controller Driver version: 0.5
Nov  2 03:08:24 matty kernel: [    0.394350] PCI: Using configuration type 1 for base access
Nov  2 03:08:24 matty kernel: [    0.396172] ACPI: Added _OSI(Module Device)
Nov  2 03:08:24 matty kernel: [    0.396591] ACPI: Added _OSI(Processor Device)
Nov  2 03:08:24 matty kernel: [    0.397006] ACPI: Added _OSI(3.0 _SCP Extensions)
Nov  2 03:08:24 matty kernel: [    0.397444] ACPI: Added _OSI(Processor Aggregator Device)
Nov  2 03:08:24 matty kernel: [    0.398608] ACPI: Executed 1 blocks of module-level executable AML code
Nov  2 03:08:24 matty kernel: [    0.402635] ACPI: Interpreter enabled
Nov  2 03:08:24 matty kernel: [    0.403079] ACPI: (supports S0 S5)
Nov  2 03:08:24 matty kernel: [    0.403465] ACPI: Using IOAPIC for interrupt routing
Nov  2 03:08:24 matty kernel: [    0.404160] PCI: Using host bridge windows from ACPI; if necessary, use "pci=nocrs" and report a bug
Nov  2 03:08:24 matty kernel: [    0.409357] ACPI: PCI Root Bridge [PCI0] (domain 0000 [bus 00-ff])
Nov  2 03:08:24 matty kernel: [    0.409841] acpi PNP0A03:00: _OSC: OS supports [ASPM ClockPM Segments MSI]
Nov  2 03:08:24 matty kernel: [    0.410727] acpi PNP0A03:00: _OSC: not requesting OS control; OS requires [ExtendedConfig ASPM ClockPM MSI]
Nov  2 03:08:24 matty kernel: [    0.411547] acpi PNP0A03:00: fail to add MMCONFIG information, can't access extended PCI configuration space under this bridge.
Nov  2 03:08:24 matty kernel: [    0.413123] PCI host bridge to bus 0000:00
Nov  2 03:08:24 matty kernel: [    0.413545] pci_bus 0000:00: root bus resource [io  0x0000-0x0cf7 window]
Nov  2 03:08:24 matty kernel: [    0.414065] pci_bus 0000:00: root bus resource [io  0x0d00-0xffff window]
Nov  2 03:08:24 matty kernel: [    0.414558] pci_bus 0000:00: root bus resource [mem 0x000a0000-0x000bffff window]
Nov  2 03:08:24 matty kernel: [    0.415301] pci_bus 0000:00: root bus resource [mem 0x40000000-0xfdffffff window]
Nov  2 03:08:24 matty kernel: [    0.416103] pci_bus 0000:00: root bus resource [bus 00-ff]
Nov  2 03:08:24 matty kernel: [    0.416803] pci 0000:00:00.0: [8086:1237] type 00 class 0x060000
Nov  2 03:08:24 matty kernel: [    0.417954] pci 0000:00:01.0: [8086:7000] type 00 class 0x060100
Nov  2 03:08:24 matty kernel: [    0.419401] pci 0000:00:01.1: [8086:7111] type 00 class 0x01018a
Nov  2 03:08:24 matty kernel: [    0.419921] pci 0000:00:01.1: reg 0x20: [io  0xd000-0xd00f]
Nov  2 03:08:24 matty kernel: [    0.420129] pci 0000:00:01.1: legacy IDE quirk: reg 0x10: [io  0x01f0-0x01f7]
Nov  2 03:08:24 matty kernel: [    0.420642] pci 0000:00:01.1: legacy IDE quirk: reg 0x14: [io  0x03f6]
Nov  2 03:08:24 matty kernel: [    0.421126] pci 0000:00:01.1: legacy IDE quirk: reg 0x18: [io  0x0170-0x0177]
Nov  2 03:08:24 matty kernel: [    0.421630] pci 0000:00:01.1: legacy IDE quirk: reg 0x1c: [io  0x0376]
Nov  2 03:08:24 matty kernel: [    0.422378] pci 0000:00:02.0: [15ad:0405] type 00 class 0x030000
Nov  2 03:08:24 matty kernel: [    0.423649] pci 0000:00:02.0: reg 0x10: [io  0xd010-0xd01f]
Nov  2 03:08:24 matty kernel: [    0.424637] pci 0000:00:02.0: reg 0x14: [mem 0xf0000000-0xf0ffffff]
Nov  2 03:08:24 matty kernel: [    0.425426] pci 0000:00:02.0: reg 0x18: [mem 0xf1000000-0xf11fffff]
Nov  2 03:08:24 matty kernel: [    0.428460] pci 0000:00:03.0: [8086:100e] type 00 class 0x020000
Nov  2 03:08:24 matty kernel: [    0.429030] pci 0000:00:03.0: reg 0x10: [mem 0xf1200000-0xf121ffff]
Nov  2 03:08:24 matty kernel: [    0.429816] pci 0000:00:03.0: reg 0x18: [io  0xd020-0xd027]
Nov  2 03:08:24 matty kernel: [    0.431819] pci 0000:00:04.0: [80ee:cafe] type 00 class 0x088000
Nov  2 03:08:24 matty kernel: [    0.432446] pci 0000:00:04.0: reg 0x10: [io  0xd040-0xd05f]
Nov  2 03:08:24 matty kernel: [    0.433106] pci 0000:00:04.0: reg 0x14: [mem 0xf1400000-0xf17fffff]
Nov  2 03:08:24 matty kernel: [    0.434070] pci 0000:00:04.0: reg 0x18: [mem 0xf1800000-0xf1803fff pref]
Nov  2 03:08:24 matty kernel: [    0.439934] pci 0000:00:05.0: [8086:2415] type 00 class 0x040100
Nov  2 03:08:24 matty kernel: [    0.440099] pci 0000:00:05.0: reg 0x10: [io  0xd100-0xd1ff]
Nov  2 03:08:24 matty kernel: [    0.440201] pci 0000:00:05.0: reg 0x14: [io  0xd200-0xd23f]
Nov  2 03:08:24 matty kernel: [    0.440945] pci 0000:00:06.0: [106b:003f] type 00 class 0x0c0310
Nov  2 03:08:24 matty kernel: [    0.441473] pci 0000:00:06.0: reg 0x10: [mem 0xf1804000-0xf1804fff]
Nov  2 03:08:24 matty kernel: [    0.444145] pci 0000:00:07.0: [8086:7113] type 00 class 0x068000
Nov  2 03:08:24 matty kernel: [    0.444608] pci 0000:00:07.0: quirk: [io  0x4000-0x403f] claimed by PIIX4 ACPI
Nov  2 03:08:24 matty kernel: [    0.445363] pci 0000:00:07.0: quirk: [io  0x4100-0x410f] claimed by PIIX4 SMB
Nov  2 03:08:24 matty kernel: [    0.446252] pci 0000:00:0b.0: [8086:265c] type 00 class 0x0c0320
Nov  2 03:08:24 matty kernel: [    0.446965] pci 0000:00:0b.0: reg 0x10: [mem 0xf1805000-0xf1805fff]
Nov  2 03:08:24 matty kernel: [    0.449520] pci 0000:00:0d.0: [8086:2829] type 00 class 0x010601
Nov  2 03:08:24 matty kernel: [    0.450614] pci 0000:00:0d.0: reg 0x10: [io  0xd240-0xd247]
Nov  2 03:08:24 matty kernel: [    0.452692] pci 0000:00:0d.0: reg 0x14: [io  0xd248-0xd24b]
Nov  2 03:08:24 matty kernel: [    0.454209] pci 0000:00:0d.0: reg 0x18: [io  0xd250-0xd257]
Nov  2 03:08:24 matty kernel: [    0.454872] pci 0000:00:0d.0: reg 0x1c: [io  0xd258-0xd25b]
Nov  2 03:08:24 matty kernel: [    0.455301] pci 0000:00:0d.0: reg 0x20: [io  0xd260-0xd26f]
Nov  2 03:08:24 matty kernel: [    0.455645] pci 0000:00:0d.0: reg 0x24: [mem 0xf1806000-0xf1807fff]
Nov  2 03:08:24 matty kernel: [    0.457873] ACPI: PCI Interrupt Link [LNKA] (IRQs 5 9 10 *11)
Nov  2 03:08:24 matty kernel: [    0.459027] ACPI: PCI Interrupt Link [LNKB] (IRQs 5 9 *10 11)
Nov  2 03:08:24 matty kernel: [    0.459952] ACPI: PCI Interrupt Link [LNKC] (IRQs 5 *9 10 11)
Nov  2 03:08:24 matty kernel: [    0.460860] ACPI: PCI Interrupt Link [LNKD] (IRQs 5 9 10 *11)
Nov  2 03:08:24 matty kernel: [    0.473317] ACPI: Enabled 2 GPEs in block 00 to 07
Nov  2 03:08:24 matty kernel: [    0.474028] vgaarb: setting as boot device: PCI:0000:00:02.0
Nov  2 03:08:24 matty kernel: [    0.474506] vgaarb: device added: PCI:0000:00:02.0,decodes=io+mem,owns=io+mem,locks=none
Nov  2 03:08:24 matty kernel: [    0.475315] vgaarb: loaded
Nov  2 03:08:24 matty kernel: [    0.475689] vgaarb: bridge control possible 0000:00:02.0
Nov  2 03:08:24 matty kernel: [    0.476375] SCSI subsystem initialized
Nov  2 03:08:24 matty kernel: [    0.476871] libata version 3.00 loaded.
Nov  2 03:08:24 matty kernel: [    0.476892] ACPI: bus type USB registered
Nov  2 03:08:24 matty kernel: [    0.477622] usbcore: registered new interface driver usbfs
Nov  2 03:08:24 matty kernel: [    0.478109] usbcore: registered new interface driver hub
Nov  2 03:08:24 matty kernel: [    0.478618] usbcore: registered new device driver usb
Nov  2 03:08:24 matty kernel: [    0.479230] PCI: Using ACPI for IRQ routing
Nov  2 03:08:24 matty kernel: [    0.479659] PCI: pci_cache_line_size set to 64 bytes
Nov  2 03:08:24 matty kernel: [    0.479940] e820: reserve RAM buffer [mem 0x0009fc00-0x0009ffff]
Nov  2 03:08:24 matty kernel: [    0.479943] e820: reserve RAM buffer [mem 0x3fff0000-0x3fffffff]
Nov  2 03:08:24 matty kernel: [    0.480051] NetLabel: Initializing
Nov  2 03:08:24 matty kernel: [    0.480452] NetLabel:  domain hash size = 128
Nov  2 03:08:24 matty kernel: [    0.480918] NetLabel:  protocols = UNLABELED CIPSOv4
Nov  2 03:08:24 matty kernel: [    0.481396] NetLabel:  unlabeled traffic allowed by default
Nov  2 03:08:24 matty kernel: [    0.481929] amd_nb: Cannot enumerate AMD northbridges
Nov  2 03:08:24 matty kernel: [    0.482421] clocksource: Switched to clocksource kvm-clock
Nov  2 03:08:24 matty kernel: [    0.489816] AppArmor: AppArmor Filesystem Enabled
Nov  2 03:08:24 matty kernel: [    0.490328] pnp: PnP ACPI init
Nov  2 03:08:24 matty kernel: [    0.490777] pnp 00:00: Plug and Play ACPI device, IDs PNP0303 (active)
Nov  2 03:08:24 matty kernel: [    0.490883] pnp 00:01: Plug and Play ACPI device, IDs PNP0f03 (active)
Nov  2 03:08:24 matty kernel: [    0.491642] pnp: PnP ACPI: found 2 devices
Nov  2 03:08:24 matty kernel: [    0.497884] clocksource: acpi_pm: mask: 0xffffff max_cycles: 0xffffff, max_idle_ns: 2085701024 ns
Nov  2 03:08:24 matty kernel: [    0.498717] pci_bus 0000:00: resource 4 [io  0x0000-0x0cf7 window]
Nov  2 03:08:24 matty kernel: [    0.498720] pci_bus 0000:00: resource 5 [io  0x0d00-0xffff window]
Nov  2 03:08:24 matty kernel: [    0.498722] pci_bus 0000:00: resource 6 [mem 0x000a0000-0x000bffff window]
Nov  2 03:08:24 matty kernel: [    0.498724] pci_bus 0000:00: resource 7 [mem 0x40000000-0xfdffffff window]
Nov  2 03:08:24 matty kernel: [    0.498755] NET: Registered protocol family 2
Nov  2 03:08:24 matty kernel: [    0.499348] TCP established hash table entries: 8192 (order: 4, 65536 bytes)
Nov  2 03:08:24 matty kernel: [    0.500645] TCP bind hash table entries: 8192 (order: 5, 131072 bytes)
Nov  2 03:08:24 matty kernel: [    0.501206] TCP: Hash tables configured (established 8192 bind 8192)
Nov  2 03:08:24 matty kernel: [    0.501740] UDP hash table entries: 512 (order: 2, 16384 bytes)
Nov  2 03:08:24 matty kernel: [    0.502238] UDP-Lite hash table entries: 512 (order: 2, 16384 bytes)
Nov  2 03:08:24 matty kernel: [    0.502814] NET: Registered protocol family 1
Nov  2 03:08:24 matty kernel: [    0.503269] pci 0000:00:00.0: Limiting direct PCI/PCI transfers
Nov  2 03:08:24 matty kernel: [    0.503823] pci 0000:00:01.0: Activating ISA DMA hang workarounds
Nov  2 03:08:24 matty kernel: [    0.504363] pci 0000:00:02.0: Video device with shadowed ROM
Nov  2 03:08:24 matty kernel: [    0.507334] PCI: CLS 0 bytes, default 64
Nov  2 03:08:24 matty kernel: [    0.507380] Unpacking initramfs...
Nov  2 03:08:24 matty kernel: [    1.053891] Freeing initrd memory: 38928K
Nov  2 03:08:24 matty kernel: [    1.054629] platform rtc_cmos: registered platform RTC device (no PNP device found)
Nov  2 03:08:24 matty kernel: [    1.055751] Scanning for low memory corruption every 60 seconds
Nov  2 03:08:24 matty kernel: [    1.056756] audit: initializing netlink subsys (disabled)
Nov  2 03:08:24 matty kernel: [    1.057259] audit: type=2000 audit(1572689892.580:1): initialized
Nov  2 03:08:24 matty kernel: [    1.058116] Initialise system trusted keyring
Nov  2 03:08:24 matty kernel: [    1.058721] HugeTLB registered 2 MB page size, pre-allocated 0 pages
Nov  2 03:08:24 matty kernel: [    1.060828] zbud: loaded
Nov  2 03:08:24 matty kernel: [    1.061607] VFS: Disk quotas dquot_6.6.0
Nov  2 03:08:24 matty kernel: [    1.062071] VFS: Dquot-cache hash table entries: 512 (order 0, 4096 bytes)
Nov  2 03:08:24 matty kernel: [    1.063160] squashfs: version 4.0 (2009/01/31) Phillip Lougher
Nov  2 03:08:24 matty kernel: [    1.063909] fuse init (API version 7.23)
Nov  2 03:08:24 matty kernel: [    1.064503] Key type big_key registered
Nov  2 03:08:24 matty kernel: [    1.064952] Allocating IMA MOK and blacklist keyrings.
Nov  2 03:08:24 matty kernel: [    1.065777] Key type asymmetric registered
Nov  2 03:08:24 matty kernel: [    1.066285] Asymmetric key parser 'x509' registered
Nov  2 03:08:24 matty kernel: [    1.066834] Block layer SCSI generic (bsg) driver version 0.4 loaded (major 249)
Nov  2 03:08:24 matty kernel: [    1.067796] io scheduler noop registered
Nov  2 03:08:24 matty kernel: [    1.068230] io scheduler deadline registered (default)
Nov  2 03:08:24 matty kernel: [    1.068799] io scheduler cfq registered
Nov  2 03:08:24 matty kernel: [    1.069347] pci_hotplug: PCI Hot Plug PCI Core version: 0.5
Nov  2 03:08:24 matty kernel: [    1.069844] pciehp: PCI Express Hot Plug Controller Driver version: 0.4
Nov  2 03:08:24 matty kernel: [    1.070549] ACPI: AC Adapter [AC] (on-line)
Nov  2 03:08:24 matty kernel: [    1.071047] input: Power Button as /devices/LNXSYSTM:00/LNXPWRBN:00/input/input0
Nov  2 03:08:24 matty kernel: [    1.071846] ACPI: Power Button [PWRF]
Nov  2 03:08:24 matty kernel: [    1.072363] input: Sleep Button as /devices/LNXSYSTM:00/LNXSLPBN:00/input/input1
Nov  2 03:08:24 matty kernel: [    1.073157] ACPI: Sleep Button [SLPF]
Nov  2 03:08:24 matty kernel: [    1.074546] ACPI: Battery Slot [BAT0] (battery present)
Nov  2 03:08:24 matty kernel: [    1.075058] GHES: HEST is not enabled!
Nov  2 03:08:24 matty kernel: [    1.075577] Serial: 8250/16550 driver, 32 ports, IRQ sharing enabled
Nov  2 03:08:24 matty kernel: [    1.077420] Linux agpgart interface v0.103
Nov  2 03:08:24 matty kernel: [    1.079324] loop: module loaded
Nov  2 03:08:24 matty kernel: [    1.079979] ata_piix 0000:00:01.1: version 2.13
Nov  2 03:08:24 matty kernel: [    1.080504] scsi host0: ata_piix
Nov  2 03:08:24 matty kernel: [    1.081104] scsi host1: ata_piix
Nov  2 03:08:24 matty kernel: [    1.081557] ata1: PATA max UDMA/33 cmd 0x1f0 ctl 0x3f6 bmdma 0xd000 irq 14
Nov  2 03:08:24 matty kernel: [    1.082095] ata2: PATA max UDMA/33 cmd 0x170 ctl 0x376 bmdma 0xd008 irq 15
Nov  2 03:08:24 matty kernel: [    1.084245] libphy: Fixed MDIO Bus: probed
Nov  2 03:08:24 matty kernel: [    1.084999] tun: Universal TUN/TAP device driver, 1.6
Nov  2 03:08:24 matty kernel: [    1.085767] tun: (C) 1999-2004 Max Krasnyansky <maxk@qualcomm.com>
Nov  2 03:08:24 matty kernel: [    1.087312] PPP generic driver version 2.4.2
Nov  2 03:08:24 matty kernel: [    1.088011] ehci_hcd: USB 2.0 'Enhanced' Host Controller (EHCI) Driver
Nov  2 03:08:24 matty kernel: [    1.088709] ehci-pci: EHCI PCI platform driver
Nov  2 03:08:24 matty kernel: [    1.090188] ehci-pci 0000:00:0b.0: EHCI Host Controller
Nov  2 03:08:24 matty kernel: [    1.090885] ehci-pci 0000:00:0b.0: new USB bus registered, assigned bus number 1
Nov  2 03:08:24 matty kernel: [    1.092238] ehci-pci 0000:00:0b.0: irq 19, io mem 0xf1805000
Nov  2 03:08:24 matty kernel: [    1.103243] ehci-pci 0000:00:0b.0: USB 2.0 started, EHCI 1.00
Nov  2 03:08:24 matty kernel: [    1.103998] usb usb1: New USB device found, idVendor=1d6b, idProduct=0002
Nov  2 03:08:24 matty kernel: [    1.104715] usb usb1: New USB device strings: Mfr=3, Product=2, SerialNumber=1
Nov  2 03:08:24 matty kernel: [    1.105765] usb usb1: Product: EHCI Host Controller
Nov  2 03:08:24 matty kernel: [    1.106430] usb usb1: Manufacturer: Linux 4.4.0-142-generic ehci_hcd
Nov  2 03:08:24 matty kernel: [    1.107318] usb usb1: SerialNumber: 0000:00:0b.0
Nov  2 03:08:24 matty kernel: [    1.108035] hub 1-0:1.0: USB hub found
Nov  2 03:08:24 matty kernel: [    1.108494] hub 1-0:1.0: 12 ports detected
Nov  2 03:08:24 matty kernel: [    1.109178] ehci-platform: EHCI generic platform driver
Nov  2 03:08:24 matty kernel: [    1.109708] ohci_hcd: USB 1.1 'Open' Host Controller (OHCI) Driver
Nov  2 03:08:24 matty kernel: [    1.110381] ohci-pci: OHCI PCI platform driver
Nov  2 03:08:24 matty kernel: [    1.111535] ohci-pci 0000:00:06.0: OHCI PCI host controller
Nov  2 03:08:24 matty kernel: [    1.112071] ohci-pci 0000:00:06.0: new USB bus registered, assigned bus number 2
Nov  2 03:08:24 matty kernel: [    1.112986] ohci-pci 0000:00:06.0: irq 22, io mem 0xf1804000
Nov  2 03:08:24 matty kernel: [    1.167670] usb usb2: New USB device found, idVendor=1d6b, idProduct=0001
Nov  2 03:08:24 matty kernel: [    1.168223] usb usb2: New USB device strings: Mfr=3, Product=2, SerialNumber=1
Nov  2 03:08:24 matty kernel: [    1.169006] usb usb2: Product: OHCI PCI host controller
Nov  2 03:08:24 matty kernel: [    1.169478] usb usb2: Manufacturer: Linux 4.4.0-142-generic ohci_hcd
Nov  2 03:08:24 matty kernel: [    1.170001] usb usb2: SerialNumber: 0000:00:06.0
Nov  2 03:08:24 matty kernel: [    1.170578] hub 2-0:1.0: USB hub found
Nov  2 03:08:24 matty kernel: [    1.171017] hub 2-0:1.0: 12 ports detected
Nov  2 03:08:24 matty kernel: [    1.171888] ohci-platform: OHCI generic platform driver
Nov  2 03:08:24 matty kernel: [    1.172380] uhci_hcd: USB Universal Host Controller Interface driver
Nov  2 03:08:24 matty kernel: [    1.172954] i8042: PNP: PS/2 Controller [PNP0303:PS2K,PNP0f03:PS2M] at 0x60,0x64 irq 1,12
Nov  2 03:08:24 matty kernel: [    1.174294] serio: i8042 KBD port at 0x60,0x64 irq 1
Nov  2 03:08:24 matty kernel: [    1.175094] serio: i8042 AUX port at 0x60,0x64 irq 12
Nov  2 03:08:24 matty kernel: [    1.175681] mousedev: PS/2 mouse device common for all mice
Nov  2 03:08:24 matty kernel: [    1.176533] input: AT Translated Set 2 keyboard as /devices/platform/i8042/serio0/input/input2
Nov  2 03:08:24 matty kernel: [    1.177803] rtc_cmos rtc_cmos: rtc core: registered rtc_cmos as rtc0
Nov  2 03:08:24 matty kernel: [    1.178398] rtc_cmos rtc_cmos: alarms up to one day, 114 bytes nvram
Nov  2 03:08:24 matty kernel: [    1.178922] i2c /dev entries driver
Nov  2 03:08:24 matty kernel: [    1.179385] device-mapper: uevent: version 1.0.3
Nov  2 03:08:24 matty kernel: [    1.179902] device-mapper: ioctl: 4.34.0-ioctl (2015-10-28) initialised: dm-devel@redhat.com
Nov  2 03:08:24 matty kernel: [    1.180749] ledtrig-cpu: registered to indicate activity on CPUs
Nov  2 03:08:24 matty kernel: [    1.181521] NET: Registered protocol family 10
Nov  2 03:08:24 matty kernel: [    1.182139] NET: Registered protocol family 17
Nov  2 03:08:24 matty kernel: [    1.182602] Key type dns_resolver registered
Nov  2 03:08:24 matty kernel: [    1.183255] registered taskstats version 1
Nov  2 03:08:24 matty kernel: [    1.183708] Loading compiled-in X.509 certificates
Nov  2 03:08:24 matty kernel: [    1.184818] Loaded X.509 cert 'Build time autogenerated kernel key: bff73e56bc0efa7435b2a24f5427674623f1be80'
Nov  2 03:08:24 matty kernel: [    1.185717] zswap: loaded using pool lzo/zbud
Nov  2 03:08:24 matty kernel: [    1.187817] Key type trusted registered
Nov  2 03:08:24 matty kernel: [    1.190970] Key type encrypted registered
Nov  2 03:08:24 matty kernel: [    1.191523] AppArmor: AppArmor sha1 policy hashing enabled
Nov  2 03:08:24 matty kernel: [    1.192010] ima: No TPM chip found, activating TPM-bypass!
Nov  2 03:08:24 matty kernel: [    1.192504] ima: Allocated hash algorithm: sha1
Nov  2 03:08:24 matty kernel: [    1.192965] evm: HMAC attrs: 0x1
Nov  2 03:08:24 matty kernel: [    1.193800]   Magic number: 11:304:122
Nov  2 03:08:24 matty kernel: [    1.194279] acpi LNXSYBUS:00: hash matches
Nov  2 03:08:24 matty kernel: [    1.194779] rtc_cmos rtc_cmos: setting system clock to 2019-11-02 10:08:17 UTC (1572689297)
Nov  2 03:08:24 matty kernel: [    1.195752] BIOS EDD facility v0.16 2004-Jun-25, 0 devices found
Nov  2 03:08:24 matty kernel: [    1.196589] EDD information not available.
Nov  2 03:08:24 matty kernel: [    1.197096] PM: Hibernation image not present or could not be loaded.
Nov  2 03:08:24 matty kernel: [    1.243406] ata2.00: ATAPI: VBOX CD-ROM, 1.0, max UDMA/133
Nov  2 03:08:24 matty kernel: [    1.244281] ata2.00: configured for UDMA/33
Nov  2 03:08:24 matty kernel: [    1.245370] scsi 1:0:0:0: CD-ROM            VBOX     CD-ROM           1.0  PQ: 0 ANSI: 5
Nov  2 03:08:24 matty kernel: [    1.255499] sr 1:0:0:0: [sr0] scsi3-mmc drive: 32x/32x xa/form2 tray
Nov  2 03:08:24 matty kernel: [    1.255983] cdrom: Uniform CD-ROM driver Revision: 3.20
Nov  2 03:08:24 matty kernel: [    1.256690] sr 1:0:0:0: Attached scsi CD-ROM sr0
Nov  2 03:08:24 matty kernel: [    1.256821] sr 1:0:0:0: Attached scsi generic sg0 type 5
Nov  2 03:08:24 matty kernel: [    1.258162] Freeing unused kernel memory: 1484K
Nov  2 03:08:24 matty kernel: [    1.266602] Write protecting the kernel read-only data: 14336k
Nov  2 03:08:24 matty kernel: [    1.267416] Freeing unused kernel memory: 1624K
Nov  2 03:08:24 matty kernel: [    1.268041] Freeing unused kernel memory: 92K
Nov  2 03:08:24 matty kernel: [    1.281210] random: udevadm: uninitialized urandom read (16 bytes read, 3 bits of entropy available)
Nov  2 03:08:24 matty kernel: [    1.282107] random: udevadm: uninitialized urandom read (16 bytes read, 3 bits of entropy available)
Nov  2 03:08:24 matty kernel: [    1.283626] random: systemd-udevd: uninitialized urandom read (16 bytes read, 3 bits of entropy available)
Nov  2 03:08:24 matty kernel: [    1.284568] random: systemd-udevd: uninitialized urandom read (16 bytes read, 3 bits of entropy available)
Nov  2 03:08:24 matty kernel: [    1.285425] random: systemd-udevd: uninitialized urandom read (16 bytes read, 3 bits of entropy available)
Nov  2 03:08:24 matty kernel: [    1.286316] random: systemd-udevd: uninitialized urandom read (16 bytes read, 3 bits of entropy available)
Nov  2 03:08:24 matty kernel: [    1.294462] random: systemd-udevd: uninitialized urandom read (16 bytes read, 3 bits of entropy available)
Nov  2 03:08:24 matty kernel: [    1.295331] random: systemd-udevd: uninitialized urandom read (16 bytes read, 3 bits of entropy available)
Nov  2 03:08:24 matty kernel: [    1.296174] random: systemd-udevd: uninitialized urandom read (16 bytes read, 3 bits of entropy available)
Nov  2 03:08:24 matty kernel: [    1.297811] random: systemd-udevd: uninitialized urandom read (16 bytes read, 3 bits of entropy available)
Nov  2 03:08:24 matty kernel: [    1.365557] ACPI: Video Device [GFX0] (multi-head: yes  rom: no  post: no)
Nov  2 03:08:24 matty kernel: [    1.366149] input: Video Bus as /devices/LNXSYSTM:00/LNXSYBUS:00/PNP0A03:00/LNXVIDEO:00/input/input4
Nov  2 03:08:24 matty kernel: [    1.385686] e1000: Intel(R) PRO/1000 Network Driver - version 7.3.21-k8-NAPI
Nov  2 03:08:24 matty kernel: [    1.397478] e1000: Copyright (c) 1999-2006 Intel Corporation.
Nov  2 03:08:24 matty kernel: [    1.401048] [drm] Initialized drm 1.1.0 20060810
Nov  2 03:08:24 matty kernel: [    1.408134] ahci 0000:00:0d.0: version 3.0
Nov  2 03:08:24 matty kernel: [    1.408855] ahci 0000:00:0d.0: SSS flag set, parallel bus scan disabled
Nov  2 03:08:24 matty kernel: [    1.409550] ahci 0000:00:0d.0: AHCI 0001.0100 32 slots 1 ports 3 Gbps 0x1 impl SATA mode
Nov  2 03:08:24 matty kernel: [    1.410365] ahci 0000:00:0d.0: flags: 64bit ncq stag only ccc 
Nov  2 03:08:24 matty kernel: [    1.434964] scsi host2: ahci
Nov  2 03:08:24 matty kernel: [    1.435436] ata3: SATA max UDMA/133 abar m8192@0xf1806000 port 0xf1806100 irq 21
Nov  2 03:08:24 matty kernel: [    1.464739] AVX2 version of gcm_enc/dec engaged.
Nov  2 03:08:24 matty kernel: [    1.465209] AES CTR mode by8 optimization enabled
Nov  2 03:08:24 matty kernel: [    1.590540] usb 2-1: new full-speed USB device number 2 using ohci-pci
Nov  2 03:08:24 matty kernel: [    1.625210] input: ImExPS/2 Generic Explorer Mouse as /devices/platform/i8042/serio1/input/input5
Nov  2 03:08:24 matty kernel: [    1.757706] ata3: SATA link up 3.0 Gbps (SStatus 123 SControl 300)
Nov  2 03:08:24 matty kernel: [    1.762900] ata3.00: ATA-6: VBOX HARDDISK, 1.0, max UDMA/133
Nov  2 03:08:24 matty kernel: [    1.763394] ata3.00: 8388608 sectors, multi 128: LBA48 NCQ (depth 31/32)
Nov  2 03:08:24 matty kernel: [    1.768935] ata3.00: configured for UDMA/133
Nov  2 03:08:24 matty kernel: [    1.769507] scsi 2:0:0:0: Direct-Access     ATA      VBOX HARDDISK    1.0  PQ: 0 ANSI: 5
Nov  2 03:08:24 matty kernel: [    1.770532] sd 2:0:0:0: [sda] 8388608 512-byte logical blocks: (4.29 GB/4.00 GiB)
Nov  2 03:08:24 matty kernel: [    1.771351] sd 2:0:0:0: [sda] Write Protect is off
Nov  2 03:08:24 matty kernel: [    1.771809] sd 2:0:0:0: [sda] Mode Sense: 00 3a 00 00
Nov  2 03:08:24 matty kernel: [    1.771824] sd 2:0:0:0: Attached scsi generic sg1 type 0
Nov  2 03:08:24 matty kernel: [    1.772332] sd 2:0:0:0: [sda] Write cache: enabled, read cache: enabled, doesn't support DPO or FUA
Nov  2 03:08:24 matty kernel: [    1.773868]  sda: sda1 sda2 < sda5 >
Nov  2 03:08:24 matty kernel: [    1.774478] sd 2:0:0:0: [sda] Attached SCSI disk
Nov  2 03:08:24 matty kernel: [    1.881610] usb 2-1: New USB device found, idVendor=80ee, idProduct=0021
Nov  2 03:08:24 matty kernel: [    1.882156] usb 2-1: New USB device strings: Mfr=1, Product=3, SerialNumber=0
Nov  2 03:08:24 matty kernel: [    1.882816] usb 2-1: Product: USB Tablet
Nov  2 03:08:24 matty kernel: [    1.883375] usb 2-1: Manufacturer: VirtualBox
Nov  2 03:08:24 matty kernel: [    1.886765] e1000 0000:00:03.0 eth0: (PCI:33MHz:32-bit) 08:00:27:f9:a7:03
Nov  2 03:08:24 matty kernel: [    1.887627] e1000 0000:00:03.0 eth0: Intel(R) PRO/1000 Network Connection
Nov  2 03:08:24 matty kernel: [    1.889316] [drm] DMA map mode: Using physical TTM page addresses.
Nov  2 03:08:24 matty kernel: [    1.889898] [drm] Capabilities:
Nov  2 03:08:24 matty kernel: [    1.890364] [drm]   Cursor.
Nov  2 03:08:24 matty kernel: [    1.890874] [drm]   Cursor bypass 2.
Nov  2 03:08:24 matty kernel: [    1.891471] [drm]   Alpha cursor.
Nov  2 03:08:24 matty kernel: [    1.892097] [drm]   3D.
Nov  2 03:08:24 matty kernel: [    1.892601] [drm]   Extended Fifo.
Nov  2 03:08:24 matty kernel: [    1.893165] [drm]   Pitchlock.
Nov  2 03:08:24 matty kernel: [    1.893695] [drm]   Irq mask.
Nov  2 03:08:24 matty kernel: [    1.894270] [drm]   GMR.
Nov  2 03:08:24 matty kernel: [    1.894776] [drm]   Traces.
Nov  2 03:08:24 matty kernel: [    1.895296] [drm]   GMR2.
Nov  2 03:08:24 matty kernel: [    1.895809] [drm]   Screen Object 2.
Nov  2 03:08:24 matty kernel: [    1.896367] [drm] Max GMR ids is 8192
Nov  2 03:08:24 matty kernel: [    1.896965] [drm] Max number of GMR pages is 1048576
Nov  2 03:08:24 matty kernel: [    1.897561] [drm] Max dedicated hypervisor surface memory is 507904 kiB
Nov  2 03:08:24 matty kernel: [    1.898248] [drm] Maximum display memory size is 16384 kiB
Nov  2 03:08:24 matty kernel: [    1.898936] [drm] VRAM at 0xf0000000 size is 16384 kiB
Nov  2 03:08:24 matty kernel: [    1.899565] [drm] MMIO at 0xf1000000 size is 2048 kiB
Nov  2 03:08:24 matty kernel: [    1.906130] e1000 0000:00:03.0 enp0s3: renamed from eth0
Nov  2 03:08:24 matty kernel: [    1.908149] hidraw: raw HID events driver (C) Jiri Kosina
Nov  2 03:08:24 matty kernel: [    1.911472] [drm] global init.
Nov  2 03:08:24 matty kernel: [    1.912046] [TTM] Zone  kernel: Available graphics memory: 507950 kiB
Nov  2 03:08:24 matty kernel: [    1.912738] [TTM] Initializing pool allocator
Nov  2 03:08:24 matty kernel: [    1.913322] [TTM] Initializing DMA pool allocator
Nov  2 03:08:24 matty kernel: [    1.914004] [drm] Supports vblank timestamp caching Rev 2 (21.10.2013).
Nov  2 03:08:24 matty kernel: [    1.914580] [drm] No driver support for vblank timestamp query.
Nov  2 03:08:24 matty kernel: [    1.916939] [drm] Screen Objects Display Unit initialized
Nov  2 03:08:24 matty kernel: [    1.917499] [drm] width 720
Nov  2 03:08:24 matty kernel: [    1.917902] [drm] height 400
Nov  2 03:08:24 matty kernel: [    1.918364] [drm] bpp 32
Nov  2 03:08:24 matty kernel: [    1.919007] [drm] Fifo max 0x00200000 min 0x00001000 cap 0x00000355
Nov  2 03:08:24 matty kernel: [    1.920868] [drm] DX: no.
Nov  2 03:08:24 matty kernel: [    1.923977] fbcon: svgadrmfb (fb0) is primary device
Nov  2 03:08:24 matty kernel: [    1.924411] usbcore: registered new interface driver usbhid
Nov  2 03:08:24 matty kernel: [    1.924411] usbhid: USB HID core driver
Nov  2 03:08:24 matty kernel: [    1.952211] input: VirtualBox USB Tablet as /devices/pci0000:00/0000:00:06.0/usb2/2-1/2-1:1.0/0003:80EE:0021.0001/input/input6
Nov  2 03:08:24 matty kernel: [    1.952509] hid-generic 0003:80EE:0021.0001: input,hidraw0: USB HID v1.10 Mouse [VirtualBox USB Tablet] on usb-0000:00:06.0-1/input0
Nov  2 03:08:24 matty kernel: [    1.955478] Console: switching to colour frame buffer device 100x37
Nov  2 03:08:24 matty kernel: [    1.956615] [drm] Initialized vmwgfx 2.9.0 20150810 for 0000:00:02.0 on minor 0
Nov  2 03:08:24 matty kernel: [    2.054487] tsc: Refined TSC clocksource calibration: 1989.857 MHz
Nov  2 03:08:24 matty kernel: [    2.054512] clocksource: tsc: mask: 0xffffffffffffffff max_cycles: 0x395d80de369, max_idle_ns: 881590505860 ns
Nov  2 03:08:24 matty kernel: [    2.117919] md: linear personality registered for level -1
Nov  2 03:08:24 matty kernel: [    2.121209] md: multipath personality registered for level -4
Nov  2 03:08:24 matty kernel: [    2.124583] md: raid0 personality registered for level 0
Nov  2 03:08:24 matty kernel: [    2.128850] md: raid1 personality registered for level 1
Nov  2 03:08:24 matty kernel: [    2.198505] raid6: sse2x1   gen()  8622 MB/s
Nov  2 03:08:24 matty kernel: [    2.266743] raid6: sse2x1   xor()  6754 MB/s
Nov  2 03:08:24 matty kernel: [    2.334595] raid6: sse2x2   gen() 11082 MB/s
Nov  2 03:08:24 matty kernel: [    2.402916] raid6: sse2x2   xor()  7671 MB/s
Nov  2 03:08:24 matty kernel: [    2.470728] raid6: sse2x4   gen() 12442 MB/s
Nov  2 03:08:24 matty kernel: [    2.538578] raid6: sse2x4   xor()  8406 MB/s
Nov  2 03:08:24 matty kernel: [    2.606888] raid6: avx2x1   gen() 17823 MB/s
Nov  2 03:08:24 matty kernel: [    2.674728] raid6: avx2x2   gen() 20238 MB/s
Nov  2 03:08:24 matty kernel: [    2.742558] raid6: avx2x4   gen() 21605 MB/s
Nov  2 03:08:24 matty kernel: [    2.743045] raid6: using algorithm avx2x4 gen() 21605 MB/s
Nov  2 03:08:24 matty kernel: [    2.743500] raid6: using avx2x2 recovery algorithm
Nov  2 03:08:24 matty kernel: [    2.746302] xor: automatically using best checksumming function:
Nov  2 03:08:24 matty kernel: [    2.782607]    avx       : 17598.000 MB/sec
Nov  2 03:08:24 matty kernel: [    2.785535] async_tx: api initialized (async)
Nov  2 03:08:24 matty kernel: [    2.801426] md: raid6 personality registered for level 6
Nov  2 03:08:24 matty kernel: [    2.801921] md: raid5 personality registered for level 5
Nov  2 03:08:24 matty kernel: [    2.802415] md: raid4 personality registered for level 4
Nov  2 03:08:24 matty kernel: [    2.810011] md: raid10 personality registered for level 10
Nov  2 03:08:24 matty kernel: [    2.857721] Btrfs loaded
Nov  2 03:08:24 matty kernel: [    2.936076] EXT4-fs (sda1): mounted filesystem with ordered data mode. Opts: (null)
Nov  2 03:08:24 matty kernel: [    3.242686] Loading iSCSI transport class v2.0-870.
Nov  2 03:08:24 matty kernel: [    3.278688] EXT4-fs (sda1): re-mounted. Opts: errors=remount-ro
Nov  2 03:08:24 matty kernel: [    3.308948] iscsi: registered transport (tcp)
Nov  2 03:08:24 matty kernel: [    3.495131] iscsi: registered transport (iser)
Nov  2 03:08:24 matty kernel: [    3.906375] piix4_smbus 0000:00:07.0: SMBus Host Controller at 0x4100, revision 0
Nov  2 03:08:24 matty kernel: [    3.933589] vgdrvHeartbeatInit: Setting up heartbeat to trigger every 2000 milliseconds
Nov  2 03:08:24 matty kernel: [    3.933722] input: Unspecified device as /devices/pci0000:00/0000:00:04.0/input/input7
Nov  2 03:08:24 matty kernel: [    3.944480] vboxguest: misc device minor 55, IRQ 20, I/O port d040, MMIO at 00000000f1400000 (size 0x400000)
Nov  2 03:08:24 matty kernel: [    3.944483] vboxguest: Successfully loaded version 5.0.18_Ubuntu (interface 0x00010004)
Nov  2 03:08:24 matty kernel: [    3.963680] random: nonblocking pool is initialized
Nov  2 03:08:24 matty kernel: [    4.259117] intel_rapl: no valid rapl domains found in package 0
Nov  2 03:08:24 matty kernel: [    4.462091] snd_intel8x0 0000:00:05.0: disable (unknown or VT-d) VM optimization
Nov  2 03:08:24 matty kernel: [    4.828454] Adding 998396k swap on /dev/sda5.  Priority:-1 extents:1 across:998396k FS
Nov  2 03:08:24 matty kernel: [    5.797484] audit: type=1400 audit(1572689302.100:2): apparmor="STATUS" operation="profile_load" profile="unconfined" name="lxc-container-default" pid=560 comm="apparmor_parser"
Nov  2 03:08:24 matty kernel: [    5.798163] audit: type=1400 audit(1572689302.100:3): apparmor="STATUS" operation="profile_load" profile="unconfined" name="lxc-container-default-cgns" pid=560 comm="apparmor_parser"
Nov  2 03:08:24 matty kernel: [    5.798884] audit: type=1400 audit(1572689302.100:4): apparmor="STATUS" operation="profile_load" profile="unconfined" name="lxc-container-default-with-mounting" pid=560 comm="apparmor_parser"
Nov  2 03:08:24 matty kernel: [    5.799323] audit: type=1400 audit(1572689302.100:5): apparmor="STATUS" operation="profile_load" profile="unconfined" name="lxc-container-default-with-nesting" pid=560 comm="apparmor_parser"
Nov  2 03:08:24 matty kernel: [    6.311821] snd_intel8x0 0000:00:05.0: white list rate for 1028:0177 is 48000
Nov  2 03:08:24 matty kernel: [    6.747357] audit: type=1400 audit(1572689303.048:6): apparmor="STATUS" operation="profile_load" profile="unconfined" name="/sbin/dhclient" pid=677 comm="apparmor_parser"
Nov  2 03:08:24 matty kernel: [    6.747824] audit: type=1400 audit(1572689303.048:7): apparmor="STATUS" operation="profile_load" profile="unconfined" name="/usr/lib/NetworkManager/nm-dhcp-client.action" pid=677 comm="apparmor_parser"
Nov  2 03:08:24 matty kernel: [    6.748183] audit: type=1400 audit(1572689303.048:8): apparmor="STATUS" operation="profile_load" profile="unconfined" name="/usr/lib/NetworkManager/nm-dhcp-helper" pid=677 comm="apparmor_parser"
Nov  2 03:08:24 matty kernel: [    6.748539] audit: type=1400 audit(1572689303.048:9): apparmor="STATUS" operation="profile_load" profile="unconfined" name="/usr/lib/connman/scripts/dhclient-script" pid=677 comm="apparmor_parser"
Nov  2 03:08:24 matty kernel: [    6.768013] audit: type=1400 audit(1572689303.068:10): apparmor="STATUS" operation="profile_load" profile="unconfined" name="/usr/bin/lxc-start" pid=679 comm="apparmor_parser"
Nov  2 03:08:24 matty kernel: [    6.948105] audit: type=1400 audit(1572689303.248:11): apparmor="STATUS" operation="profile_load" profile="unconfined" name="/usr/lib/lxd/lxd-bridge-proxy" pid=681 comm="apparmor_parser"
Nov  2 03:08:24 matty kernel: [    7.569325] audit: type=1400 audit(1572689303.868:12): apparmor="STATUS" operation="profile_load" profile="unconfined" name="/usr/lib/snapd/snap-confine" pid=683 comm="apparmor_parser"
Nov  2 03:08:24 matty kernel: [    7.569598] audit: type=1400 audit(1572689303.868:13): apparmor="STATUS" operation="profile_load" profile="unconfined" name="/usr/lib/snapd/snap-confine//mount-namespace-capture-helper" pid=683 comm="apparmor_parser"
Nov  2 03:08:24 matty kernel: [    7.808486] audit: type=1400 audit(1572689304.108:14): apparmor="STATUS" operation="profile_load" profile="unconfined" name="/usr/sbin/tcpdump" pid=687 comm="apparmor_parser"
Nov  2 03:08:24 matty kernel: [    7.954033] IPv6: ADDRCONF(NETDEV_UP): enp0s3: link is not ready
Nov  2 03:08:24 matty kernel: [    7.954298] cgroup: new mount options do not match the existing superblock, will be ignored
Nov  2 03:08:24 matty kernel: [    7.955000] e1000: enp0s3 NIC Link is Up 1000 Mbps Full Duplex, Flow Control: RX
Nov  2 03:08:24 matty kernel: [    7.977361] IPv6: ADDRCONF(NETDEV_CHANGE): enp0s3: link becomes ready
Nov  2 03:08:24 matty systemd-modules-load[353]: Inserted module 'iscsi_tcp'
Nov  2 03:08:24 matty systemd[1]: Started LVM2 metadata daemon.
Nov  2 03:08:24 matty systemd[1]: Reached target Network (Pre).
Nov  2 03:08:24 matty systemd[1]: Starting Load/Save Random Seed...
Nov  2 03:08:24 matty systemd[1]: Starting udev Coldplug all Devices...
Nov  2 03:08:24 matty systemd[1]: Starting Flush Journal to Persistent Storage...
Nov  2 03:08:24 matty systemd[1]: Starting Create Static Device Nodes in /dev...
Nov  2 03:08:24 matty systemd-modules-load[353]: Inserted module 'ib_iser'
Nov  2 03:08:24 matty systemd[1]: Started Load Kernel Modules.
Nov  2 03:08:24 matty systemd[1]: Started Load/Save Random Seed.
Nov  2 03:08:24 matty systemd[1]: Started Create Static Device Nodes in /dev.
Nov  2 03:08:24 matty systemd[1]: Started Flush Journal to Persistent Storage.
Nov  2 03:08:24 matty systemd[1]: Starting udev Kernel Device Manager...
Nov  2 03:08:24 matty systemd[1]: Starting Apply Kernel Variables...
Nov  2 03:08:24 matty systemd[1]: Mounting FUSE Control File System...
Nov  2 03:08:24 matty systemd[1]: Mounted FUSE Control File System.
Nov  2 03:08:24 matty systemd[1]: Started Apply Kernel Variables.
Nov  2 03:08:24 matty systemd[1]: Started udev Kernel Device Manager.
Nov  2 03:08:24 matty systemd[1]: Started udev Coldplug all Devices.
Nov  2 03:08:24 matty loadkeys[360]: Loading /etc/console-setup/cached.kmap.gz
Nov  2 03:08:24 matty systemd[1]: Started Set console keymap.
Nov  2 03:08:24 matty systemd[1]: Started Dispatch Password Requests to Console Directory Watch.
Nov  2 03:08:24 matty systemd[1]: Started Monitoring of LVM2 mirrors, snapshots etc. using dmeventd or progress polling.
Nov  2 03:08:24 matty systemd[1]: Reached target Local File Systems (Pre).
Nov  2 03:08:24 matty systemd[1]: Reached target Local File Systems.
Nov  2 03:08:24 matty systemd[1]: Starting Set console font and keymap...
Nov  2 03:08:24 matty systemd[1]: Starting Create Volatile Files and Directories...
Nov  2 03:08:24 matty systemd-tmpfiles[466]: [/usr/lib/tmpfiles.d/var.conf:14] Duplicate line for path "/var/log", ignoring.
Nov  2 03:08:24 matty systemd[1]: Starting LSB: AppArmor initialization...
Nov  2 03:08:24 matty systemd[1]: Starting Commit a transient machine-id on disk...
Nov  2 03:08:24 matty systemd[1]: Starting Tell Plymouth To Write Out Runtime Data...
Nov  2 03:08:24 matty systemd[1]: Started Commit a transient machine-id on disk.
Nov  2 03:08:24 matty systemd[1]: Started Tell Plymouth To Write Out Runtime Data.
Nov  2 03:08:24 matty systemd[1]: Started Create Volatile Files and Directories.
Nov  2 03:08:24 matty systemd[1]: Starting Network Time Synchronization...
Nov  2 03:08:24 matty systemd[1]: Starting Update UTMP about System Boot/Shutdown...
Nov  2 03:08:24 matty apparmor[469]:  * Starting AppArmor profiles
Nov  2 03:08:24 matty systemd[1]: Started Update UTMP about System Boot/Shutdown.
Nov  2 03:08:24 matty systemd[1]: Started Network Time Synchronization.
Nov  2 03:08:24 matty systemd[1]: Reached target System Time Synchronized.
Nov  2 03:08:24 matty systemd[1]: Listening on Load/Save RF Kill Switch Status /dev/rfkill Watch.
Nov  2 03:08:24 matty systemd[1]: Started Set console font and keymap.
Nov  2 03:08:24 matty systemd[1]: Created slice system-getty.slice.
Nov  2 03:08:24 matty systemd[1]: Found device 82540EM Gigabit Ethernet Controller (PRO/1000 MT Desktop Adapter).
Nov  2 03:08:24 matty systemd[1]: Found device VBOX_HARDDISK 5.
Nov  2 03:08:24 matty systemd[1]: Activating swap /dev/disk/by-uuid/adb7457f-7072-4452-9b92-7626a822acd6...
Nov  2 03:08:24 matty systemd[1]: Activated swap /dev/disk/by-uuid/adb7457f-7072-4452-9b92-7626a822acd6.
Nov  2 03:08:24 matty systemd[1]: Reached target Swap.
Nov  2 03:08:24 matty systemd[1]: Reached target Sound Card.
Nov  2 03:08:24 matty apparmor[469]: Skipping profile in /etc/apparmor.d/disable: usr.sbin.rsyslogd
Nov  2 03:08:24 matty apparmor[469]:    ...done.
Nov  2 03:08:24 matty systemd[1]: Started LSB: AppArmor initialization.
Nov  2 03:08:24 matty systemd[1]: Reached target System Initialization.
Nov  2 03:08:24 matty systemd[1]: Starting Socket activation for snappy daemon.
Nov  2 03:08:24 matty systemd[1]: Listening on UUID daemon activation socket.
Nov  2 03:08:24 matty systemd[1]: Starting LXD - unix socket.
Nov  2 03:08:24 matty systemd[1]: Started Daily apt download activities.
Nov  2 03:08:24 matty systemd[1]: Listening on ACPID Listen Socket.
Nov  2 03:08:24 matty systemd[1]: Started Daily apt upgrade and clean activities.
Nov  2 03:08:24 matty systemd[1]: Started Daily Cleanup of Temporary Directories.
Nov  2 03:08:24 matty systemd[1]: Started ACPI Events Check.
Nov  2 03:08:24 matty systemd[1]: Reached target Paths.
Nov  2 03:08:24 matty systemd[1]: Reached target Timers.
Nov  2 03:08:24 matty systemd[1]: Listening on D-Bus System Message Bus Socket.
Nov  2 03:08:24 matty systemd[1]: Starting Raise network interfaces...
Nov  2 03:08:24 matty systemd[1]: Started ifup for enp0s3.
Nov  2 03:08:24 matty systemd[1]: Listening on Socket activation for snappy daemon.
Nov  2 03:08:24 matty systemd[1]: Listening on LXD - unix socket.
Nov  2 03:08:24 matty dhclient[720]: Internet Systems Consortium DHCP Client 4.3.3
Nov  2 03:08:24 matty sh[695]: Internet Systems Consortium DHCP Client 4.3.3
Nov  2 03:08:24 matty sh[695]: Copyright 2004-2015 Internet Systems Consortium.
Nov  2 03:08:24 matty sh[695]: All rights reserved.
Nov  2 03:08:24 matty sh[695]: For info, please visit https://www.isc.org/software/dhcp/
Nov  2 03:08:24 matty dhclient[720]: Copyright 2004-2015 Internet Systems Consortium.
Nov  2 03:08:24 matty dhclient[720]: All rights reserved.
Nov  2 03:08:24 matty dhclient[720]: For info, please visit https://www.isc.org/software/dhcp/
Nov  2 03:08:24 matty dhclient[720]: 
Nov  2 03:08:24 matty systemd[1]: Reached target Sockets.
Nov  2 03:08:24 matty systemd[1]: Reached target Basic System.
Nov  2 03:08:24 matty systemd[1]: Started Regular background program processing daemon.
Nov  2 03:08:24 matty cron[735]: (CRON) INFO (pidfile fd = 3)
Nov  2 03:08:24 matty systemd[1]: Starting Snappy daemon...
Nov  2 03:08:24 matty systemd[1]: Starting LSB: MD monitoring daemon...
Nov  2 03:08:24 matty systemd[1]: Starting LSB: Record successful boot for GRUB...
Nov  2 03:08:24 matty systemd[1]: Starting Accounts Service...
Nov  2 03:08:24 matty systemd[1]: Started Deferred execution scheduler.
Nov  2 03:08:24 matty systemd[1]: Started FUSE filesystem for LXC.
Nov  2 03:08:24 matty systemd[1]: Starting LXD - container startup/shutdown...
Nov  2 03:08:24 matty cron[735]: (CRON) INFO (Running @reboot jobs)
Nov  2 03:08:24 matty systemd[1]: Started D-Bus System Message Bus.
Nov  2 03:08:24 matty lxcfs[754]: hierarchies:
Nov  2 03:08:24 matty lxcfs[754]:   0: fd:   5: freezer
Nov  2 03:08:24 matty lxcfs[754]:   1: fd:   6: blkio
Nov  2 03:08:24 matty lxcfs[754]:   2: fd:   7: memory
Nov  2 03:08:24 matty lxcfs[754]:   3: fd:   8: net_cls,net_prio
Nov  2 03:08:24 matty lxcfs[754]:   4: fd:   9: cpu,cpuacct
Nov  2 03:08:24 matty lxcfs[754]:   5: fd:  10: perf_event
Nov  2 03:08:24 matty lxcfs[754]:   6: fd:  11: hugetlb
Nov  2 03:08:24 matty lxcfs[754]:   7: fd:  12: pids
Nov  2 03:08:24 matty lxcfs[754]:   8: fd:  13: devices
Nov  2 03:08:24 matty lxcfs[754]:   9: fd:  14: cpuset
Nov  2 03:08:24 matty lxcfs[754]:  10: fd:  15: name=systemd
Nov  2 03:08:24 matty dhclient[720]: Listening on LPF/enp0s3/08:00:27:f9:a7:03
Nov  2 03:08:24 matty sh[695]: Listening on LPF/enp0s3/08:00:27:f9:a7:03
Nov  2 03:08:24 matty dhclient[720]: Sending on   LPF/enp0s3/08:00:27:f9:a7:03
Nov  2 03:08:24 matty sh[695]: Sending on   LPF/enp0s3/08:00:27:f9:a7:03
Nov  2 03:08:24 matty sh[695]: Sending on   Socket/fallback
Nov  2 03:08:24 matty sh[695]: DHCPDISCOVER on enp0s3 to 255.255.255.255 port 67 interval 3 (xid=0x2b42391e)
Nov  2 03:08:24 matty sh[695]: DHCPREQUEST of 10.0.2.15 on enp0s3 to 255.255.255.255 port 67 (xid=0x1e39422b)
Nov  2 03:08:24 matty sh[695]: DHCPOFFER of 10.0.2.15 from 10.0.2.2
Nov  2 03:08:24 matty dhclient[720]: Sending on   Socket/fallback
Nov  2 03:08:24 matty dhclient[720]: DHCPDISCOVER on enp0s3 to 255.255.255.255 port 67 interval 3 (xid=0x2b42391e)
Nov  2 03:08:24 matty dhclient[720]: DHCPREQUEST of 10.0.2.15 on enp0s3 to 255.255.255.255 port 67 (xid=0x1e39422b)
Nov  2 03:08:24 matty dhclient[720]: DHCPOFFER of 10.0.2.15 from 10.0.2.2
Nov  2 03:08:24 matty dhclient[720]: DHCPACK of 10.0.2.15 from 10.0.2.2
Nov  2 03:08:24 matty sh[695]: DHCPACK of 10.0.2.15 from 10.0.2.2
Nov  2 03:08:24 matty dbus[758]: [system] AppArmor D-Bus mediation is enabled
Nov  2 03:08:24 matty systemd[1]: Starting System Logging Service...
Nov  2 03:08:24 matty systemd[1]: Starting Login Service...
Nov  2 03:08:24 matty systemd[1]: Started ACPI event daemon.
Nov  2 03:08:24 matty dbus[758]: [system] Activating via systemd: service name='org.freedesktop.PolicyKit1' unit='polkitd.service'
Nov  2 03:08:24 matty systemd[1]: Started System Logging Service.
Nov  2 03:08:24 matty acpid: starting up with netlink and the input layer
Nov  2 03:08:24 matty acpid: 1 rule loaded
Nov  2 03:08:24 matty acpid: waiting for events: event logging is off
Nov  2 03:08:24 matty systemd[1]: Started LXD - container startup/shutdown.
Nov  2 03:08:24 matty mdadm[738]:  * Starting MD monitoring service mdadm --monitor
Nov  2 03:08:24 matty systemd[1]: Starting Authenticate and Authorize Users to Run Privileged Tasks...
Nov  2 03:08:24 matty systemd[1]: Started Login Service.
Nov  2 03:08:24 matty systemd[1]: Started LSB: Record successful boot for GRUB.
Nov  2 03:08:24 matty mdadm[738]:    ...done.
Nov  2 03:08:24 matty snapd[737]: AppArmor status: apparmor is enabled and all features are available
Nov  2 03:08:24 matty systemd[1]: Started LSB: MD monitoring daemon.
Nov  2 03:08:24 matty polkitd[827]: started daemon version 0.105 using authority implementation `local' version `0.105'
Nov  2 03:08:24 matty dbus[758]: [system] Successfully activated service 'org.freedesktop.PolicyKit1'
Nov  2 03:08:24 matty systemd[1]: Started Authenticate and Authorize Users to Run Privileged Tasks.
Nov  2 03:08:24 matty accounts-daemon[746]: started daemon version 0.6.40
Nov  2 03:08:24 matty systemd[1]: Started Accounts Service.
Nov  2 03:08:24 matty ifup[708]: /sbin/ifup: waiting for lock on /run/network/ifstate.enp0s3
Nov  2 03:08:24 matty dhclient[720]: bound to 10.0.2.15 -- renewal in 40260 seconds.
Nov  2 03:08:24 matty sh[695]: bound to 10.0.2.15 -- renewal in 40260 seconds.
Nov  2 03:08:24 matty snapd[737]: 2019/11/02 03:08:24.606021 helpers.go:119: error trying to compare the snap system key: system-key missing on disk
Nov  2 03:08:24 matty snapd[737]: 2019/11/02 03:08:24.614585 daemon.go:343: started snapd/2.34.2ubuntu0.1 (series 16; classic) ubuntu/16.04 (amd64) linux/4.4.0-142-generic.
Nov  2 03:08:24 matty systemd[1]: Started Snappy daemon.
Nov  2 03:08:24 matty systemd[1]: Starting Wait until snapd is fully seeded...
Nov  2 03:08:24 matty systemd[1]: Started Raise network interfaces.
Nov  2 03:08:24 matty systemd[1]: Reached target Network.
Nov  2 03:08:24 matty systemd[1]: Reached target Network is Online.
Nov  2 03:08:24 matty systemd[1]: Started Unattended Upgrades Shutdown.
Nov  2 03:08:24 matty systemd[1]: Starting iSCSI initiator daemon (iscsid)...
Nov  2 03:08:24 matty systemd[1]: Starting /etc/rc.local Compatibility...
Nov  2 03:08:24 matty systemd[1]: Started /etc/rc.local Compatibility.
Nov  2 03:08:24 matty iscsid: iSCSI logger with pid=969 started!
Nov  2 03:08:24 matty iscsid: iSCSI daemon with pid=970 started!
Nov  2 03:08:24 matty systemd[1]: Started iSCSI initiator daemon (iscsid).
Nov  2 03:08:24 matty systemd[1]: Starting Login to default iSCSI targets...
Nov  2 03:08:24 matty iscsiadm[976]: iscsiadm: No records found
Nov  2 03:08:24 matty systemd[1]: Started Login to default iSCSI targets.
Nov  2 03:08:24 matty systemd[1]: Reached target Remote File Systems (Pre).
Nov  2 03:08:24 matty systemd[1]: Reached target Remote File Systems.
Nov  2 03:08:24 matty systemd[1]: Starting Permit User Sessions...
Nov  2 03:08:24 matty systemd[1]: Starting LSB: daemon to balance interrupts for SMP systems...
Nov  2 03:08:24 matty systemd[1]: Starting LSB: Set the CPU Frequency Scaling governor to "ondemand"...
Nov  2 03:08:24 matty systemd[1]: Starting LSB: automatic crash report generation...
Nov  2 03:08:24 matty systemd[1]: Started Permit User Sessions.
Nov  2 03:08:24 matty systemd[1]: Starting Terminate Plymouth Boot Screen...
Nov  2 03:08:24 matty systemd[1]: Starting Hold until boot process finishes up...
Nov  2 03:08:24 matty systemd[1]: Started Hold until boot process finishes up.
Nov  2 03:08:24 matty systemd[1]: Started Terminate Plymouth Boot Screen.
Nov  2 03:08:24 matty apport[991]:  * Starting automatic crash report generation: apport
Nov  2 03:08:24 matty irqbalance[985]:  * Starting SMP IRQ Balancer: irqbalance
Nov  2 03:08:24 matty systemd[1]: Started LSB: Set the CPU Frequency Scaling governor to "ondemand".
Nov  2 03:08:24 matty systemd[1]: Starting Set console scheme...
Nov  2 03:08:24 matty systemd[1]: Started Getty on tty1.
Nov  2 03:08:24 matty systemd[1]: Reached target Login Prompts.
Nov  2 03:08:24 matty systemd[1]: Started Set console scheme.
Nov  2 03:08:24 matty /usr/sbin/irqbalance: Balancing is ineffective on systems with a single cpu.  Shutting down
Nov  2 03:08:24 matty apport[991]:    ...done.
Nov  2 03:08:24 matty irqbalance[985]:    ...done.
Nov  2 03:08:24 matty systemd[1]: Started LSB: daemon to balance interrupts for SMP systems.
Nov  2 03:08:24 matty systemd[1]: Started LSB: automatic crash report generation.
Nov  2 03:08:25 matty systemd[1]: Started Wait until snapd is fully seeded.
Nov  2 03:08:25 matty systemd[1]: Reached target Multi-User System.
Nov  2 03:08:25 matty systemd[1]: Reached target Graphical Interface.
Nov  2 03:08:25 matty systemd[1]: Starting Update UTMP about System Runlevel Changes...
Nov  2 03:08:25 matty systemd[1]: Started Update UTMP about System Runlevel Changes.
Nov  2 03:08:25 matty systemd[1]: Startup finished in 2.763s (kernel) + 6.346s (userspace) = 9.110s.
Nov  2 03:08:51 matty systemd[1]: Time has been changed
Nov  2 03:08:51 matty systemd-timesyncd[505]: Synchronized to time server 91.189.89.198:123 (ntp.ubuntu.com).
Nov  2 03:09:05 matty systemd[1]: Created slice User Slice of matty.
Nov  2 03:09:05 matty systemd[1]: Starting User Manager for UID 1000...
Nov  2 03:09:05 matty systemd[1]: Started Session 1 of user matty.
Nov  2 03:09:05 matty systemd[1099]: Reached target Sockets.
Nov  2 03:09:05 matty systemd[1099]: Reached target Timers.
Nov  2 03:09:05 matty systemd[1099]: Reached target Paths.
Nov  2 03:09:05 matty systemd[1099]: Reached target Basic System.
Nov  2 03:09:05 matty systemd[1099]: Reached target Default.
Nov  2 03:09:05 matty systemd[1099]: Startup finished in 38ms.
Nov  2 03:09:05 matty systemd[1]: Started User Manager for UID 1000.
Nov  2 03:09:36 matty systemd[1]: Stopped target Graphical Interface.
Nov  2 03:09:36 matty systemd[1]: Stopping Session 1 of user matty.
Nov  2 03:09:36 matty systemd[1]: Stopping User Manager for UID 1000...
Nov  2 03:09:36 matty systemd[1099]: Reached target Shutdown.
Nov  2 03:09:36 matty systemd[1099]: Starting Exit the Session...
Nov  2 03:09:36 matty systemd[1099]: Stopped target Default.
Nov  2 03:09:36 matty systemd[1099]: Stopped target Basic System.
Nov  2 03:09:36 matty systemd[1099]: Stopped target Sockets.
Nov  2 03:09:36 matty systemd[1099]: Stopped target Paths.
Nov  2 03:09:36 matty systemd[1099]: Stopped target Timers.
Nov  2 03:09:36 matty systemd[1]: Stopping ACPI event daemon...
Nov  2 03:09:36 matty systemd[1]: Stopped target Sound Card.
Nov  2 03:09:36 matty systemd[1]: Closed Load/Save RF Kill Switch Status /dev/rfkill Watch.
Nov  2 03:09:36 matty systemd[1]: Stopping Authenticate and Authorize Users to Run Privileged Tasks...
Nov  2 03:09:36 matty systemd[1099]: Received SIGRTMIN+24 from PID 1156 (kill).
Nov  2 03:09:36 matty systemd[1]: Stopped target Multi-User System.
Nov  2 03:09:36 matty systemd[1]: Stopping LSB: automatic crash report generation...
Nov  2 03:09:36 matty systemd[1]: Stopping D-Bus System Message Bus...
Nov  2 03:09:36 matty rsyslogd: [origin software="rsyslogd" swVersion="8.16.0" x-pid="791" x-info="http://www.rsyslog.com"] exiting on signal 15.
Nov  2 03:11:21 matty rsyslogd: [origin software="rsyslogd" swVersion="8.16.0" x-pid="895" x-info="http://www.rsyslog.com"] start
Nov  2 03:11:21 matty rsyslogd-2222: command 'KLogPermitNonKernelFacility' is currently not permitted - did you already set it via a RainerScript command (v6+ config)? [v8.16.0 try http://www.rsyslog.com/e/2222 ]
Nov  2 03:11:21 matty rsyslogd: rsyslogd's groupid changed to 108
Nov  2 03:11:21 matty rsyslogd: rsyslogd's userid changed to 104
Nov  2 03:11:21 matty rsyslogd-2039: Could not open output pipe '/dev/xconsole':: No such file or directory [v8.16.0 try http://www.rsyslog.com/e/2039 ]
Nov  2 03:11:21 matty rsyslogd-2007: action 'action 10' suspended, next retry is Sat Nov  2 03:11:51 2019 [v8.16.0 try http://www.rsyslog.com/e/2007 ]
Nov  2 03:11:21 matty kernel: [    0.000000] Initializing cgroup subsys cpuset
Nov  2 03:11:21 matty kernel: [    0.000000] Initializing cgroup subsys cpu
Nov  2 03:11:21 matty kernel: [    0.000000] Initializing cgroup subsys cpuacct
Nov  2 03:11:21 matty kernel: [    0.000000] Linux version 4.4.0-142-generic (buildd@lgw01-amd64-033) (gcc version 5.4.0 20160609 (Ubuntu 5.4.0-6ubuntu1~16.04.10) ) #168-Ubuntu SMP Wed Jan 16 21:00:45 UTC 2019 (Ubuntu 4.4.0-142.168-generic 4.4.167)
Nov  2 03:11:21 matty kernel: [    0.000000] Command line: BOOT_IMAGE=/boot/vmlinuz-4.4.0-142-generic root=UUID=b497925b-ae19-4cb4-9f22-ec6dd244699f ro
Nov  2 03:11:21 matty kernel: [    0.000000] KERNEL supported cpus:
Nov  2 03:11:21 matty kernel: [    0.000000]   Intel GenuineIntel
Nov  2 03:11:21 matty kernel: [    0.000000]   AMD AuthenticAMD
Nov  2 03:11:21 matty kernel: [    0.000000]   Centaur CentaurHauls
Nov  2 03:11:21 matty kernel: [    0.000000] x86/fpu: xstate_offset[2]:  576, xstate_sizes[2]:  256
Nov  2 03:11:21 matty kernel: [    0.000000] x86/fpu: Supporting XSAVE feature 0x01: 'x87 floating point registers'
Nov  2 03:11:21 matty kernel: [    0.000000] x86/fpu: Supporting XSAVE feature 0x02: 'SSE registers'
Nov  2 03:11:21 matty kernel: [    0.000000] x86/fpu: Supporting XSAVE feature 0x04: 'AVX registers'
Nov  2 03:11:21 matty kernel: [    0.000000] x86/fpu: Enabled xstate features 0x7, context size is 832 bytes, using 'standard' format.
Nov  2 03:11:21 matty kernel: [    0.000000] e820: BIOS-provided physical RAM map:
Nov  2 03:11:21 matty kernel: [    0.000000] BIOS-e820: [mem 0x0000000000000000-0x000000000009fbff] usable
Nov  2 03:11:21 matty kernel: [    0.000000] BIOS-e820: [mem 0x000000000009fc00-0x000000000009ffff] reserved
Nov  2 03:11:21 matty kernel: [    0.000000] BIOS-e820: [mem 0x00000000000f0000-0x00000000000fffff] reserved
Nov  2 03:11:21 matty kernel: [    0.000000] BIOS-e820: [mem 0x0000000000100000-0x000000003ffeffff] usable
Nov  2 03:11:21 matty kernel: [    0.000000] BIOS-e820: [mem 0x000000003fff0000-0x000000003fffffff] ACPI data
Nov  2 03:11:21 matty kernel: [    0.000000] BIOS-e820: [mem 0x00000000fec00000-0x00000000fec00fff] reserved
Nov  2 03:11:21 matty kernel: [    0.000000] BIOS-e820: [mem 0x00000000fee00000-0x00000000fee00fff] reserved
Nov  2 03:11:21 matty kernel: [    0.000000] BIOS-e820: [mem 0x00000000fffc0000-0x00000000ffffffff] reserved
Nov  2 03:11:21 matty kernel: [    0.000000] NX (Execute Disable) protection: active
Nov  2 03:11:21 matty kernel: [    0.000000] SMBIOS 2.5 present.
Nov  2 03:11:21 matty kernel: [    0.000000] DMI: innotek GmbH VirtualBox/VirtualBox, BIOS VirtualBox 12/01/2006
Nov  2 03:11:21 matty kernel: [    0.000000] Hypervisor detected: KVM
Nov  2 03:11:21 matty kernel: [    0.000000] e820: update [mem 0x00000000-0x00000fff] usable ==> reserved
Nov  2 03:11:21 matty kernel: [    0.000000] e820: remove [mem 0x000a0000-0x000fffff] usable
Nov  2 03:11:21 matty kernel: [    0.000000] e820: last_pfn = 0x3fff0 max_arch_pfn = 0x400000000
Nov  2 03:11:21 matty kernel: [    0.000000] MTRR default type: uncachable
Nov  2 03:11:21 matty kernel: [    0.000000] MTRR variable ranges disabled:
Nov  2 03:11:21 matty kernel: [    0.000000] MTRR: Disabled
Nov  2 03:11:21 matty kernel: [    0.000000] x86/PAT: MTRRs disabled, skipping PAT initialization too.
Nov  2 03:11:21 matty kernel: [    0.000000] CPU MTRRs all blank - virtualized system.
Nov  2 03:11:21 matty kernel: [    0.000000] x86/PAT: Configuration [0-7]: WB  WT  UC- UC  WB  WT  UC- UC  
Nov  2 03:11:21 matty kernel: [    0.000000] Scanning 1 areas for low memory corruption
Nov  2 03:11:21 matty kernel: [    0.000000] Base memory trampoline at [ffff880000098000] 98000 size 28672
Nov  2 03:11:21 matty kernel: [    0.000000] BRK [0x02215000, 0x02215fff] PGTABLE
Nov  2 03:11:21 matty kernel: [    0.000000] BRK [0x02216000, 0x02216fff] PGTABLE
Nov  2 03:11:21 matty kernel: [    0.000000] BRK [0x02217000, 0x02217fff] PGTABLE
Nov  2 03:11:21 matty kernel: [    0.000000] BRK [0x02218000, 0x02218fff] PGTABLE
Nov  2 03:11:21 matty kernel: [    0.000000] RAMDISK: [mem 0x333e8000-0x359ebfff]
Nov  2 03:11:21 matty kernel: [    0.000000] ACPI: Early table checksum verification disabled
Nov  2 03:11:21 matty kernel: [    0.000000] ACPI: RSDP 0x00000000000E0000 000024 (v02 VBOX  )
Nov  2 03:11:21 matty kernel: [    0.000000] ACPI: XSDT 0x000000003FFF0030 00003C (v01 VBOX   VBOXXSDT 00000001 ASL  00000061)
Nov  2 03:11:21 matty kernel: [    0.000000] ACPI: FACP 0x000000003FFF00F0 0000F4 (v04 VBOX   VBOXFACP 00000001 ASL  00000061)
Nov  2 03:11:21 matty kernel: [    0.000000] ACPI: DSDT 0x000000003FFF0470 0022EA (v02 VBOX   VBOXBIOS 00000002 INTL 20100528)
Nov  2 03:11:21 matty kernel: [    0.000000] ACPI: FACS 0x000000003FFF0200 000040
Nov  2 03:11:21 matty kernel: [    0.000000] ACPI: FACS 0x000000003FFF0200 000040
Nov  2 03:11:21 matty kernel: [    0.000000] ACPI: APIC 0x000000003FFF0240 000054 (v02 VBOX   VBOXAPIC 00000001 ASL  00000061)
Nov  2 03:11:21 matty kernel: [    0.000000] ACPI: SSDT 0x000000003FFF02A0 0001CC (v01 VBOX   VBOXCPUT 00000002 INTL 20100528)
Nov  2 03:11:21 matty kernel: [    0.000000] ACPI: Local APIC address 0xfee00000
Nov  2 03:11:21 matty kernel: [    0.000000] No NUMA configuration found
Nov  2 03:11:21 matty kernel: [    0.000000] Faking a node at [mem 0x0000000000000000-0x000000003ffeffff]
Nov  2 03:11:21 matty kernel: [    0.000000] NODE_DATA(0) allocated [mem 0x3ffeb000-0x3ffeffff]
Nov  2 03:11:21 matty kernel: [    0.000000] kvm-clock: Using msrs 4b564d01 and 4b564d00
Nov  2 03:11:21 matty kernel: [    0.000000] kvm-clock: cpu 0, msr 0:3ffe3001, primary cpu clock
Nov  2 03:11:21 matty kernel: [    0.000000] kvm-clock: using sched offset of 681557865752 cycles
Nov  2 03:11:21 matty kernel: [    0.000000] clocksource: kvm-clock: mask: 0xffffffffffffffff max_cycles: 0x1cd42e4dffb, max_idle_ns: 881590591483 ns
Nov  2 03:11:21 matty kernel: [    0.000000] Zone ranges:
Nov  2 03:11:21 matty kernel: [    0.000000]   DMA      [mem 0x0000000000001000-0x0000000000ffffff]
Nov  2 03:11:21 matty kernel: [    0.000000]   DMA32    [mem 0x0000000001000000-0x000000003ffeffff]
Nov  2 03:11:21 matty kernel: [    0.000000]   Normal   empty
Nov  2 03:11:21 matty kernel: [    0.000000]   Device   empty
Nov  2 03:11:21 matty kernel: [    0.000000] Movable zone start for each node
Nov  2 03:11:21 matty kernel: [    0.000000] Early memory node ranges
Nov  2 03:11:21 matty kernel: [    0.000000]   node   0: [mem 0x0000000000001000-0x000000000009efff]
Nov  2 03:11:21 matty kernel: [    0.000000]   node   0: [mem 0x0000000000100000-0x000000003ffeffff]
Nov  2 03:11:21 matty kernel: [    0.000000] Initmem setup node 0 [mem 0x0000000000001000-0x000000003ffeffff]
Nov  2 03:11:21 matty kernel: [    0.000000] On node 0 totalpages: 262030
Nov  2 03:11:21 matty kernel: [    0.000000]   DMA zone: 64 pages used for memmap
Nov  2 03:11:21 matty kernel: [    0.000000]   DMA zone: 22 pages reserved
Nov  2 03:11:21 matty kernel: [    0.000000]   DMA zone: 3998 pages, LIFO batch:0
Nov  2 03:11:21 matty kernel: [    0.000000]   DMA32 zone: 4032 pages used for memmap
Nov  2 03:11:21 matty kernel: [    0.000000]   DMA32 zone: 258032 pages, LIFO batch:31
Nov  2 03:11:21 matty kernel: [    0.000000] ACPI: PM-Timer IO Port: 0x4008
Nov  2 03:11:21 matty kernel: [    0.000000] ACPI: Local APIC address 0xfee00000
Nov  2 03:11:21 matty kernel: [    0.000000] IOAPIC[0]: apic_id 1, version 32, address 0xfec00000, GSI 0-23
Nov  2 03:11:21 matty kernel: [    0.000000] ACPI: INT_SRC_OVR (bus 0 bus_irq 0 global_irq 2 dfl dfl)
Nov  2 03:11:21 matty kernel: [    0.000000] ACPI: INT_SRC_OVR (bus 0 bus_irq 9 global_irq 9 low level)
Nov  2 03:11:21 matty kernel: [    0.000000] ACPI: IRQ0 used by override.
Nov  2 03:11:21 matty kernel: [    0.000000] ACPI: IRQ9 used by override.
Nov  2 03:11:21 matty kernel: [    0.000000] Using ACPI (MADT) for SMP configuration information
Nov  2 03:11:21 matty kernel: [    0.000000] smpboot: Allowing 1 CPUs, 0 hotplug CPUs
Nov  2 03:11:21 matty kernel: [    0.000000] PM: Registered nosave memory: [mem 0x00000000-0x00000fff]
Nov  2 03:11:21 matty kernel: [    0.000000] PM: Registered nosave memory: [mem 0x0009f000-0x0009ffff]
Nov  2 03:11:21 matty kernel: [    0.000000] PM: Registered nosave memory: [mem 0x000a0000-0x000effff]
Nov  2 03:11:21 matty kernel: [    0.000000] PM: Registered nosave memory: [mem 0x000f0000-0x000fffff]
Nov  2 03:11:21 matty kernel: [    0.000000] e820: [mem 0x40000000-0xfebfffff] available for PCI devices
Nov  2 03:11:21 matty kernel: [    0.000000] Booting paravirtualized kernel on KVM
Nov  2 03:11:21 matty kernel: [    0.000000] clocksource: refined-jiffies: mask: 0xffffffff max_cycles: 0xffffffff, max_idle_ns: 7645519600211568 ns
Nov  2 03:11:21 matty kernel: [    0.000000] setup_percpu: NR_CPUS:512 nr_cpumask_bits:512 nr_cpu_ids:1 nr_node_ids:1
Nov  2 03:11:21 matty kernel: [    0.000000] PERCPU: Embedded 34 pages/cpu @ffff88003fc00000 s99480 r8192 d31592 u2097152
Nov  2 03:11:21 matty kernel: [    0.000000] pcpu-alloc: s99480 r8192 d31592 u2097152 alloc=1*2097152
Nov  2 03:11:21 matty kernel: [    0.000000] pcpu-alloc: [0] 0 
Nov  2 03:11:21 matty kernel: [    0.000000] Built 1 zonelists in Node order, mobility grouping on.  Total pages: 257912
Nov  2 03:11:21 matty kernel: [    0.000000] Policy zone: DMA32
Nov  2 03:11:21 matty systemd-modules-load[371]: Inserted module 'iscsi_tcp'
Nov  2 03:11:21 matty systemd[1]: Reached target Network (Pre).
Nov  2 03:11:21 matty systemd[1]: Started LVM2 metadata daemon.
Nov  2 03:11:21 matty systemd[1]: Starting udev Coldplug all Devices...
Nov  2 03:11:21 matty systemd[1]: Starting Load/Save Random Seed...
Nov  2 03:11:21 matty systemd[1]: Starting Flush Journal to Persistent Storage...
Nov  2 03:11:21 matty systemd[1]: Starting Create Static Device Nodes in /dev...
Nov  2 03:11:21 matty systemd[1]: Started Load/Save Random Seed.
Nov  2 03:11:21 matty systemd[1]: Started Create Static Device Nodes in /dev.
Nov  2 03:11:21 matty systemd[1]: Starting udev Kernel Device Manager...
Nov  2 03:11:21 matty systemd[1]: Started Flush Journal to Persistent Storage.
Nov  2 03:11:21 matty systemd-modules-load[371]: Inserted module 'ib_iser'
Nov  2 03:11:21 matty systemd[1]: Started Load Kernel Modules.
Nov  2 03:11:21 matty systemd[1]: Starting Apply Kernel Variables...
Nov  2 03:11:21 matty systemd[1]: Mounting FUSE Control File System...
Nov  2 03:11:21 matty systemd[1]: Mounted FUSE Control File System.
Nov  2 03:11:21 matty systemd[1]: Started Apply Kernel Variables.
Nov  2 03:11:21 matty systemd[1]: Started udev Kernel Device Manager.
Nov  2 03:11:21 matty systemd[1]: Started udev Coldplug all Devices.
Nov  2 03:11:21 matty systemd[1]: Started Monitoring of LVM2 mirrors, snapshots etc. using dmeventd or progress polling.
Nov  2 03:11:21 matty loadkeys[368]: Loading /etc/console-setup/cached.kmap.gz
Nov  2 03:11:21 matty systemd[1]: Started Set console keymap.
Nov  2 03:11:21 matty systemd[1]: Started Dispatch Password Requests to Console Directory Watch.
Nov  2 03:11:21 matty systemd[1]: Reached target Local File Systems (Pre).
Nov  2 03:11:21 matty systemd[1]: Reached target Local File Systems.
Nov  2 03:11:21 matty systemd[1]: Starting LSB: AppArmor initialization...
Nov  2 03:11:21 matty systemd[1]: Starting Set console font and keymap...
Nov  2 03:11:21 matty systemd[1]: Starting Create Volatile Files and Directories...
Nov  2 03:11:21 matty systemd[1]: Starting Tell Plymouth To Write Out Runtime Data...
Nov  2 03:11:21 matty systemd-tmpfiles[459]: [/usr/lib/tmpfiles.d/var.conf:14] Duplicate line for path "/var/log", ignoring.
Nov  2 03:11:21 matty systemd[1]: Started Tell Plymouth To Write Out Runtime Data.
Nov  2 03:11:21 matty systemd[1]: Started Create Volatile Files and Directories.
Nov  2 03:11:21 matty systemd[1]: Starting Network Time Synchronization...
Nov  2 03:11:21 matty systemd[1]: Starting Update UTMP about System Boot/Shutdown...
Nov  2 03:11:21 matty apparmor[456]:  * Starting AppArmor profiles
Nov  2 03:11:21 matty systemd[1]: Started Update UTMP about System Boot/Shutdown.
Nov  2 03:11:21 matty systemd[1]: Started Network Time Synchronization.
Nov  2 03:11:21 matty systemd[1]: Reached target System Time Synchronized.
Nov  2 03:11:21 matty apparmor[456]: Skipping profile in /etc/apparmor.d/disable: usr.sbin.rsyslogd
Nov  2 03:11:21 matty apparmor[456]:    ...done.
Nov  2 03:11:21 matty systemd[1]: Started LSB: AppArmor initialization.
Nov  2 03:11:21 matty systemd[1]: Starting Raise network interfaces...
Nov  2 03:11:21 matty systemd[1]: Started Set console font and keymap.
Nov  2 03:11:21 matty systemd[1]: Created slice system-getty.slice.
Nov  2 03:11:21 matty systemd[1]: Listening on Load/Save RF Kill Switch Status /dev/rfkill Watch.
Nov  2 03:11:21 matty systemd[1]: Started ifup for enp0s3.
Nov  2 03:11:21 matty systemd[1]: Found device 82540EM Gigabit Ethernet Controller (PRO/1000 MT Desktop Adapter).
Nov  2 03:11:21 matty dhclient[656]: Internet Systems Consortium DHCP Client 4.3.3
Nov  2 03:11:21 matty sh[644]: Internet Systems Consortium DHCP Client 4.3.3
Nov  2 03:11:21 matty sh[644]: Copyright 2004-2015 Internet Systems Consortium.
Nov  2 03:11:21 matty sh[644]: All rights reserved.
Nov  2 03:11:21 matty sh[644]: For info, please visit https://www.isc.org/software/dhcp/
Nov  2 03:11:21 matty dhclient[656]: Copyright 2004-2015 Internet Systems Consortium.
Nov  2 03:11:21 matty dhclient[656]: All rights reserved.
Nov  2 03:11:21 matty dhclient[656]: For info, please visit https://www.isc.org/software/dhcp/
Nov  2 03:11:21 matty dhclient[656]: 
Nov  2 03:11:21 matty dhclient[656]: Listening on LPF/enp0s3/08:00:27:f9:a7:03
Nov  2 03:11:21 matty sh[644]: Listening on LPF/enp0s3/08:00:27:f9:a7:03
Nov  2 03:11:21 matty dhclient[656]: Sending on   LPF/enp0s3/08:00:27:f9:a7:03
Nov  2 03:11:21 matty sh[644]: Sending on   LPF/enp0s3/08:00:27:f9:a7:03
Nov  2 03:11:21 matty dhclient[656]: Sending on   Socket/fallback
Nov  2 03:11:21 matty sh[644]: Sending on   Socket/fallback
Nov  2 03:11:21 matty dhclient[656]: DHCPDISCOVER on enp0s3 to 255.255.255.255 port 67 interval 3 (xid=0xcb524f2b)
Nov  2 03:11:21 matty sh[644]: DHCPDISCOVER on enp0s3 to 255.255.255.255 port 67 interval 3 (xid=0xcb524f2b)
Nov  2 03:11:21 matty dhclient[656]: DHCPREQUEST of 10.0.2.15 on enp0s3 to 255.255.255.255 port 67 (xid=0x2b4f52cb)
Nov  2 03:11:21 matty sh[644]: DHCPREQUEST of 10.0.2.15 on enp0s3 to 255.255.255.255 port 67 (xid=0x2b4f52cb)
Nov  2 03:11:21 matty dhclient[656]: DHCPOFFER of 10.0.2.15 from 10.0.2.2
Nov  2 03:11:21 matty sh[644]: DHCPOFFER of 10.0.2.15 from 10.0.2.2
Nov  2 03:11:21 matty dhclient[656]: DHCPACK of 10.0.2.15 from 10.0.2.2
Nov  2 03:11:21 matty sh[644]: DHCPACK of 10.0.2.15 from 10.0.2.2
Nov  2 03:11:21 matty dhclient[656]: bound to 10.0.2.15 -- renewal in 34771 seconds.
Nov  2 03:11:21 matty sh[644]: bound to 10.0.2.15 -- renewal in 34771 seconds.
Nov  2 03:11:21 matty systemd[1]: Reached target Sound Card.
Nov  2 03:11:21 matty systemd[1]: Started Raise network interfaces.
Nov  2 03:11:21 matty systemd[1]: Reached target Network.
Nov  2 03:11:21 matty systemd[1]: Reached target Network is Online.
Nov  2 03:11:21 matty systemd[1]: Starting iSCSI initiator daemon (iscsid)...
Nov  2 03:11:21 matty iscsid: iSCSI logger with pid=879 started!
Nov  2 03:11:21 matty iscsid: iSCSI daemon with pid=880 started!
Nov  2 03:11:21 matty systemd[1]: Started iSCSI initiator daemon (iscsid).
Nov  2 03:11:21 matty systemd[1]: Starting Login to default iSCSI targets...
Nov  2 03:11:21 matty iscsiadm[886]: iscsiadm: No records found
Nov  2 03:11:21 matty systemd[1]: Started Login to default iSCSI targets.
Nov  2 03:11:21 matty systemd[1]: Reached target Remote File Systems (Pre).
Nov  2 03:11:21 matty systemd[1]: Reached target Remote File Systems.
Nov  2 03:11:21 matty systemd-timesyncd[480]: Synchronized to time server 91.189.89.199:123 (ntp.ubuntu.com).
Nov  2 03:11:21 matty systemd[1]: dev-disk-by\x2duuid-adb7457f\x2d7072\x2d4452\x2d9b92\x2d7626a822acd6.device: Job dev-disk-by\x2duuid-adb7457f\x2d7072\x2d4452\x2d9b92\x2d7626a822acd6.device/start timed out.
Nov  2 03:11:21 matty systemd[1]: Timed out waiting for device dev-disk-by\x2duuid-adb7457f\x2d7072\x2d4452\x2d9b92\x2d7626a822acd6.device.
Nov  2 03:11:21 matty systemd[1]: Dependency failed for /dev/disk/by-uuid/adb7457f-7072-4452-9b92-7626a822acd6.
Nov  2 03:11:21 matty systemd[1]: Dependency failed for Swap.
Nov  2 03:11:21 matty systemd[1]: swap.target: Job swap.target/start failed with result 'dependency'.
Nov  2 03:11:21 matty systemd[1]: dev-disk-by\x2duuid-adb7457f\x2d7072\x2d4452\x2d9b92\x2d7626a822acd6.swap: Job dev-disk-by\x2duuid-adb7457f\x2d7072\x2d4452\x2d9b92\x2d7626a822acd6.swap/start failed with result 'dependency'.
Nov  2 03:11:21 matty systemd[1]: dev-disk-by\x2duuid-adb7457f\x2d7072\x2d4452\x2d9b92\x2d7626a822acd6.device: Job dev-disk-by\x2duuid-adb7457f\x2d7072\x2d4452\x2d9b92\x2d7626a822acd6.device/start failed with result 'timeout'.
Nov  2 03:11:21 matty systemd[1]: Reached target System Initialization.
Nov  2 03:11:21 matty systemd[1]: Listening on D-Bus System Message Bus Socket.
Nov  2 03:11:21 matty systemd[1]: Started ACPI Events Check.
Nov  2 03:11:21 matty systemd[1]: Reached target Paths.
Nov  2 03:11:21 matty systemd[1]: Listening on ACPID Listen Socket.
Nov  2 03:11:21 matty systemd[1]: Started Daily Cleanup of Temporary Directories.
Nov  2 03:11:21 matty systemd[1]: Listening on UUID daemon activation socket.
Nov  2 03:11:21 matty systemd[1]: Starting LXD - unix socket.
Nov  2 03:11:21 matty systemd[1]: Starting Socket activation for snappy daemon.
Nov  2 03:11:21 matty systemd[1]: Started Daily apt download activities.
Nov  2 03:11:21 matty systemd[1]: Started Daily apt upgrade and clean activities.
Nov  2 03:11:21 matty systemd[1]: Reached target Timers.
Nov  2 03:11:21 matty systemd[1]: Listening on Socket activation for snappy daemon.
Nov  2 03:11:21 matty systemd[1]: Listening on LXD - unix socket.
Nov  2 03:11:21 matty systemd[1]: Reached target Sockets.
Nov  2 03:11:21 matty systemd[1]: Reached target Basic System.
Nov  2 03:11:21 matty systemd[1]: Starting System Logging Service...
Nov  2 03:11:21 matty systemd[1]: Starting Login Service...
Nov  2 03:11:21 matty systemd[1]: Starting /etc/rc.local Compatibility...
Nov  2 03:11:21 matty kernel: [    0.000000] Kernel command line: BOOT_IMAGE=/boot/vmlinuz-4.4.0-142-generic root=UUID=b497925b-ae19-4cb4-9f22-ec6dd244699f ro
Nov  2 03:11:21 matty kernel: [    0.000000] PID hash table entries: 4096 (order: 3, 32768 bytes)
Nov  2 03:11:21 matty kernel: [    0.000000] Calgary: detecting Calgary via BIOS EBDA area
Nov  2 03:11:21 matty kernel: [    0.000000] Calgary: Unable to locate Rio Grande table in EBDA - bailing!
Nov  2 03:11:21 matty kernel: [    0.000000] Memory: 973740K/1048120K available (8603K kernel code, 1332K rwdata, 4004K rodata, 1484K init, 1316K bss, 74380K reserved, 0K cma-reserved)
Nov  2 03:11:21 matty kernel: [    0.000000] SLUB: HWalign=64, Order=0-3, MinObjects=0, CPUs=1, Nodes=1
Nov  2 03:11:21 matty kernel: [    0.000000] Kernel/User page tables isolation: enabled
Nov  2 03:11:21 matty kernel: [    0.000000] Hierarchical RCU implementation.
Nov  2 03:11:21 matty kernel: [    0.000000] 	Build-time adjustment of leaf fanout to 64.
Nov  2 03:11:21 matty kernel: [    0.000000] 	RCU restricting CPUs from NR_CPUS=512 to nr_cpu_ids=1.
Nov  2 03:11:21 matty kernel: [    0.000000] RCU: Adjusting geometry for rcu_fanout_leaf=64, nr_cpu_ids=1
Nov  2 03:11:21 matty kernel: [    0.000000] NR_IRQS:33024 nr_irqs:256 16
Nov  2 03:11:21 matty kernel: [    0.000000] Console: colour VGA+ 80x25
Nov  2 03:11:21 matty kernel: [    0.000000] console [tty0] enabled
Nov  2 03:11:21 matty kernel: [    0.000000] tsc: Detected 1991.999 MHz processor
Nov  2 03:11:21 matty kernel: [    0.076000] Calibrating delay loop (skipped) preset value.. 3983.99 BogoMIPS (lpj=7967996)
Nov  2 03:11:21 matty kernel: [    0.076785] pid_max: default: 32768 minimum: 301
Nov  2 03:11:21 matty kernel: [    0.077185] ACPI: Core revision 20150930
Nov  2 03:11:21 matty kernel: [    0.080064] ACPI: 2 ACPI AML tables successfully acquired and loaded
Nov  2 03:11:21 matty kernel: [    0.080653] Security Framework initialized
Nov  2 03:11:21 matty kernel: [    0.081049] Yama: becoming mindful.
Nov  2 03:11:21 matty kernel: [    0.081423] AppArmor: AppArmor initialized
Nov  2 03:11:21 matty kernel: [    0.081932] Dentry cache hash table entries: 131072 (order: 8, 1048576 bytes)
Nov  2 03:11:21 matty kernel: [    0.082823] Inode-cache hash table entries: 65536 (order: 7, 524288 bytes)
Nov  2 03:11:21 matty kernel: [    0.083445] Mount-cache hash table entries: 2048 (order: 2, 16384 bytes)
Nov  2 03:11:21 matty kernel: [    0.083906] Mountpoint-cache hash table entries: 2048 (order: 2, 16384 bytes)
Nov  2 03:11:21 matty kernel: [    0.084522] Initializing cgroup subsys io
Nov  2 03:11:21 matty kernel: [    0.084901] Initializing cgroup subsys memory
Nov  2 03:11:21 matty kernel: [    0.085332] Initializing cgroup subsys devices
Nov  2 03:11:21 matty kernel: [    0.085723] Initializing cgroup subsys freezer
Nov  2 03:11:21 matty kernel: [    0.086114] Initializing cgroup subsys net_cls
Nov  2 03:11:21 matty kernel: [    0.086522] Initializing cgroup subsys perf_event
Nov  2 03:11:21 matty kernel: [    0.086943] Initializing cgroup subsys net_prio
Nov  2 03:11:21 matty kernel: [    0.087340] Initializing cgroup subsys hugetlb
Nov  2 03:11:21 matty kernel: [    0.087733] Initializing cgroup subsys pids
Nov  2 03:11:21 matty kernel: [    0.089344] mce: CPU supports 0 MCE banks
Nov  2 03:11:21 matty kernel: [    0.089753] process: using mwait in idle threads
Nov  2 03:11:21 matty kernel: [    0.090151] Last level iTLB entries: 4KB 64, 2MB 8, 4MB 8
Nov  2 03:11:21 matty kernel: [    0.090569] Last level dTLB entries: 4KB 64, 2MB 0, 4MB 0, 1GB 4
Nov  2 03:11:21 matty kernel: [    0.091008] Spectre V2 : Mitigation: Full generic retpoline
Nov  2 03:11:21 matty kernel: [    0.091432] Spectre V2 : Spectre v2 / SpectreRSB mitigation: Filling RSB on context switch
Nov  2 03:11:21 matty kernel: [    0.092162] Speculative Store Bypass: Vulnerable
Nov  2 03:11:21 matty kernel: [    0.119316] Freeing SMP alternatives memory: 32K
Nov  2 03:11:21 matty kernel: [    0.127220] ftrace: allocating 32277 entries in 127 pages
Nov  2 03:11:21 matty kernel: [    0.197218] smpboot: APIC(0) Converting physical 0 to logical package 0
Nov  2 03:11:21 matty kernel: [    0.197672] smpboot: Max logical packages: 1
Nov  2 03:11:21 matty kernel: [    0.198306] x2apic enabled
Nov  2 03:11:21 matty kernel: [    0.198881] Switched APIC routing to physical x2apic.
Nov  2 03:11:21 matty kernel: [    0.200499] ..TIMER: vector=0x30 apic1=0 pin1=2 apic2=-1 pin2=-1
Nov  2 03:11:21 matty kernel: [    0.303989] smpboot: CPU0: Intel(R) Core(TM) i7-8550U CPU @ 1.80GHz (family: 0x6, model: 0x8e, stepping: 0xa)
Nov  2 03:11:21 matty kernel: [    0.304896] Performance Events: unsupported p6 CPU model 142 no PMU driver, software events only.
Nov  2 03:11:21 matty kernel: [    0.315282] KVM setup paravirtual spinlock
Nov  2 03:11:21 matty kernel: [    0.316409] x86: Booted up 1 node, 1 CPUs
Nov  2 03:11:21 matty kernel: [    0.316771] smpboot: Total of 1 processors activated (3983.99 BogoMIPS)
Nov  2 03:11:21 matty kernel: [    0.317461] devtmpfs: initialized
Nov  2 03:11:21 matty kernel: [    0.319670] evm: security.selinux
Nov  2 03:11:21 matty kernel: [    0.320009] evm: security.SMACK64
Nov  2 03:11:21 matty kernel: [    0.320344] evm: security.SMACK64EXEC
Nov  2 03:11:21 matty kernel: [    0.320689] evm: security.SMACK64TRANSMUTE
Nov  2 03:11:21 matty kernel: [    0.321047] evm: security.SMACK64MMAP
Nov  2 03:11:21 matty kernel: [    0.321392] evm: security.ima
Nov  2 03:11:21 matty kernel: [    0.321716] evm: security.capability
Nov  2 03:11:21 matty kernel: [    0.322178] clocksource: jiffies: mask: 0xffffffff max_cycles: 0xffffffff, max_idle_ns: 7645041785100000 ns
Nov  2 03:11:21 matty kernel: [    0.322896] futex hash table entries: 256 (order: 2, 16384 bytes)
Nov  2 03:11:21 matty kernel: [    0.323391] pinctrl core: initialized pinctrl subsystem
Nov  2 03:11:21 matty kernel: [    0.323870] RTC time: 10:09:43, date: 11/02/19
Nov  2 03:11:21 matty kernel: [    0.324367] NET: Registered protocol family 16
Nov  2 03:11:21 matty kernel: [    0.324890] cpuidle: using governor ladder
Nov  2 03:11:21 matty kernel: [    0.325249] cpuidle: using governor menu
Nov  2 03:11:21 matty kernel: [    0.325601] PCCT header not found.
Nov  2 03:11:21 matty kernel: [    0.326001] ACPI: bus type PCI registered
Nov  2 03:11:21 matty kernel: [    0.326356] acpiphp: ACPI Hot Plug PCI Controller Driver version: 0.5
Nov  2 03:11:21 matty kernel: [    0.326882] PCI: Using configuration type 1 for base access
Nov  2 03:11:21 matty kernel: [    0.328444] ACPI: Added _OSI(Module Device)
Nov  2 03:11:21 matty kernel: [    0.328810] ACPI: Added _OSI(Processor Device)
Nov  2 03:11:21 matty kernel: [    0.329175] ACPI: Added _OSI(3.0 _SCP Extensions)
Nov  2 03:11:21 matty kernel: [    0.329548] ACPI: Added _OSI(Processor Aggregator Device)
Nov  2 03:11:21 matty kernel: [    0.330579] ACPI: Executed 1 blocks of module-level executable AML code
Nov  2 03:11:21 matty kernel: [    0.333534] ACPI: Interpreter enabled
Nov  2 03:11:21 matty kernel: [    0.333906] ACPI: (supports S0 S5)
Nov  2 03:11:21 matty kernel: [    0.334243] ACPI: Using IOAPIC for interrupt routing
Nov  2 03:11:21 matty kernel: [    0.334802] PCI: Using host bridge windows from ACPI; if necessary, use "pci=nocrs" and report a bug
Nov  2 03:11:21 matty kernel: [    0.339835] ACPI: PCI Root Bridge [PCI0] (domain 0000 [bus 00-ff])
Nov  2 03:11:21 matty kernel: [    0.340268] acpi PNP0A03:00: _OSC: OS supports [ASPM ClockPM Segments MSI]
Nov  2 03:11:21 matty kernel: [    0.341061] acpi PNP0A03:00: _OSC: not requesting OS control; OS requires [ExtendedConfig ASPM ClockPM MSI]
Nov  2 03:11:21 matty kernel: [    0.341790] acpi PNP0A03:00: fail to add MMCONFIG information, can't access extended PCI configuration space under this bridge.
Nov  2 03:11:21 matty kernel: [    0.342865] PCI host bridge to bus 0000:00
Nov  2 03:11:21 matty kernel: [    0.343225] pci_bus 0000:00: root bus resource [io  0x0000-0x0cf7 window]
Nov  2 03:11:21 matty kernel: [    0.343673] pci_bus 0000:00: root bus resource [io  0x0d00-0xffff window]
Nov  2 03:11:21 matty kernel: [    0.344105] pci_bus 0000:00: root bus resource [mem 0x000a0000-0x000bffff window]
Nov  2 03:11:21 matty kernel: [    0.344807] pci_bus 0000:00: root bus resource [mem 0x40000000-0xfdffffff window]
Nov  2 03:11:21 matty kernel: [    0.345469] pci_bus 0000:00: root bus resource [bus 00-ff]
Nov  2 03:11:21 matty kernel: [    0.345908] pci 0000:00:00.0: [8086:1237] type 00 class 0x060000
Nov  2 03:11:21 matty kernel: [    0.346515] pci 0000:00:01.0: [8086:7000] type 00 class 0x060100
Nov  2 03:11:21 matty kernel: [    0.347218] pci 0000:00:01.1: [8086:7111] type 00 class 0x01018a
Nov  2 03:11:21 matty kernel: [    0.347673] pci 0000:00:01.1: reg 0x20: [io  0xd000-0xd00f]
Nov  2 03:11:21 matty kernel: [    0.347855] pci 0000:00:01.1: legacy IDE quirk: reg 0x10: [io  0x01f0-0x01f7]
Nov  2 03:11:21 matty kernel: [    0.348313] pci 0000:00:01.1: legacy IDE quirk: reg 0x14: [io  0x03f6]
Nov  2 03:11:21 matty kernel: [    0.348746] pci 0000:00:01.1: legacy IDE quirk: reg 0x18: [io  0x0170-0x0177]
Nov  2 03:11:21 matty kernel: [    0.349230] pci 0000:00:01.1: legacy IDE quirk: reg 0x1c: [io  0x0376]
Nov  2 03:11:21 matty kernel: [    0.349928] pci 0000:00:02.0: [15ad:0405] type 00 class 0x030000
Nov  2 03:11:21 matty kernel: [    0.351189] pci 0000:00:02.0: reg 0x10: [io  0xd010-0xd01f]
Nov  2 03:11:21 matty kernel: [    0.352310] pci 0000:00:02.0: reg 0x14: [mem 0xf0000000-0xf0ffffff]
Nov  2 03:11:21 matty kernel: [    0.352921] pci 0000:00:02.0: reg 0x18: [mem 0xf1000000-0xf11fffff]
Nov  2 03:11:21 matty kernel: [    0.355350] pci 0000:00:03.0: [8086:100e] type 00 class 0x020000
Nov  2 03:11:21 matty kernel: [    0.355798] pci 0000:00:03.0: reg 0x10: [mem 0xf1200000-0xf121ffff]
Nov  2 03:11:21 matty kernel: [    0.356995] pci 0000:00:03.0: reg 0x18: [io  0xd020-0xd027]
Nov  2 03:11:21 matty kernel: [    0.358929] pci 0000:00:04.0: [80ee:cafe] type 00 class 0x088000
Nov  2 03:11:21 matty kernel: [    0.359323] pci 0000:00:04.0: reg 0x10: [io  0xd040-0xd05f]
Nov  2 03:11:21 matty kernel: [    0.359635] pci 0000:00:04.0: reg 0x14: [mem 0xf1400000-0xf17fffff]
Nov  2 03:11:21 matty kernel: [    0.359931] pci 0000:00:04.0: reg 0x18: [mem 0xf1800000-0xf1803fff pref]
Nov  2 03:11:21 matty kernel: [    0.361342] pci 0000:00:05.0: [8086:2415] type 00 class 0x040100
Nov  2 03:11:21 matty kernel: [    0.361481] pci 0000:00:05.0: reg 0x10: [io  0xd100-0xd1ff]
Nov  2 03:11:21 matty kernel: [    0.361569] pci 0000:00:05.0: reg 0x14: [io  0xd200-0xd23f]
Nov  2 03:11:21 matty kernel: [    0.362259] pci 0000:00:06.0: [106b:003f] type 00 class 0x0c0310
Nov  2 03:11:21 matty kernel: [    0.362712] pci 0000:00:06.0: reg 0x10: [mem 0xf1804000-0xf1804fff]
Nov  2 03:11:21 matty kernel: [    0.364827] pci 0000:00:07.0: [8086:7113] type 00 class 0x068000
Nov  2 03:11:21 matty kernel: [    0.365258] pci 0000:00:07.0: quirk: [io  0x4000-0x403f] claimed by PIIX4 ACPI
Nov  2 03:11:21 matty kernel: [    0.366083] pci 0000:00:07.0: quirk: [io  0x4100-0x410f] claimed by PIIX4 SMB
Nov  2 03:11:21 matty kernel: [    0.366815] pci 0000:00:0b.0: [8086:265c] type 00 class 0x0c0320
Nov  2 03:11:21 matty kernel: [    0.367473] pci 0000:00:0b.0: reg 0x10: [mem 0xf1805000-0xf1805fff]
Nov  2 03:11:21 matty kernel: [    0.369668] pci 0000:00:0d.0: [8086:2829] type 00 class 0x010601
Nov  2 03:11:21 matty kernel: [    0.370093] pci 0000:00:0d.0: reg 0x10: [io  0xd240-0xd247]
Nov  2 03:11:21 matty kernel: [    0.370379] pci 0000:00:0d.0: reg 0x14: [io  0xd248-0xd24b]
Nov  2 03:11:21 matty kernel: [    0.370675] pci 0000:00:0d.0: reg 0x18: [io  0xd250-0xd257]
Nov  2 03:11:21 matty kernel: [    0.370940] pci 0000:00:0d.0: reg 0x1c: [io  0xd258-0xd25b]
Nov  2 03:11:21 matty kernel: [    0.371201] pci 0000:00:0d.0: reg 0x20: [io  0xd260-0xd26f]
Nov  2 03:11:21 matty kernel: [    0.371466] pci 0000:00:0d.0: reg 0x24: [mem 0xf1806000-0xf1807fff]
Nov  2 03:11:21 matty kernel: [    0.373120] ACPI: PCI Interrupt Link [LNKA] (IRQs 5 9 10 *11)
Nov  2 03:11:21 matty kernel: [    0.374059] ACPI: PCI Interrupt Link [LNKB] (IRQs 5 9 *10 11)
Nov  2 03:11:21 matty kernel: [    0.374848] ACPI: PCI Interrupt Link [LNKC] (IRQs 5 *9 10 11)
Nov  2 03:11:21 matty kernel: [    0.375679] ACPI: PCI Interrupt Link [LNKD] (IRQs 5 9 10 *11)
Nov  2 03:11:21 matty kernel: [    0.386550] ACPI: Enabled 2 GPEs in block 00 to 07
Nov  2 03:11:21 matty kernel: [    0.387144] vgaarb: setting as boot device: PCI:0000:00:02.0
Nov  2 03:11:21 matty kernel: [    0.387561] vgaarb: device added: PCI:0000:00:02.0,decodes=io+mem,owns=io+mem,locks=none
Nov  2 03:11:21 matty kernel: [    0.388228] vgaarb: loaded
Nov  2 03:11:21 matty kernel: [    0.388566] vgaarb: bridge control possible 0000:00:02.0
